Archive member included to satisfy reference by file (symbol)

/opt/st/stm32cubeide_1.17.0/plugins/com.st.stm32cube.ide.mcu.externaltools.gnu-tools-for-stm32.12.3.rel1.linux64_1.1.0.202410170702/tools/bin/../lib/gcc/arm-none-eabi/12.3.1/../../../../arm-none-eabi/lib/thumb/v8-m.main+fp/hard/libstdc++_nano.a(del_ops.o)
                              ./Core/Src/Drivers/Adc.o (operator delete(void*, unsigned int))
/opt/st/stm32cubeide_1.17.0/plugins/com.st.stm32cube.ide.mcu.externaltools.gnu-tools-for-stm32.12.3.rel1.linux64_1.1.0.202410170702/tools/bin/../lib/gcc/arm-none-eabi/12.3.1/../../../../arm-none-eabi/lib/thumb/v8-m.main+fp/hard/libstdc++_nano.a(del_op.o)
                              /opt/st/stm32cubeide_1.17.0/plugins/com.st.stm32cube.ide.mcu.externaltools.gnu-tools-for-stm32.12.3.rel1.linux64_1.1.0.202410170702/tools/bin/../lib/gcc/arm-none-eabi/12.3.1/../../../../arm-none-eabi/lib/thumb/v8-m.main+fp/hard/libstdc++_nano.a(del_ops.o) (operator delete(void*))
/opt/st/stm32cubeide_1.17.0/plugins/com.st.stm32cube.ide.mcu.externaltools.gnu-tools-for-stm32.12.3.rel1.linux64_1.1.0.202410170702/tools/bin/../lib/gcc/arm-none-eabi/12.3.1/../../../../arm-none-eabi/lib/thumb/v8-m.main+fp/hard/libc_nano.a(libc_a-exit.o)
                              /opt/st/stm32cubeide_1.17.0/plugins/com.st.stm32cube.ide.mcu.externaltools.gnu-tools-for-stm32.12.3.rel1.linux64_1.1.0.202410170702/tools/bin/../lib/gcc/arm-none-eabi/12.3.1/../../../../arm-none-eabi/lib/thumb/v8-m.main+fp/hard/crt0.o (exit)
/opt/st/stm32cubeide_1.17.0/plugins/com.st.stm32cube.ide.mcu.externaltools.gnu-tools-for-stm32.12.3.rel1.linux64_1.1.0.202410170702/tools/bin/../lib/gcc/arm-none-eabi/12.3.1/../../../../arm-none-eabi/lib/thumb/v8-m.main+fp/hard/libc_nano.a(libc_a-malloc.o)
                              /opt/st/stm32cubeide_1.17.0/plugins/com.st.stm32cube.ide.mcu.externaltools.gnu-tools-for-stm32.12.3.rel1.linux64_1.1.0.202410170702/tools/bin/../lib/gcc/arm-none-eabi/12.3.1/../../../../arm-none-eabi/lib/thumb/v8-m.main+fp/hard/libstdc++_nano.a(del_op.o) (free)
/opt/st/stm32cubeide_1.17.0/plugins/com.st.stm32cube.ide.mcu.externaltools.gnu-tools-for-stm32.12.3.rel1.linux64_1.1.0.202410170702/tools/bin/../lib/gcc/arm-none-eabi/12.3.1/../../../../arm-none-eabi/lib/thumb/v8-m.main+fp/hard/libc_nano.a(libc_a-mallocr.o)
                              /opt/st/stm32cubeide_1.17.0/plugins/com.st.stm32cube.ide.mcu.externaltools.gnu-tools-for-stm32.12.3.rel1.linux64_1.1.0.202410170702/tools/bin/../lib/gcc/arm-none-eabi/12.3.1/../../../../arm-none-eabi/lib/thumb/v8-m.main+fp/hard/libc_nano.a(libc_a-malloc.o) (_malloc_r)
/opt/st/stm32cubeide_1.17.0/plugins/com.st.stm32cube.ide.mcu.externaltools.gnu-tools-for-stm32.12.3.rel1.linux64_1.1.0.202410170702/tools/bin/../lib/gcc/arm-none-eabi/12.3.1/../../../../arm-none-eabi/lib/thumb/v8-m.main+fp/hard/libc_nano.a(libc_a-mlock.o)
                              /opt/st/stm32cubeide_1.17.0/plugins/com.st.stm32cube.ide.mcu.externaltools.gnu-tools-for-stm32.12.3.rel1.linux64_1.1.0.202410170702/tools/bin/../lib/gcc/arm-none-eabi/12.3.1/../../../../arm-none-eabi/lib/thumb/v8-m.main+fp/hard/libc_nano.a(libc_a-mallocr.o) (__malloc_lock)
/opt/st/stm32cubeide_1.17.0/plugins/com.st.stm32cube.ide.mcu.externaltools.gnu-tools-for-stm32.12.3.rel1.linux64_1.1.0.202410170702/tools/bin/../lib/gcc/arm-none-eabi/12.3.1/../../../../arm-none-eabi/lib/thumb/v8-m.main+fp/hard/libc_nano.a(libc_a-findfp.o)
                              /opt/st/stm32cubeide_1.17.0/plugins/com.st.stm32cube.ide.mcu.externaltools.gnu-tools-for-stm32.12.3.rel1.linux64_1.1.0.202410170702/tools/bin/../lib/gcc/arm-none-eabi/12.3.1/../../../../arm-none-eabi/lib/thumb/v8-m.main+fp/hard/libc_nano.a(libc_a-exit.o) (__stdio_exit_handler)
/opt/st/stm32cubeide_1.17.0/plugins/com.st.stm32cube.ide.mcu.externaltools.gnu-tools-for-stm32.12.3.rel1.linux64_1.1.0.202410170702/tools/bin/../lib/gcc/arm-none-eabi/12.3.1/../../../../arm-none-eabi/lib/thumb/v8-m.main+fp/hard/libc_nano.a(libc_a-fwalk.o)
                              /opt/st/stm32cubeide_1.17.0/plugins/com.st.stm32cube.ide.mcu.externaltools.gnu-tools-for-stm32.12.3.rel1.linux64_1.1.0.202410170702/tools/bin/../lib/gcc/arm-none-eabi/12.3.1/../../../../arm-none-eabi/lib/thumb/v8-m.main+fp/hard/libc_nano.a(libc_a-findfp.o) (_fwalk_sglue)
/opt/st/stm32cubeide_1.17.0/plugins/com.st.stm32cube.ide.mcu.externaltools.gnu-tools-for-stm32.12.3.rel1.linux64_1.1.0.202410170702/tools/bin/../lib/gcc/arm-none-eabi/12.3.1/../../../../arm-none-eabi/lib/thumb/v8-m.main+fp/hard/libc_nano.a(libc_a-stdio.o)
                              /opt/st/stm32cubeide_1.17.0/plugins/com.st.stm32cube.ide.mcu.externaltools.gnu-tools-for-stm32.12.3.rel1.linux64_1.1.0.202410170702/tools/bin/../lib/gcc/arm-none-eabi/12.3.1/../../../../arm-none-eabi/lib/thumb/v8-m.main+fp/hard/libc_nano.a(libc_a-findfp.o) (__sread)
[...]
Memory Configuration

Name             Origin             Length             Attributes
RAM              0x20000000         0x00040000         xrw
SRAM4            0x28000000         0x00004000         xrw
FLASH            0x08000000         0x00080000         xr
*default*        0x00000000         0xffffffff

Linker script and memory map

LOAD /opt/st/stm32cubeide_1.17.0/plugins/com.st.stm32cube.ide.mcu.externaltools.gnu-tools-for-stm32.12.3.rel1.linux64_1.1.0.202410170702/tools/bin/../lib/gcc/arm-none-eabi/12.3.1/thumb/v8-m.main+fp/hard/crti.o
LOAD /opt/st/stm32cubeide_1.17.0/plugins/com.st.stm32cube.ide.mcu.externaltools.gnu-tools-for-stm32.12.3.rel1.linux64_1.1.0.202410170702/tools/bin/../lib/gcc/arm-none-eabi/12.3.1/thumb/v8-m.main+fp/hard/crtbegin.o
LOAD /opt/st/stm32cubeide_1.17.0/plugins/com.st.stm32cube.ide.mcu.externaltools.gnu-tools-for-stm32.12.3.rel1.linux64_1.1.0.202410170702/tools/bin/../lib/gcc/arm-none-eabi/12.3.1/../../../../arm-none-eabi/lib/thumb/v8-m.main+fp/hard/crt0.o
LOAD ./Core/Src/Drivers/Adc.o
LOAD ./Core/Src/Tasks/Task.o
LOAD ./Core/Src/main.o
LOAD ./Core/Src/stm32u5xx_hal_msp.o
LOAD ./Core/Src/stm32u5xx_hal_timebase_tim.o
LOAD ./Core/Src/stm32u5xx_it.o
LOAD ./Core/Src/syscalls.o
LOAD ./Core/Src/sysmem.o
LOAD ./Core/Src/system_stm32u5xx.o
LOAD ./Core/Startup/startup_stm32u545retxq.o
LOAD ./Drivers/STM32U5xx_HAL_Driver/Src/stm32u5xx_hal.o
LOAD ./Drivers/STM32U5xx_HAL_Driver/Src/stm32u5xx_hal_adc.o
LOAD ./Drivers/STM32U5xx_HAL_Driver/Src/stm32u5xx_hal_adc_ex.o
LOAD ./Drivers/STM32U5xx_HAL_Driver/Src/stm32u5xx_hal_cortex.o
LOAD ./Drivers/STM32U5xx_HAL_Driver/Src/stm32u5xx_hal_dcache.o
LOAD ./Drivers/STM32U5xx_HAL_Driver/Src/stm32u5xx_hal_dma.o
LOAD ./Drivers/STM32U5xx_HAL_Driver/Src/stm32u5xx_hal_dma_ex.o
LOAD ./Drivers/STM32U5xx_HAL_Driver/Src/stm32u5xx_hal_exti.o
LOAD ./Drivers/STM32U5xx_HAL_Driver/Src/stm32u5xx_hal_flash.o
LOAD ./Drivers/STM32U5xx_HAL_Driver/Src/stm32u5xx_hal_flash_ex.o
LOAD ./Drivers/STM32U5xx_HAL_Driver/Src/stm32u5xx_hal_gpio.o
LOAD ./Drivers/STM32U5xx_HAL_Driver/Src/stm32u5xx_hal_gtzc.o
LOAD ./Drivers/STM32U5xx_HAL_Driver/Src/stm32u5xx_hal_i2c.o
LOAD ./Drivers/STM32U5xx_HAL_Driver/Src/stm32u5xx_hal_i2c_ex.o
LOAD ./Drivers/STM32U5xx_HAL_Driver/Src/stm32u5xx_hal_icache.o
LOAD ./Drivers/STM32U5xx_HAL_Driver/Src/stm32u5xx_hal_pwr.o
LOAD ./Drivers/STM32U5xx_HAL_Driver/Src/stm32u5xx_hal_pwr_ex.o
LOAD ./Drivers/STM32U5xx_HAL_Driver/Src/stm32u5xx_hal_rcc.o
LOAD ./Drivers/STM32U5xx_HAL_Driver/Src/stm32u5xx_hal_rcc_ex.o
LOAD ./Drivers/STM32U5xx_HAL_Driver/Src/stm32u5xx_hal_tim.o
LOAD ./Drivers/STM32U5xx_HAL_Driver/Src/stm32u5xx_hal_tim_ex.o
LOAD ./Middlewares/Third_Party/FreeRTOS/Source/CMSIS_RTOS_V2/cmsis_os2.o
LOAD ./Middlewares/Third_Party/FreeRTOS/Source/croutine.o
LOAD ./Middlewares/Third_Party/FreeRTOS/Source/event_groups.o
LOAD ./Middlewares/Third_Party/FreeRTOS/Source/list.o
LOAD ./Middlewares/Third_Party/FreeRTOS/Source/queue.o
LOAD ./Middlewares/Third_Party/FreeRTOS/Source/stream_buffer.o
LOAD ./Middlewares/Third_Party/FreeRTOS/Source/tasks.o
LOAD ./Middlewares/Third_Party/FreeRTOS/Source/timers.o
LOAD ./Middlewares/Third_Party/FreeRTOS/Source/portable/GCC/ARM_CM33_NTZ/non_secure/port.o
LOAD ./Middlewares/Third_Party/FreeRTOS/Source/portable/GCC/ARM_CM33_NTZ/non_secure/portasm.o
LOAD ./Middlewares/Third_Party/FreeRTOS/Source/portable/MemMang/heap_2.o
START GROUP
LOAD /opt/st/stm32cubeide_1.17.0/plugins/com.st.stm32cube.ide.mcu.externaltools.gnu-tools-for-stm32.12.3.rel1.linux64_1.1.0.202410170702/tools/bin/../lib/gcc/arm-none-eabi/12.3.1/../../../../arm-none-eabi/lib/thumb/v8-m.main+fp/hard/libstdc++_nano.a
LOAD /opt/st/stm32cubeide_1.17.0/plugins/com.st.stm32cube.ide.mcu.externaltools.gnu-tools-for-stm32.12.3.rel1.linux64_1.1.0.202410170702/tools/bin/../lib/gcc/arm-none-eabi/12.3.1/../../../../arm-none-eabi/lib/thumb/v8-m.main+fp/hard/libsupc++_nano.a
END GROUP
LOAD /opt/st/stm32cubeide_1.17.0/plugins/com.st.stm32cube.ide.mcu.externaltools.gnu-tools-for-stm32.12.3.rel1.linux64_1.1.0.202410170702/tools/bin/../lib/gcc/arm-none-eabi/12.3.1/../../../../arm-none-eabi/lib/thumb/v8-m.main+fp/hard/libstdc++_nano.a
LOAD /opt/st/stm32cubeide_1.17.0/plugins/com.st.stm32cube.ide.mcu.externaltools.gnu-tools-for-stm32.12.3.rel1.linux64_1.1.0.202410170702/tools/bin/../lib/gcc/arm-none-eabi/12.3.1/../../../../arm-none-eabi/lib/thumb/v8-m.main+fp/hard/libm.a
LOAD /opt/st/stm32cubeide_1.17.0/plugins/com.st.stm32cube.ide.mcu.externaltools.gnu-tools-for-stm32.12.3.rel1.linux64_1.1.0.202410170702/tools/bin/../lib/gcc/arm-none-eabi/12.3.1/../../../../arm-none-eabi/lib/thumb/v8-m.main+fp/hard/libc_nano.a
START GROUP
LOAD /opt/st/stm32cubeide_1.17.0/plugins/com.st.stm32cube.ide.mcu.externaltools.gnu-tools-for-stm32.12.3.rel1.linux64_1.1.0.202410170702/tools/bin/../lib/gcc/arm-none-eabi/12.3.1/thumb/v8-m.main+fp/hard/libgcc.a
LOAD /opt/st/stm32cubeide_1.17.0/plugins/com.st.stm32cube.ide.mcu.externaltools.gnu-tools-for-stm32.12.3.rel1.linux64_1.1.0.202410170702/tools/bin/../lib/gcc/arm-none-eabi/12.3.1/../../../../arm-none-eabi/lib/thumb/v8-m.main+fp/hard/libc_nano.a
END GROUP
START GROUP
LOAD /opt/st/stm32cubeide_1.17.0/plugins/com.st.stm32cube.ide.mcu.externaltools.gnu-tools-for-stm32.12.3.rel1.linux64_1.1.0.202410170702/tools/bin/../lib/gcc/arm-none-eabi/12.3.1/thumb/v8-m.main+fp/hard/libgcc.a
LOAD /opt/st/stm32cubeide_1.17.0/plugins/com.st.stm32cube.ide.mcu.externaltools.gnu-tools-for-stm32.12.3.rel1.linux64_1.1.0.202410170702/tools/bin/../lib/gcc/arm-none-eabi/12.3.1/../../../../arm-none-eabi/lib/thumb/v8-m.main+fp/hard/libc_nano.a
END GROUP
LOAD /opt/st/stm32cubeide_1.17.0/plugins/com.st.stm32cube.ide.mcu.externaltools.gnu-tools-for-stm32.12.3.rel1.linux64_1.1.0.202410170702/tools/bin/../lib/gcc/arm-none-eabi/12.3.1/thumb/v8-m.main+fp/hard/crtend.o
LOAD /opt/st/stm32cubeide_1.17.0/plugins/com.st.stm32cube.ide.mcu.externaltools.gnu-tools-for-stm32.12.3.rel1.linux64_1.1.0.202410170702/tools/bin/../lib/gcc/arm-none-eabi/12.3.1/thumb/v8-m.main+fp/hard/crtn.o
                0x20040000                        _estack = (ORIGIN (RAM) + LENGTH (RAM))
                0x00000200                        _Min_Heap_Size = 0x200
                0x00000400                        _Min_Stack_Size = 0x400

.isr_vector     0x08000000      0x238
 *(.isr_vector)
 .isr_vector    0x08000000      0x238 ./Core/Startup/startup_stm32u545retxq.o
                0x08000000                g_pfnVectors

.text           0x08000240     0x56ec
 *(.text)
 .text          0x08000240       0x40 /opt/st/stm32cubeide_1.17.0/plugins/com.st.stm32cube.ide.mcu.externaltools.gnu-tools-for-stm32.12.3.rel1.linux64_1.1.0.202410170702/tools/bin/../lib/gcc/arm-none-eabi/12.3.1/thumb/v8-m.main+fp/hard/crtbegin.o
 *(.text*)
 .text.main     0x08000280       0x24 ./Core/Src/main.o
                0x08000280                main
 .text.vApplicationIdleHook
                0x080002a4       0x10 ./Core/Src/main.o
                0x080002a4                vApplicationIdleHook
 .text.SystemClock_Config
                0x080002b4      0x14a ./Core/Src/main.o
                0x080002b4                SystemClock_Config
 *fill*         0x080003fe        0x2 
 .text._ZL15MX_DCACHE1_Initv
                0x08000400       0x38 ./Core/Src/main.o
 .text._ZL14MX_ICACHE_Initv
                0x08000438       0x3a ./Core/Src/main.o
 *fill*         0x08000472        0x2 
 .text._ZL12MX_GPIO_Initv
                0x08000474       0x70 ./Core/Src/main.o
 .text.HAL_TIM_PeriodElapsedCallback
                0x080004e4       0x24 ./Core/Src/main.o
                0x080004e4                HAL_TIM_PeriodElapsedCallback
 .text.Error_Handler
                0x08000508        0xc ./Core/Src/main.o
                0x08000508                Error_Handler
 .text.HAL_MspInit
                0x08000514       0x3c ./Core/Src/stm32u5xx_hal_msp.o
                0x08000514                HAL_MspInit
 .text.HAL_DCACHE_MspInit
                0x08000550       0x44 ./Core/Src/stm32u5xx_hal_msp.o
                0x08000550                HAL_DCACHE_MspInit
 .text.HAL_InitTick
                0x08000594       0xe0 ./Core/Src/stm32u5xx_hal_timebase_tim.o
                0x08000594                HAL_InitTick
 .text.NMI_Handler
                0x08000674        0x8 ./Core/Src/stm32u5xx_it.o
                0x08000674                NMI_Handler
 .text.HardFault_Handler
                0x0800067c        0x8 ./Core/Src/stm32u5xx_it.o
                0x0800067c                HardFault_Handler
 .text.MemManage_Handler
                0x08000684        0x8 ./Core/Src/stm32u5xx_it.o
                0x08000684                MemManage_Handler
 .text.BusFault_Handler
                0x0800068c        0x8 ./Core/Src/stm32u5xx_it.o
                0x0800068c                BusFault_Handler
 .text.UsageFault_Handler
                0x08000694        0x8 ./Core/Src/stm32u5xx_it.o
                0x08000694                UsageFault_Handler
 .text.DebugMon_Handler
                0x0800069c        0xe ./Core/Src/stm32u5xx_it.o
                0x0800069c                DebugMon_Handler
 *fill*         0x080006aa        0x2 
 .text.TIM16_IRQHandler
                0x080006ac       0x14 ./Core/Src/stm32u5xx_it.o
                0x080006ac                TIM16_IRQHandler
 .text.SystemInit
                0x080006c0       0x70 ./Core/Src/system_stm32u5xx.o
                0x080006c0                SystemInit
 .text.Reset_Handler
                0x08000730       0x50 ./Core/Startup/startup_stm32u545retxq.o
                0x08000730                Reset_Handler
 .text.Default_Handler
                0x08000780        0x2 ./Core/Startup/startup_stm32u545retxq.o
                0x08000780                EXTI2_IRQHandler
                0x08000780                TIM8_TRG_COM_IRQHandler
                0x08000780                TIM8_CC_IRQHandler
                0x08000780                EXTI5_IRQHandler
                0x08000780                FLASH_S_IRQHandler
                0x08000780                EXTI13_IRQHandler
                0x08000780                TIM1_CC_IRQHandler
                0x08000780                TSC_IRQHandler
                0x08000780                TAMP_IRQHandler
                0x08000780                TIM6_IRQHandler
                0x08000780                EXTI12_IRQHandler
                0x08000780                CORDIC_IRQHandler
                0x08000780                EXTI3_IRQHandler
                0x08000780                LPTIM4_IRQHandler
                0x08000780                GPDMA1_Channel5_IRQHandler
                0x08000780                EXTI8_IRQHandler
                0x08000780                LPTIM2_IRQHandler
                0x08000780                I2C3_ER_IRQHandler
                0x08000780                PWR_S3WU_IRQHandler
                0x08000780                LPDMA1_Channel3_IRQHandler
                0x08000780                LPTIM3_IRQHandler
                0x08000780                EXTI0_IRQHandler
                0x08000780                I2C2_EV_IRQHandler
                0x08000780                FPU_IRQHandler
                0x08000780                GPDMA1_Channel3_IRQHandler
                0x08000780                GPDMA1_Channel7_IRQHandler
                0x08000780                FDCAN1_IT1_IRQHandler
                0x08000780                RAMCFG_IRQHandler
                0x08000780                GPDMA1_Channel9_IRQHandler
                0x08000780                DCACHE1_IRQHandler
                0x08000780                SPI1_IRQHandler
                0x08000780                OCTOSPI1_IRQHandler
                0x08000780                GPDMA1_Channel2_IRQHandler
                0x08000780                TIM8_UP_IRQHandler
                0x08000780                RCC_S_IRQHandler
                0x08000780                MDF1_FLT1_IRQHandler
                0x08000780                ADC1_IRQHandler
                0x08000780                PKA_IRQHandler
                0x08000780                EXTI15_IRQHandler
                0x08000780                TIM17_IRQHandler
                0x08000780                USART3_IRQHandler
                0x08000780                RTC_IRQHandler
                0x08000780                EXTI9_IRQHandler
                0x08000780                UART5_IRQHandler
                0x08000780                TIM4_IRQHandler
                0x08000780                I2C1_EV_IRQHandler
                0x08000780                GPDMA1_Channel12_IRQHandler
                0x08000780                GPDMA1_Channel1_IRQHandler
                0x08000780                GPDMA1_Channel15_IRQHandler
                0x08000780                UART4_IRQHandler
                0x08000780                SecureFault_Handler
                0x08000780                TIM3_IRQHandler
                0x08000780                RCC_IRQHandler
                0x08000780                TIM1_TRG_COM_IRQHandler
                0x08000780                Default_Handler
                0x08000780                GPDMA1_Channel8_IRQHandler
                0x08000780                FMAC_IRQHandler
                0x08000780                OTFDEC1_IRQHandler
                0x08000780                GPDMA1_Channel11_IRQHandler
                0x08000780                TIM7_IRQHandler
                0x08000780                SDMMC1_IRQHandler
                0x08000780                SAES_IRQHandler
                0x08000780                TIM5_IRQHandler
                0x08000780                GPDMA1_Channel0_IRQHandler
                0x08000780                TIM15_IRQHandler
                0x08000780                I2C3_EV_IRQHandler
                0x08000780                USB_IRQHandler
                0x08000780                LPDMA1_Channel0_IRQHandler
                0x08000780                PVD_PVM_IRQHandler
                0x08000780                SPI2_IRQHandler
                0x08000780                LPDMA1_Channel1_IRQHandler
                0x08000780                EXTI14_IRQHandler
                0x08000780                EXTI11_IRQHandler
                0x08000780                CRS_IRQHandler
                0x08000780                GPDMA1_Channel14_IRQHandler
                0x08000780                LSECSSD_IRQHandler
                0x08000780                EXTI4_IRQHandler
                0x08000780                RTC_S_IRQHandler
                0x08000780                GPDMA1_Channel13_IRQHandler
                0x08000780                RNG_IRQHandler
                0x08000780                COMP_IRQHandler
                0x08000780                TIM1_UP_IRQHandler
                0x08000780                ADC4_IRQHandler
                0x08000780                WWDG_IRQHandler
                0x08000780                I2C4_EV_IRQHandler
                0x08000780                ADF1_IRQHandler
                0x08000780                IWDG_IRQHandler
                0x08000780                LPUART1_IRQHandler
                0x08000780                MDF1_FLT0_IRQHandler
                0x08000780                FDCAN1_IT0_IRQHandler
                0x08000780                TIM2_IRQHandler
                0x08000780                GPDMA1_Channel4_IRQHandler
                0x08000780                EXTI7_IRQHandler
                0x08000780                TIM1_BRK_IRQHandler
                0x08000780                EXTI1_IRQHandler
                0x08000780                AES_IRQHandler
                0x08000780                DAC1_IRQHandler
                0x08000780                GTZC_IRQHandler
                0x08000780                GPDMA1_Channel6_IRQHandler
                0x08000780                I2C2_ER_IRQHandler
                0x08000780                TIM8_BRK_IRQHandler
                0x08000780                FLASH_IRQHandler
                0x08000780                USART1_IRQHandler
                0x08000780                EXTI10_IRQHandler
                0x08000780                SPI3_IRQHandler
                0x08000780                LPDMA1_Channel2_IRQHandler
                0x08000780                I2C1_ER_IRQHandler
                0x08000780                EXTI6_IRQHandler
                0x08000780                LPTIM1_IRQHandler
                0x08000780                DCMI_PSSI_IRQHandler
                0x08000780                I2C4_ER_IRQHandler
                0x08000780                GPDMA1_Channel10_IRQHandler
                0x08000780                ICACHE_IRQHandler
                0x08000780                SAI1_IRQHandler
                0x08000780                HASH_IRQHandler
 *fill*         0x08000782        0x2 
 .text.HAL_Init
                0x08000784       0x60 ./Drivers/STM32U5xx_HAL_Driver/Src/stm32u5xx_hal.o
                0x08000784                HAL_Init
 .text.HAL_IncTick
                0x080007e4       0x28 ./Drivers/STM32U5xx_HAL_Driver/Src/stm32u5xx_hal.o
                0x080007e4                HAL_IncTick
 .text.HAL_GetTick
                0x0800080c       0x18 ./Drivers/STM32U5xx_HAL_Driver/Src/stm32u5xx_hal.o
                0x0800080c                HAL_GetTick
 .text.__NVIC_SetPriorityGrouping
                0x08000824       0x48 ./Drivers/STM32U5xx_HAL_Driver/Src/stm32u5xx_hal_cortex.o
 .text.__NVIC_GetPriorityGrouping
                0x0800086c       0x1c ./Drivers/STM32U5xx_HAL_Driver/Src/stm32u5xx_hal_cortex.o
 .text.__NVIC_EnableIRQ
                0x08000888       0x3c ./Drivers/STM32U5xx_HAL_Driver/Src/stm32u5xx_hal_cortex.o
 .text.__NVIC_SetPriority
                0x080008c4       0x54 ./Drivers/STM32U5xx_HAL_Driver/Src/stm32u5xx_hal_cortex.o
 .text.NVIC_EncodePriority
                0x08000918       0x66 ./Drivers/STM32U5xx_HAL_Driver/Src/stm32u5xx_hal_cortex.o
 .text.HAL_NVIC_SetPriorityGrouping
                0x0800097e       0x16 ./Drivers/STM32U5xx_HAL_Driver/Src/stm32u5xx_hal_cortex.o
                0x0800097e                HAL_NVIC_SetPriorityGrouping
 .text.HAL_NVIC_SetPriority
                0x08000994       0x34 ./Drivers/STM32U5xx_HAL_Driver/Src/stm32u5xx_hal_cortex.o
                0x08000994                HAL_NVIC_SetPriority
 .text.HAL_NVIC_EnableIRQ
                0x080009c8       0x1c ./Drivers/STM32U5xx_HAL_Driver/Src/stm32u5xx_hal_cortex.o
                0x080009c8                HAL_NVIC_EnableIRQ
 .text.HAL_SYSTICK_CLKSourceConfig
                0x080009e4       0xb0 ./Drivers/STM32U5xx_HAL_Driver/Src/stm32u5xx_hal_cortex.o
                0x080009e4                HAL_SYSTICK_CLKSourceConfig
 .text.HAL_DCACHE_Init
                0x08000a94       0xa4 ./Drivers/STM32U5xx_HAL_Driver/Src/stm32u5xx_hal_dcache.o
                0x08000a94                HAL_DCACHE_Init
 .text.HAL_DCACHE_Enable
                0x08000b38       0x4e ./Drivers/STM32U5xx_HAL_Driver/Src/stm32u5xx_hal_dcache.o
                0x08000b38                HAL_DCACHE_Enable
 .text.HAL_DCACHE_CleanByAddrCallback
                0x08000b86       0x14 ./Drivers/STM32U5xx_HAL_Driver/Src/stm32u5xx_hal_dcache.o
                0x08000b86                HAL_DCACHE_CleanByAddrCallback
 .text.HAL_DCACHE_InvalidateByAddrCallback
                0x08000b9a       0x14 ./Drivers/STM32U5xx_HAL_Driver/Src/stm32u5xx_hal_dcache.o
                0x08000b9a                HAL_DCACHE_InvalidateByAddrCallback
 .text.HAL_DCACHE_CleanAndInvalidateByAddrCallback
                0x08000bae       0x14 ./Drivers/STM32U5xx_HAL_Driver/Src/stm32u5xx_hal_dcache.o
                0x08000bae                HAL_DCACHE_CleanAndInvalidateByAddrCallback
 .text.HAL_DCACHE_InvalidateCompleteCallback
                0x08000bc2       0x14 ./Drivers/STM32U5xx_HAL_Driver/Src/stm32u5xx_hal_dcache.o
                0x08000bc2                HAL_DCACHE_InvalidateCompleteCallback
 .text.HAL_DCACHE_ErrorCallback
                0x08000bd6       0x14 ./Drivers/STM32U5xx_HAL_Driver/Src/stm32u5xx_hal_dcache.o
                0x08000bd6                HAL_DCACHE_ErrorCallback
 *fill*         0x08000bea        0x2 
 .text.HAL_ICACHE_ConfigAssociativityMode
                0x08000bec       0x40 ./Drivers/STM32U5xx_HAL_Driver/Src/stm32u5xx_hal_icache.o
                0x08000bec                HAL_ICACHE_ConfigAssociativityMode
 .text.HAL_ICACHE_Enable
                0x08000c2c       0x20 ./Drivers/STM32U5xx_HAL_Driver/Src/stm32u5xx_hal_icache.o
                0x08000c2c                HAL_ICACHE_Enable
 .text.HAL_PWREx_ControlVoltageScaling
                0x08000c4c       0xfc ./Drivers/STM32U5xx_HAL_Driver/Src/stm32u5xx_hal_pwr_ex.o
                0x08000c4c                HAL_PWREx_ControlVoltageScaling
 .text.HAL_PWREx_GetVoltageRange
                0x08000d48       0x1c ./Drivers/STM32U5xx_HAL_Driver/Src/stm32u5xx_hal_pwr_ex.o
                0x08000d48                HAL_PWREx_GetVoltageRange
 .text.HAL_RCC_OscConfig
                0x08000d64      0xdb8 ./Drivers/STM32U5xx_HAL_Driver/Src/stm32u5xx_hal_rcc.o
                0x08000d64                HAL_RCC_OscConfig
 .text.HAL_RCC_ClockConfig
                0x08001b1c      0x3e4 ./Drivers/STM32U5xx_HAL_Driver/Src/stm32u5xx_hal_rcc.o
                0x08001b1c                HAL_RCC_ClockConfig
 .text.HAL_RCC_GetSysClockFreq
                0x08001f00      0x204 ./Drivers/STM32U5xx_HAL_Driver/Src/stm32u5xx_hal_rcc.o
                0x08001f00                HAL_RCC_GetSysClockFreq
 .text.HAL_RCC_GetHCLKFreq
                0x08002104       0x34 ./Drivers/STM32U5xx_HAL_Driver/Src/stm32u5xx_hal_rcc.o
                0x08002104                HAL_RCC_GetHCLKFreq
 .text.HAL_RCC_GetPCLK2Freq
                0x08002138       0x28 ./Drivers/STM32U5xx_HAL_Driver/Src/stm32u5xx_hal_rcc.o
                0x08002138                HAL_RCC_GetPCLK2Freq
 .text.HAL_RCC_GetClockConfig
                0x08002160       0x70 ./Drivers/STM32U5xx_HAL_Driver/Src/stm32u5xx_hal_rcc.o
                0x08002160                HAL_RCC_GetClockConfig
 .text.RCC_SetFlashLatencyFromMSIRange
                0x080021d0      0x10c ./Drivers/STM32U5xx_HAL_Driver/Src/stm32u5xx_hal_rcc.o
 .text.HAL_RCCEx_PeriphCLKConfig
                0x080022dc      0xa7c ./Drivers/STM32U5xx_HAL_Driver/Src/stm32u5xx_hal_rcc_ex.o
                0x080022dc                HAL_RCCEx_PeriphCLKConfig
 .text.RCCEx_PLL2_Config
                0x08002d58      0x130 ./Drivers/STM32U5xx_HAL_Driver/Src/stm32u5xx_hal_rcc_ex.o
 .text.RCCEx_PLL3_Config
                0x08002e88      0x130 ./Drivers/STM32U5xx_HAL_Driver/Src/stm32u5xx_hal_rcc_ex.o
 .text.HAL_TIM_Base_Init
                0x08002fb8       0xae ./Drivers/STM32U5xx_HAL_Driver/Src/stm32u5xx_hal_tim.o
                0x08002fb8                HAL_TIM_Base_Init
 .text.HAL_TIM_Base_MspInit
                0x08003066       0x14 ./Drivers/STM32U5xx_HAL_Driver/Src/stm32u5xx_hal_tim.o
                0x08003066                HAL_TIM_Base_MspInit
 *fill*         0x0800307a        0x2 
 .text.HAL_TIM_Base_Start_IT
                0x0800307c      0x140 ./Drivers/STM32U5xx_HAL_Driver/Src/stm32u5xx_hal_tim.o
                0x0800307c                HAL_TIM_Base_Start_IT
 .text.HAL_TIM_IRQHandler
                0x080031bc      0x29e ./Drivers/STM32U5xx_HAL_Driver/Src/stm32u5xx_hal_tim.o
                0x080031bc                HAL_TIM_IRQHandler
 .text.HAL_TIM_OC_DelayElapsedCallback
                0x0800345a       0x14 ./Drivers/STM32U5xx_HAL_Driver/Src/stm32u5xx_hal_tim.o
                0x0800345a                HAL_TIM_OC_DelayElapsedCallback
 .text.HAL_TIM_IC_CaptureCallback
                0x0800346e       0x14 ./Drivers/STM32U5xx_HAL_Driver/Src/stm32u5xx_hal_tim.o
                0x0800346e                HAL_TIM_IC_CaptureCallback
 .text.HAL_TIM_PWM_PulseFinishedCallback
                0x08003482       0x14 ./Drivers/STM32U5xx_HAL_Driver/Src/stm32u5xx_hal_tim.o
                0x08003482                HAL_TIM_PWM_PulseFinishedCallback
 .text.HAL_TIM_TriggerCallback
                0x08003496       0x14 ./Drivers/STM32U5xx_HAL_Driver/Src/stm32u5xx_hal_tim.o
                0x08003496                HAL_TIM_TriggerCallback
 *fill*         0x080034aa        0x2 
 .text.TIM_Base_SetConfig
                0x080034ac      0x200 ./Drivers/STM32U5xx_HAL_Driver/Src/stm32u5xx_hal_tim.o
                0x080034ac                TIM_Base_SetConfig
 .text.HAL_TIMEx_CommutCallback
                0x080036ac       0x14 ./Drivers/STM32U5xx_HAL_Driver/Src/stm32u5xx_hal_tim_ex.o
                0x080036ac                HAL_TIMEx_CommutCallback
 .text.HAL_TIMEx_BreakCallback
                0x080036c0       0x14 ./Drivers/STM32U5xx_HAL_Driver/Src/stm32u5xx_hal_tim_ex.o
                0x080036c0                HAL_TIMEx_BreakCallback
 .text.HAL_TIMEx_Break2Callback
                0x080036d4       0x14 ./Drivers/STM32U5xx_HAL_Driver/Src/stm32u5xx_hal_tim_ex.o
                0x080036d4                HAL_TIMEx_Break2Callback
 .text.HAL_TIMEx_EncoderIndexCallback
                0x080036e8       0x14 ./Drivers/STM32U5xx_HAL_Driver/Src/stm32u5xx_hal_tim_ex.o
                0x080036e8                HAL_TIMEx_EncoderIndexCallback
 .text.HAL_TIMEx_DirectionChangeCallback
                0x080036fc       0x14 ./Drivers/STM32U5xx_HAL_Driver/Src/stm32u5xx_hal_tim_ex.o
                0x080036fc                HAL_TIMEx_DirectionChangeCallback
 .text.HAL_TIMEx_IndexErrorCallback
                0x08003710       0x14 ./Drivers/STM32U5xx_HAL_Driver/Src/stm32u5xx_hal_tim_ex.o
                0x08003710                HAL_TIMEx_IndexErrorCallback
 .text.HAL_TIMEx_TransitionErrorCallback
                0x08003724       0x14 ./Drivers/STM32U5xx_HAL_Driver/Src/stm32u5xx_hal_tim_ex.o
                0x08003724                HAL_TIMEx_TransitionErrorCallback
 .text.__NVIC_SetPriority
                0x08003738       0x54 ./Middlewares/Third_Party/FreeRTOS/Source/CMSIS_RTOS_V2/cmsis_os2.o
 .text.SysTick_Handler
                0x0800378c       0x20 ./Middlewares/Third_Party/FreeRTOS/Source/CMSIS_RTOS_V2/cmsis_os2.o
                0x0800378c                SysTick_Handler
 .text.SVC_Setup
                0x080037ac       0x12 ./Middlewares/Third_Party/FreeRTOS/Source/CMSIS_RTOS_V2/cmsis_os2.o
 .text.IRQ_Context
                0x080037be       0x4e ./Middlewares/Third_Party/FreeRTOS/Source/CMSIS_RTOS_V2/cmsis_os2.o
 .text.osKernelInitialize
                0x0800380c       0x4c ./Middlewares/Third_Party/FreeRTOS/Source/CMSIS_RTOS_V2/cmsis_os2.o
                0x0800380c                osKernelInitialize
 .text.osKernelStart
                0x08003858       0x54 ./Middlewares/Third_Party/FreeRTOS/Source/CMSIS_RTOS_V2/cmsis_os2.o
                0x08003858                osKernelStart
 .text.vApplicationGetIdleTaskMemory
                0x080038ac       0x34 ./Middlewares/Third_Party/FreeRTOS/Source/CMSIS_RTOS_V2/cmsis_os2.o
                0x080038ac                vApplicationGetIdleTaskMemory
 .text.vApplicationGetTimerTaskMemory
                0x080038e0       0x34 ./Middlewares/Third_Party/FreeRTOS/Source/CMSIS_RTOS_V2/cmsis_os2.o
                0x080038e0                vApplicationGetTimerTaskMemory
 .text.vListInitialise
                0x08003914       0x40 ./Middlewares/Third_Party/FreeRTOS/Source/list.o
                0x08003914                vListInitialise
 .text.vListInitialiseItem
                0x08003954       0x1a ./Middlewares/Third_Party/FreeRTOS/Source/list.o
                0x08003954                vListInitialiseItem
 .text.vListInsert
                0x0800396e       0x72 ./Middlewares/Third_Party/FreeRTOS/Source/list.o
                0x0800396e                vListInsert
 .text.uxListRemove
                0x080039e0       0x54 ./Middlewares/Third_Party/FreeRTOS/Source/list.o
                0x080039e0                uxListRemove
 .text.xQueueGenericReset
                0x08003a34       0xf2 ./Middlewares/Third_Party/FreeRTOS/Source/queue.o
                0x08003a34                xQueueGenericReset
 .text.xQueueGenericCreateStatic
                0x08003b26       0x92 ./Middlewares/Third_Party/FreeRTOS/Source/queue.o
                0x08003b26                xQueueGenericCreateStatic
 .text.prvInitialiseNewQueue
                0x08003bb8       0x46 ./Middlewares/Third_Party/FreeRTOS/Source/queue.o
 .text.xQueueReceive
                0x08003bfe      0x178 ./Middlewares/Third_Party/FreeRTOS/Source/queue.o
                0x08003bfe                xQueueReceive
 .text.prvCopyDataFromQueue
                0x08003d76       0x4c ./Middlewares/Third_Party/FreeRTOS/Source/queue.o
 .text.prvUnlockQueue
                0x08003dc2       0xa4 ./Middlewares/Third_Party/FreeRTOS/Source/queue.o
 .text.prvIsQueueEmpty
                0x08003e66       0x2c ./Middlewares/Third_Party/FreeRTOS/Source/queue.o
 *fill*         0x08003e92        0x2 
 .text.vQueueAddToRegistry
                0x08003e94       0x8c ./Middlewares/Third_Party/FreeRTOS/Source/queue.o
                0x08003e94                vQueueAddToRegistry
 .text.vQueueWaitForMessageRestricted
                0x08003f20       0x68 ./Middlewares/Third_Party/FreeRTOS/Source/queue.o
                0x08003f20                vQueueWaitForMessageRestricted
 .text.xTaskCreateStatic
                0x08003f88       0x9a ./Middlewares/Third_Party/FreeRTOS/Source/tasks.o
                0x08003f88                xTaskCreateStatic
 .text.prvInitialiseNewTask
                0x08004022      0x104 ./Middlewares/Third_Party/FreeRTOS/Source/tasks.o
 *fill*         0x08004126        0x2 
 .text.prvAddNewTaskToReadyList
                0x08004128      0x120 ./Middlewares/Third_Party/FreeRTOS/Source/tasks.o
 .text.vTaskStartScheduler
                0x08004248       0xb8 ./Middlewares/Third_Party/FreeRTOS/Source/tasks.o
                0x08004248                vTaskStartScheduler
 .text.vTaskSuspendAll
                0x08004300       0x1c ./Middlewares/Third_Party/FreeRTOS/Source/tasks.o
                0x08004300                vTaskSuspendAll
 .text.xTaskResumeAll
                0x0800431c      0x1dc ./Middlewares/Third_Party/FreeRTOS/Source/tasks.o
                0x0800431c                xTaskResumeAll
 .text.xTaskGetTickCount
                0x080044f8       0x20 ./Middlewares/Third_Party/FreeRTOS/Source/tasks.o
                0x080044f8                xTaskGetTickCount
 .text.xTaskIncrementTick
                0x08004518      0x220 ./Middlewares/Third_Party/FreeRTOS/Source/tasks.o
                0x08004518                xTaskIncrementTick
 .text.vTaskSwitchContext
                0x08004738       0xa8 ./Middlewares/Third_Party/FreeRTOS/Source/tasks.o
                0x08004738                vTaskSwitchContext
 .text.vTaskPlaceOnEventList
                0x080047e0       0x3c ./Middlewares/Third_Party/FreeRTOS/Source/tasks.o
                0x080047e0                vTaskPlaceOnEventList
 .text.vTaskPlaceOnEventListRestricted
                0x0800481c       0x7c ./Middlewares/Third_Party/FreeRTOS/Source/tasks.o
                0x0800481c                vTaskPlaceOnEventListRestricted
 .text.xTaskRemoveFromEventList
                0x08004898      0x19c ./Middlewares/Third_Party/FreeRTOS/Source/tasks.o
                0x08004898                xTaskRemoveFromEventList
 .text.vTaskInternalSetTimeOutState
                0x08004a34       0x2c ./Middlewares/Third_Party/FreeRTOS/Source/tasks.o
                0x08004a34                vTaskInternalSetTimeOutState
 .text.xTaskCheckForTimeOut
                0x08004a60       0xb0 ./Middlewares/Third_Party/FreeRTOS/Source/tasks.o
                0x08004a60                xTaskCheckForTimeOut
 .text.vTaskMissedYield
                0x08004b10       0x18 ./Middlewares/Third_Party/FreeRTOS/Source/tasks.o
                0x08004b10                vTaskMissedYield
 .text.prvIdleTask
                0x08004b28       0x24 ./Middlewares/Third_Party/FreeRTOS/Source/tasks.o
 .text.prvInitialiseTaskLists
                0x08004b4c       0x80 ./Middlewares/Third_Party/FreeRTOS/Source/tasks.o
 .text.prvCheckTasksWaitingTermination
                0x08004bcc       0x5c ./Middlewares/Third_Party/FreeRTOS/Source/tasks.o
 .text.prvDeleteTCB
                0x08004c28       0x50 ./Middlewares/Third_Party/FreeRTOS/Source/tasks.o
 .text.prvResetNextTaskUnblockTime
                0x08004c78       0x38 ./Middlewares/Third_Party/FreeRTOS/Source/tasks.o
 .text.xTaskGetSchedulerState
                0x08004cb0       0x3c ./Middlewares/Third_Party/FreeRTOS/Source/tasks.o
                0x08004cb0                xTaskGetSchedulerState
 .text.prvAddCurrentTaskToDelayedList
                0x08004cec       0xdc ./Middlewares/Third_Party/FreeRTOS/Source/tasks.o
 .text.xTimerCreateTimerTask
                0x08004dc8       0x80 ./Middlewares/Third_Party/FreeRTOS/Source/timers.o
                0x08004dc8                xTimerCreateTimerTask
 .text.prvReloadTimer
                0x08004e48       0x42 ./Middlewares/Third_Party/FreeRTOS/Source/timers.o
 *fill*         0x08004e8a        0x2 
 .text.prvProcessExpiredTimer
                0x08004e8c       0x60 ./Middlewares/Third_Party/FreeRTOS/Source/timers.o
 .text.prvTimerTask
                0x08004eec       0x26 ./Middlewares/Third_Party/FreeRTOS/Source/timers.o
 *fill*         0x08004f12        0x2 
 .text.prvProcessTimerOrBlockTask
                0x08004f14       0x8c ./Middlewares/Third_Party/FreeRTOS/Source/timers.o
 .text.prvGetNextExpireTime
                0x08004fa0       0x48 ./Middlewares/Third_Party/FreeRTOS/Source/timers.o
 .text.prvSampleTimeNow
                0x08004fe8       0x40 ./Middlewares/Third_Party/FreeRTOS/Source/timers.o
 .text.prvInsertTimerInActiveList
                0x08005028       0x84 ./Middlewares/Third_Party/FreeRTOS/Source/timers.o
 .text.prvProcessReceivedCommands
                0x080050ac      0x19c ./Middlewares/Third_Party/FreeRTOS/Source/timers.o
 .text.prvSwitchTimerLists
                0x08005248       0x4c ./Middlewares/Third_Party/FreeRTOS/Source/timers.o
 .text.prvCheckForValidListAndQueue
                0x08005294       0x80 ./Middlewares/Third_Party/FreeRTOS/Source/timers.o
 .text.vPortSetupTimerInterrupt
                0x08005314       0x48 ./Middlewares/Third_Party/FreeRTOS/Source/portable/GCC/ARM_CM33_NTZ/non_secure/port.o
                0x08005314                vPortSetupTimerInterrupt
 .text.prvTaskExitError
                0x0800535c       0x38 ./Middlewares/Third_Party/FreeRTOS/Source/portable/GCC/ARM_CM33_NTZ/non_secure/port.o
 .text.prvSetupFPU
                0x08005394       0x30 ./Middlewares/Third_Party/FreeRTOS/Source/portable/GCC/ARM_CM33_NTZ/non_secure/port.o
 .text.vPortYield
                0x080053c4       0x24 ./Middlewares/Third_Party/FreeRTOS/Source/portable/GCC/ARM_CM33_NTZ/non_secure/port.o
                0x080053c4                vPortYield
 .text.vPortEnterCritical
                0x080053e8       0x24 ./Middlewares/Third_Party/FreeRTOS/Source/portable/GCC/ARM_CM33_NTZ/non_secure/port.o
                0x080053e8                vPortEnterCritical
 .text.vPortExitCritical
                0x0800540c       0x34 ./Middlewares/Third_Party/FreeRTOS/Source/portable/GCC/ARM_CM33_NTZ/non_secure/port.o
                0x0800540c                vPortExitCritical
 .text.xPortSysTickHandler
                0x08005440       0x30 ./Middlewares/Third_Party/FreeRTOS/Source/portable/GCC/ARM_CM33_NTZ/non_secure/port.o
                0x08005440                xPortSysTickHandler
 .text.vPortSVCHandler_C
                0x08005470       0x36 ./Middlewares/Third_Party/FreeRTOS/Source/portable/GCC/ARM_CM33_NTZ/non_secure/port.o
                0x08005470                vPortSVCHandler_C
 *fill*         0x080054a6        0x2 
 .text.pxPortInitialiseStack
                0x080054a8      0x114 ./Middlewares/Third_Party/FreeRTOS/Source/portable/GCC/ARM_CM33_NTZ/non_secure/port.o
                0x080054a8                pxPortInitialiseStack
 .text.xPortStartScheduler
                0x080055bc       0xf4 ./Middlewares/Third_Party/FreeRTOS/Source/portable/GCC/ARM_CM33_NTZ/non_secure/port.o
                0x080055bc                xPortStartScheduler
 .text.vRestoreContextOfFirstTask
                0x080056b0       0x38 ./Middlewares/Third_Party/FreeRTOS/Source/portable/GCC/ARM_CM33_NTZ/non_secure/portasm.o
                0x080056b0                vRestoreContextOfFirstTask
 *fill*         0x080056e8        0x8 
 .text.vStartFirstTask
                0x080056f0       0x28 ./Middlewares/Third_Party/FreeRTOS/Source/portable/GCC/ARM_CM33_NTZ/non_secure/portasm.o
                0x080056f0                vStartFirstTask
 .text.ulSetInterruptMask
                0x08005718       0x1a ./Middlewares/Third_Party/FreeRTOS/Source/portable/GCC/ARM_CM33_NTZ/non_secure/portasm.o
                0x08005718                ulSetInterruptMask
 .text.vClearInterruptMask
                0x08005732       0x10 ./Middlewares/Third_Party/FreeRTOS/Source/portable/GCC/ARM_CM33_NTZ/non_secure/portasm.o
                0x08005732                vClearInterruptMask
 *fill*         0x08005742        0xe 
 .text.PendSV_Handler
                0x08005750       0x68 ./Middlewares/Third_Party/FreeRTOS/Source/portable/GCC/ARM_CM33_NTZ/non_secure/portasm.o
                0x08005750                PendSV_Handler
 *fill*         0x080057b8        0x8 
 .text.SVC_Handler
                0x080057c0       0x28 ./Middlewares/Third_Party/FreeRTOS/Source/portable/GCC/ARM_CM33_NTZ/non_secure/portasm.o
                0x080057c0                SVC_Handler
 .text.vPortFree
                0x080057e8       0xb8 ./Middlewares/Third_Party/FreeRTOS/Source/portable/MemMang/heap_2.o
                0x080057e8                vPortFree
 .text.memset   0x080058a0       0x10 /opt/st/stm32cubeide_1.17.0/plugins/com.st.stm32cube.ide.mcu.externaltools.gnu-tools-for-stm32.12.3.rel1.linux64_1.1.0.202410170702/tools/bin/../lib/gcc/arm-none-eabi/12.3.1/../../../../arm-none-eabi/lib/thumb/v8-m.main+fp/hard/libc_nano.a(libc_a-memset.o)
                0x080058a0                memset
 .text.__libc_init_array
                0x080058b0       0x48 /opt/st/stm32cubeide_1.17.0/plugins/com.st.stm32cube.ide.mcu.externaltools.gnu-tools-for-stm32.12.3.rel1.linux64_1.1.0.202410170702/tools/bin/../lib/gcc/arm-none-eabi/12.3.1/../../../../arm-none-eabi/lib/thumb/v8-m.main+fp/hard/libc_nano.a(libc_a-init.o)
                0x080058b0                __libc_init_array
 .text.memcpy   0x080058f8       0x1a /opt/st/stm32cubeide_1.17.0/plugins/com.st.stm32cube.ide.mcu.externaltools.gnu-tools-for-stm32.12.3.rel1.linux64_1.1.0.202410170702/tools/bin/../lib/gcc/arm-none-eabi/12.3.1/../../../../arm-none-eabi/lib/thumb/v8-m.main+fp/hard/libc_nano.a(libc_a-memcpy-stub.o)
                0x080058f8                memcpy
 *(.glue_7)
 .glue_7        0x08005912        0x0 linker stubs
 *(.glue_7t)
 .glue_7t       0x08005912        0x0 linker stubs
 *(.eh_frame)
 *fill*         0x08005912        0x2 
 .eh_frame      0x08005914        0x0 /opt/st/stm32cubeide_1.17.0/plugins/com.st.stm32cube.ide.mcu.externaltools.gnu-tools-for-stm32.12.3.rel1.linux64_1.1.0.202410170702/tools/bin/../lib/gcc/arm-none-eabi/12.3.1/thumb/v8-m.main+fp/hard/crtbegin.o
 *(.init)
 .init          0x08005914        0x4 /opt/st/stm32cubeide_1.17.0/plugins/com.st.stm32cube.ide.mcu.externaltools.gnu-tools-for-stm32.12.3.rel1.linux64_1.1.0.202410170702/tools/bin/../lib/gcc/arm-none-eabi/12.3.1/thumb/v8-m.main+fp/hard/crti.o
                0x08005914                _init
 .init          0x08005918        0x8 /opt/st/stm32cubeide_1.17.0/plugins/com.st.stm32cube.ide.mcu.externaltools.gnu-tools-for-stm32.12.3.rel1.linux64_1.1.0.202410170702/tools/bin/../lib/gcc/arm-none-eabi/12.3.1/thumb/v8-m.main+fp/hard/crtn.o
 *(.fini)
 .fini          0x08005920        0x4 /opt/st/stm32cubeide_1.17.0/plugins/com.st.stm32cube.ide.mcu.externaltools.gnu-tools-for-stm32.12.3.rel1.linux64_1.1.0.202410170702/tools/bin/../lib/gcc/arm-none-eabi/12.3.1/thumb/v8-m.main+fp/hard/crti.o
                0x08005920                _fini
 .fini          0x08005924        0x8 /opt/st/stm32cubeide_1.17.0/plugins/com.st.stm32cube.ide.mcu.externaltools.gnu-tools-for-stm32.12.3.rel1.linux64_1.1.0.202410170702/tools/bin/../lib/gcc/arm-none-eabi/12.3.1/thumb/v8-m.main+fp/hard/crtn.o
                0x0800592c                        _etext = .

.vfp11_veneer   0x0800592c        0x0
 .vfp11_veneer  0x0800592c        0x0 linker stubs

.v4_bx          0x0800592c        0x0
 .v4_bx         0x0800592c        0x0 linker stubs

.iplt           0x0800592c        0x0
 .iplt          0x0800592c        0x0 /opt/st/stm32cubeide_1.17.0/plugins/com.st.stm32cube.ide.mcu.externaltools.gnu-tools-for-stm32.12.3.rel1.linux64_1.1.0.202410170702/tools/bin/../lib/gcc/arm-none-eabi/12.3.1/thumb/v8-m.main+fp/hard/crtbegin.o

.rodata         0x0800592c       0x70
 *(.rodata)
 .rodata        0x0800592c        0x5 ./Middlewares/Third_Party/FreeRTOS/Source/tasks.o
 *fill*         0x08005931        0x3 
 .rodata        0x08005934        0xd ./Middlewares/Third_Party/FreeRTOS/Source/timers.o
 *(.rodata*)
 *fill*         0x08005941        0x3 
 .rodata.AHBPrescTable
                0x08005944       0x10 ./Core/Src/system_stm32u5xx.o
                0x08005944                AHBPrescTable
 .rodata.APBPrescTable
                0x08005954        0x8 ./Core/Src/system_stm32u5xx.o
                0x08005954                APBPrescTable
 .rodata.MSIRangeTable
                0x0800595c       0x40 ./Core/Src/system_stm32u5xx.o
                0x0800595c                MSIRangeTable

.ARM.extab
 *(.ARM.extab* .gnu.linkonce.armextab.*)

.ARM            0x0800599c        0x0
                0x0800599c                        __exidx_start = .
 *(.ARM.exidx*)
                0x0800599c                        __exidx_end = .

.preinit_array  0x0800599c        0x0
                0x0800599c                        PROVIDE (__preinit_array_start = .)
 *(.preinit_array*)
                0x0800599c                        PROVIDE (__preinit_array_end = .)

.init_array     0x0800599c        0x4
                0x0800599c                        PROVIDE (__init_array_start = .)
 *(SORT_BY_NAME(.init_array.*))
 *(.init_array*)
 .init_array    0x0800599c        0x4 /opt/st/stm32cubeide_1.17.0/plugins/com.st.stm32cube.ide.mcu.externaltools.gnu-tools-for-stm32.12.3.rel1.linux64_1.1.0.202410170702/tools/bin/../lib/gcc/arm-none-eabi/12.3.1/thumb/v8-m.main+fp/hard/crtbegin.o
                0x080059a0                        PROVIDE (__init_array_end = .)

.fini_array     0x080059a0        0x4
                [!provide]                        PROVIDE (__fini_array_start = .)
 *(SORT_BY_NAME(.fini_array.*))
 *(.fini_array*)
 .fini_array    0x080059a0        0x4 /opt/st/stm32cubeide_1.17.0/plugins/com.st.stm32cube.ide.mcu.externaltools.gnu-tools-for-stm32.12.3.rel1.linux64_1.1.0.202410170702/tools/bin/../lib/gcc/arm-none-eabi/12.3.1/thumb/v8-m.main+fp/hard/crtbegin.o
                [!provide]                        PROVIDE (__fini_array_end = .)
                0x080059a4                        _sidata = LOADADDR (.data)

.rel.dyn        0x080059a4        0x0
 .rel.iplt      0x080059a4        0x0 /opt/st/stm32cubeide_1.17.0/plugins/com.st.stm32cube.ide.mcu.externaltools.gnu-tools-for-stm32.12.3.rel1.linux64_1.1.0.202410170702/tools/bin/../lib/gcc/arm-none-eabi/12.3.1/thumb/v8-m.main+fp/hard/crtbegin.o

.data           0x20000000       0x18 load address 0x080059a4
                0x20000000                        _sdata = .
 *(.data)
 *(.data*)
 .data.SystemCoreClock
                0x20000000        0x4 ./Core/Src/system_stm32u5xx.o
                0x20000000                SystemCoreClock
 .data.uwTickPrio
                0x20000004        0x4 ./Drivers/STM32U5xx_HAL_Driver/Src/stm32u5xx_hal.o
                0x20000004                uwTickPrio
 .data.uwTickFreq
                0x20000008        0x1 ./Drivers/STM32U5xx_HAL_Driver/Src/stm32u5xx_hal.o
                0x20000008                uwTickFreq
 *fill*         0x20000009        0x3 
 .data.uxTopUsedPriority
                0x2000000c        0x4 ./Middlewares/Third_Party/FreeRTOS/Source/tasks.o
                0x2000000c                uxTopUsedPriority
 .data.ulCriticalNesting
                0x20000010        0x4 ./Middlewares/Third_Party/FreeRTOS/Source/portable/GCC/ARM_CM33_NTZ/non_secure/port.o
 .data.xFreeBytesRemaining
                0x20000014        0x4 ./Middlewares/Third_Party/FreeRTOS/Source/portable/MemMang/heap_2.o
 *(.RamFunc)
 *(.RamFunc*)
                0x20000018                        _edata = .

.igot.plt       0x20000018        0x0 load address 0x080059bc
 .igot.plt      0x20000018        0x0 /opt/st/stm32cubeide_1.17.0/plugins/com.st.stm32cube.ide.mcu.externaltools.gnu-tools-for-stm32.12.3.rel1.linux64_1.1.0.202410170702/tools/bin/../lib/gcc/arm-none-eabi/12.3.1/thumb/v8-m.main+fp/hard/crtbegin.o

.bss            0x20000018      0xbd0 load address 0x080059bc
                0x20000018                        _sbss = .
                0x20000018                        __bss_start__ = _sbss
 *(.bss)
 .bss           0x20000018       0x1c /opt/st/stm32cubeide_1.17.0/plugins/com.st.stm32cube.ide.mcu.externaltools.gnu-tools-for-stm32.12.3.rel1.linux64_1.1.0.202410170702/tools/bin/../lib/gcc/arm-none-eabi/12.3.1/thumb/v8-m.main+fp/hard/crtbegin.o
 *(.bss*)
 .bss.hdcache1  0x20000034       0x2c ./Core/Src/main.o
                0x20000034                hdcache1
 .bss.htim16    0x20000060       0x4c ./Core/Src/stm32u5xx_hal_timebase_tim.o
                0x20000060                htim16
 .bss.uwTick    0x200000ac        0x4 ./Drivers/STM32U5xx_HAL_Driver/Src/stm32u5xx_hal.o
                0x200000ac                uwTick
 .bss.KernelState
                0x200000b0        0x4 ./Middlewares/Third_Party/FreeRTOS/Source/CMSIS_RTOS_V2/cmsis_os2.o
 .bss.Idle_TCB.3
                0x200000b4       0x5c ./Middlewares/Third_Party/FreeRTOS/Source/CMSIS_RTOS_V2/cmsis_os2.o
 .bss.Idle_Stack.2
                0x20000110      0x200 ./Middlewares/Third_Party/FreeRTOS/Source/CMSIS_RTOS_V2/cmsis_os2.o
 .bss.Timer_TCB.1
                0x20000310       0x5c ./Middlewares/Third_Party/FreeRTOS/Source/CMSIS_RTOS_V2/cmsis_os2.o
 .bss.Timer_Stack.0
                0x2000036c      0x200 ./Middlewares/Third_Party/FreeRTOS/Source/CMSIS_RTOS_V2/cmsis_os2.o
 .bss.xQueueRegistry
                0x2000056c       0x40 ./Middlewares/Third_Party/FreeRTOS/Source/queue.o
                0x2000056c                xQueueRegistry
 .bss.pxCurrentTCB
                0x200005ac        0x4 ./Middlewares/Third_Party/FreeRTOS/Source/tasks.o
                0x200005ac                pxCurrentTCB
 .bss.pxReadyTasksLists
                0x200005b0      0x460 ./Middlewares/Third_Party/FreeRTOS/Source/tasks.o
 .bss.xDelayedTaskList1
                0x20000a10       0x14 ./Middlewares/Third_Party/FreeRTOS/Source/tasks.o
 .bss.xDelayedTaskList2
                0x20000a24       0x14 ./Middlewares/Third_Party/FreeRTOS/Source/tasks.o
 .bss.pxDelayedTaskList
                0x20000a38        0x4 ./Middlewares/Third_Party/FreeRTOS/Source/tasks.o
 .bss.pxOverflowDelayedTaskList
                0x20000a3c        0x4 ./Middlewares/Third_Party/FreeRTOS/Source/tasks.o
 .bss.xPendingReadyList
                0x20000a40       0x14 ./Middlewares/Third_Party/FreeRTOS/Source/tasks.o
 .bss.xTasksWaitingTermination
                0x20000a54       0x14 ./Middlewares/Third_Party/FreeRTOS/Source/tasks.o
 .bss.uxDeletedTasksWaitingCleanUp
                0x20000a68        0x4 ./Middlewares/Third_Party/FreeRTOS/Source/tasks.o
 .bss.xSuspendedTaskList
                0x20000a6c       0x14 ./Middlewares/Third_Party/FreeRTOS/Source/tasks.o
 .bss.uxCurrentNumberOfTasks
                0x20000a80        0x4 ./Middlewares/Third_Party/FreeRTOS/Source/tasks.o
 .bss.xTickCount
                0x20000a84        0x4 ./Middlewares/Third_Party/FreeRTOS/Source/tasks.o
 .bss.uxTopReadyPriority
                0x20000a88        0x4 ./Middlewares/Third_Party/FreeRTOS/Source/tasks.o
 .bss.xSchedulerRunning
                0x20000a8c        0x4 ./Middlewares/Third_Party/FreeRTOS/Source/tasks.o
 .bss.xPendedTicks
                0x20000a90        0x4 ./Middlewares/Third_Party/FreeRTOS/Source/tasks.o
 .bss.xYieldPending
                0x20000a94        0x4 ./Middlewares/Third_Party/FreeRTOS/Source/tasks.o
 .bss.xNumOfOverflows
                0x20000a98        0x4 ./Middlewares/Third_Party/FreeRTOS/Source/tasks.o
 .bss.uxTaskNumber
                0x20000a9c        0x4 ./Middlewares/Third_Party/FreeRTOS/Source/tasks.o
 .bss.xNextTaskUnblockTime
                0x20000aa0        0x4 ./Middlewares/Third_Party/FreeRTOS/Source/tasks.o
 .bss.xIdleTaskHandle
                0x20000aa4        0x4 ./Middlewares/Third_Party/FreeRTOS/Source/tasks.o
 .bss.uxSchedulerSuspended
                0x20000aa8        0x4 ./Middlewares/Third_Party/FreeRTOS/Source/tasks.o
 .bss.xActiveTimerList1
                0x20000aac       0x14 ./Middlewares/Third_Party/FreeRTOS/Source/timers.o
 .bss.xActiveTimerList2
                0x20000ac0       0x14 ./Middlewares/Third_Party/FreeRTOS/Source/timers.o
 .bss.pxCurrentTimerList
                0x20000ad4        0x4 ./Middlewares/Third_Party/FreeRTOS/Source/timers.o
 .bss.pxOverflowTimerList
                0x20000ad8        0x4 ./Middlewares/Third_Party/FreeRTOS/Source/timers.o
 .bss.xTimerQueue
                0x20000adc        0x4 ./Middlewares/Third_Party/FreeRTOS/Source/timers.o
 .bss.xTimerTaskHandle
                0x20000ae0        0x4 ./Middlewares/Third_Party/FreeRTOS/Source/timers.o
 .bss.xLastTime.2
                0x20000ae4        0x4 ./Middlewares/Third_Party/FreeRTOS/Source/timers.o
 .bss.ucStaticTimerQueueStorage.1
                0x20000ae8       0xa0 ./Middlewares/Third_Party/FreeRTOS/Source/timers.o
 .bss.xStaticTimerQueue.0
                0x20000b88       0x50 ./Middlewares/Third_Party/FreeRTOS/Source/timers.o
 .bss.ucMaxSysCallPriority
                0x20000bd8        0x1 ./Middlewares/Third_Party/FreeRTOS/Source/portable/GCC/ARM_CM33_NTZ/non_secure/port.o
 *fill*         0x20000bd9        0x3 
 .bss.ulMaxPRIGROUPValue
                0x20000bdc        0x4 ./Middlewares/Third_Party/FreeRTOS/Source/portable/GCC/ARM_CM33_NTZ/non_secure/port.o
 .bss.xStart    0x20000be0        0x8 ./Middlewares/Third_Party/FreeRTOS/Source/portable/MemMang/heap_2.o
 *(COMMON)
                0x20000be8                        _ebss = .
                0x20000be8                        __bss_end__ = _ebss

._user_heap_stack
                0x20000be8      0x600 load address 0x080059bc
                0x20000be8                        . = ALIGN (0x8)
                [!provide]                        PROVIDE (end = .)
                0x20000be8                        PROVIDE (_end = .)
                0x20000de8                        . = (. + _Min_Heap_Size)
 *fill*         0x20000be8      0x200 
                0x200011e8                        . = (. + _Min_Stack_Size)
 *fill*         0x20000de8      0x400 
                0x200011e8                        . = ALIGN (0x8)

/DISCARD/
 libc.a(*)
 libm.a(*)
 libgcc.a(*)

.ARM.attributes
                0x00000000       0x36
 *(.ARM.attributes)
 .ARM.attributes
                0x00000000       0x26 /opt/st/stm32cubeide_1.17.0/plugins/com.st.stm32cube.ide.mcu.externaltools.gnu-tools-for-stm32.12.3.rel1.linux64_1.1.0.202410170702/tools/bin/../lib/gcc/arm-none-eabi/12.3.1/thumb/v8-m.main+fp/hard/crti.o
 .ARM.attributes
                0x00000026       0x38 /opt/st/stm32cubeide_1.17.0/plugins/com.st.stm32cube.ide.mcu.externaltools.gnu-tools-for-stm32.12.3.rel1.linux64_1.1.0.202410170702/tools/bin/../lib/gcc/arm-none-eabi/12.3.1/thumb/v8-m.main+fp/hard/crtbegin.o
 .ARM.attributes
                0x0000005e       0x3a ./Core/Src/main.o
 .ARM.attributes
                0x00000098       0x3a ./Core/Src/stm32u5xx_hal_msp.o
 .ARM.attributes
                0x000000d2       0x3a ./Core/Src/stm32u5xx_hal_timebase_tim.o
 .ARM.attributes
                0x0000010c       0x3a ./Core/Src/stm32u5xx_it.o
 .ARM.attributes
                0x00000146       0x3a ./Core/Src/system_stm32u5xx.o
 .ARM.attributes
                0x00000180       0x24 ./Core/Startup/startup_stm32u545retxq.o
 .ARM.attributes
                0x000001a4       0x3a ./Drivers/STM32U5xx_HAL_Driver/Src/stm32u5xx_hal.o
 .ARM.attributes
                0x000001de       0x3a ./Drivers/STM32U5xx_HAL_Driver/Src/stm32u5xx_hal_cortex.o
 .ARM.attributes
                0x00000218       0x3a ./Drivers/STM32U5xx_HAL_Driver/Src/stm32u5xx_hal_dcache.o
 .ARM.attributes
                0x00000252       0x3a ./Drivers/STM32U5xx_HAL_Driver/Src/stm32u5xx_hal_icache.o
 .ARM.attributes
                0x0000028c       0x3a ./Drivers/STM32U5xx_HAL_Driver/Src/stm32u5xx_hal_pwr_ex.o
 .ARM.attributes
                0x000002c6       0x3a ./Drivers/STM32U5xx_HAL_Driver/Src/stm32u5xx_hal_rcc.o
 .ARM.attributes
                0x00000300       0x3a ./Drivers/STM32U5xx_HAL_Driver/Src/stm32u5xx_hal_rcc_ex.o
 .ARM.attributes
                0x0000033a       0x3a ./Drivers/STM32U5xx_HAL_Driver/Src/stm32u5xx_hal_tim.o
 .ARM.attributes
                0x00000374       0x3a ./Drivers/STM32U5xx_HAL_Driver/Src/stm32u5xx_hal_tim_ex.o
 .ARM.attributes
                0x000003ae       0x3a ./Middlewares/Third_Party/FreeRTOS/Source/CMSIS_RTOS_V2/cmsis_os2.o
 .ARM.attributes
                0x000003e8       0x3a ./Middlewares/Third_Party/FreeRTOS/Source/list.o
 .ARM.attributes
                0x00000422       0x3a ./Middlewares/Third_Party/FreeRTOS/Source/queue.o
 .ARM.attributes
                0x0000045c       0x3a ./Middlewares/Third_Party/FreeRTOS/Source/tasks.o
 .ARM.attributes
                0x00000496       0x3a ./Middlewares/Third_Party/FreeRTOS/Source/timers.o
 .ARM.attributes
                0x000004d0       0x3a ./Middlewares/Third_Party/FreeRTOS/Source/portable/GCC/ARM_CM33_NTZ/non_secure/port.o
 .ARM.attributes
                0x0000050a       0x3a ./Middlewares/Third_Party/FreeRTOS/Source/portable/GCC/ARM_CM33_NTZ/non_secure/portasm.o
 .ARM.attributes
                0x00000544       0x3a ./Middlewares/Third_Party/FreeRTOS/Source/portable/MemMang/heap_2.o
 .ARM.attributes
                0x0000057e       0x38 /opt/st/stm32cubeide_1.17.0/plugins/com.st.stm32cube.ide.mcu.externaltools.gnu-tools-for-stm32.12.3.rel1.linux64_1.1.0.202410170702/tools/bin/../lib/gcc/arm-none-eabi/12.3.1/../../../../arm-none-eabi/lib/thumb/v8-m.main+fp/hard/libc_nano.a(libc_a-memset.o)
 .ARM.attributes
                0x000005b6       0x38 /opt/st/stm32cubeide_1.17.0/plugins/com.st.stm32cube.ide.mcu.externaltools.gnu-tools-for-stm32.12.3.rel1.linux64_1.1.0.202410170702/tools/bin/../lib/gcc/arm-none-eabi/12.3.1/../../../../arm-none-eabi/lib/thumb/v8-m.main+fp/hard/libc_nano.a(libc_a-init.o)
 .ARM.attributes
                0x000005ee       0x38 /opt/st/stm32cubeide_1.17.0/plugins/com.st.stm32cube.ide.mcu.externaltools.gnu-tools-for-stm32.12.3.rel1.linux64_1.1.0.202410170702/tools/bin/../lib/gcc/arm-none-eabi/12.3.1/../../../../arm-none-eabi/lib/thumb/v8-m.main+fp/hard/libc_nano.a(libc_a-memcpy-stub.o)
 .ARM.attributes
                0x00000626       0x26 /opt/st/stm32cubeide_1.17.0/plugins/com.st.stm32cube.ide.mcu.externaltools.gnu-tools-for-stm32.12.3.rel1.linux64_1.1.0.202410170702/tools/bin/../lib/gcc/arm-none-eabi/12.3.1/thumb/v8-m.main+fp/hard/crtn.o
OUTPUT(ADC-MCU.elf elf32-littlearm)
LOAD linker stubs
LOAD /opt/st/stm32cubeide_1.17.0/plugins/com.st.stm32cube.ide.mcu.externaltools.gnu-tools-for-stm32.12.3.rel1.linux64_1.1.0.202410170702/tools/bin/../lib/gcc/arm-none-eabi/12.3.1/../../../../arm-none-eabi/lib/thumb/v8-m.main+fp/hard/libc.a
LOAD /opt/st/stm32cubeide_1.17.0/plugins/com.st.stm32cube.ide.mcu.externaltools.gnu-tools-for-stm32.12.3.rel1.linux64_1.1.0.202410170702/tools/bin/../lib/gcc/arm-none-eabi/12.3.1/../../../../arm-none-eabi/lib/thumb/v8-m.main+fp/hard/libm.a
LOAD /opt/st/stm32cubeide_1.17.0/plugins/com.st.stm32cube.ide.mcu.externaltools.gnu-tools-for-stm32.12.3.rel1.linux64_1.1.0.202410170702/tools/bin/../lib/gcc/arm-none-eabi/12.3.1/thumb/v8-m.main+fp/hard/libgcc.a

.debug_info     0x00000000    0x19d82
 .debug_info    0x00000000     0x2ad4 ./Core/Src/main.o
 .debug_info    0x00002ad4      0x94e ./Core/Src/stm32u5xx_hal_msp.o
 .debug_info    0x00003422     0x1147 ./Core/Src/stm32u5xx_hal_timebase_tim.o
 .debug_info    0x00004569      0x946 ./Core/Src/stm32u5xx_it.o
 .debug_info    0x00004eaf      0x929 ./Core/Src/system_stm32u5xx.o
 .debug_info    0x000057d8       0x30 ./Core/Startup/startup_stm32u545retxq.o
 .debug_info    0x00005808     0x110d ./Drivers/STM32U5xx_HAL_Driver/Src/stm32u5xx_hal.o
 .debug_info    0x00006915     0x1610 ./Drivers/STM32U5xx_HAL_Driver/Src/stm32u5xx_hal_cortex.o
 .debug_info    0x00007f25      0xb21 ./Drivers/STM32U5xx_HAL_Driver/Src/stm32u5xx_hal_dcache.o
 .debug_info    0x00008a46      0x4d6 ./Drivers/STM32U5xx_HAL_Driver/Src/stm32u5xx_hal_icache.o
 .debug_info    0x00008f1c      0xddc ./Drivers/STM32U5xx_HAL_Driver/Src/stm32u5xx_hal_pwr_ex.o
 .debug_info    0x00009cf8     0x114d ./Drivers/STM32U5xx_HAL_Driver/Src/stm32u5xx_hal_rcc.o
 .debug_info    0x0000ae45     0x1569 ./Drivers/STM32U5xx_HAL_Driver/Src/stm32u5xx_hal_rcc_ex.o
 .debug_info    0x0000c3ae     0x2e54 ./Drivers/STM32U5xx_HAL_Driver/Src/stm32u5xx_hal_tim.o
 .debug_info    0x0000f202     0x1efe ./Drivers/STM32U5xx_HAL_Driver/Src/stm32u5xx_hal_tim_ex.o
 .debug_info    0x00011100     0x36dd ./Middlewares/Third_Party/FreeRTOS/Source/CMSIS_RTOS_V2/cmsis_os2.o
 .debug_info    0x000147dd      0x2af ./Middlewares/Third_Party/FreeRTOS/Source/list.o
 .debug_info    0x00014a8c     0x16ac ./Middlewares/Third_Party/FreeRTOS/Source/queue.o
 .debug_info    0x00016138     0x209c ./Middlewares/Third_Party/FreeRTOS/Source/tasks.o
 .debug_info    0x000181d4     0x1318 ./Middlewares/Third_Party/FreeRTOS/Source/timers.o
 .debug_info    0x000194ec      0x3c0 ./Middlewares/Third_Party/FreeRTOS/Source/portable/GCC/ARM_CM33_NTZ/non_secure/port.o
 .debug_info    0x000198ac      0x151 ./Middlewares/Third_Party/FreeRTOS/Source/portable/GCC/ARM_CM33_NTZ/non_secure/portasm.o
 .debug_info    0x000199fd      0x385 ./Middlewares/Third_Party/FreeRTOS/Source/portable/MemMang/heap_2.o

.debug_abbrev   0x00000000     0x3531
 .debug_abbrev  0x00000000      0x3d8 ./Core/Src/main.o
 .debug_abbrev  0x000003d8      0x1a7 ./Core/Src/stm32u5xx_hal_msp.o
 .debug_abbrev  0x0000057f      0x22a ./Core/Src/stm32u5xx_hal_timebase_tim.o
 .debug_abbrev  0x000007a9      0x1af ./Core/Src/stm32u5xx_it.o
 .debug_abbrev  0x00000958      0x129 ./Core/Src/system_stm32u5xx.o
 .debug_abbrev  0x00000a81       0x24 ./Core/Startup/startup_stm32u545retxq.o
 .debug_abbrev  0x00000aa5      0x2a3 ./Drivers/STM32U5xx_HAL_Driver/Src/stm32u5xx_hal.o
 .debug_abbrev  0x00000d48      0x311 ./Drivers/STM32U5xx_HAL_Driver/Src/stm32u5xx_hal_cortex.o
 .debug_abbrev  0x00001059      0x230 ./Drivers/STM32U5xx_HAL_Driver/Src/stm32u5xx_hal_dcache.o
 .debug_abbrev  0x00001289      0x228 ./Drivers/STM32U5xx_HAL_Driver/Src/stm32u5xx_hal_icache.o
 .debug_abbrev  0x000014b1      0x215 ./Drivers/STM32U5xx_HAL_Driver/Src/stm32u5xx_hal_pwr_ex.o
 .debug_abbrev  0x000016c6      0x2c9 ./Drivers/STM32U5xx_HAL_Driver/Src/stm32u5xx_hal_rcc.o
 .debug_abbrev  0x0000198f      0x23d ./Drivers/STM32U5xx_HAL_Driver/Src/stm32u5xx_hal_rcc_ex.o
 .debug_abbrev  0x00001bcc      0x2bd ./Drivers/STM32U5xx_HAL_Driver/Src/stm32u5xx_hal_tim.o
 .debug_abbrev  0x00001e89      0x2c7 ./Drivers/STM32U5xx_HAL_Driver/Src/stm32u5xx_hal_tim_ex.o
 .debug_abbrev  0x00002150      0x4ea ./Middlewares/Third_Party/FreeRTOS/Source/CMSIS_RTOS_V2/cmsis_os2.o
 .debug_abbrev  0x0000263a       0xf5 ./Middlewares/Third_Party/FreeRTOS/Source/list.o
 .debug_abbrev  0x0000272f      0x324 ./Middlewares/Third_Party/FreeRTOS/Source/queue.o
 .debug_abbrev  0x00002a53      0x33c ./Middlewares/Third_Party/FreeRTOS/Source/tasks.o
 .debug_abbrev  0x00002d8f      0x326 ./Middlewares/Third_Party/FreeRTOS/Source/timers.o
 .debug_abbrev  0x000030b5      0x1cd ./Middlewares/Third_Party/FreeRTOS/Source/portable/GCC/ARM_CM33_NTZ/non_secure/port.o
 .debug_abbrev  0x00003282       0xb8 ./Middlewares/Third_Party/FreeRTOS/Source/portable/GCC/ARM_CM33_NTZ/non_secure/portasm.o
 .debug_abbrev  0x0000333a      0x1f7 ./Middlewares/Third_Party/FreeRTOS/Source/portable/MemMang/heap_2.o

.debug_aranges  0x00000000     0x1888
 .debug_aranges
                0x00000000       0x60 ./Core/Src/main.o
 .debug_aranges
                0x00000060       0x30 ./Core/Src/stm32u5xx_hal_msp.o
 .debug_aranges
                0x00000090       0x30 ./Core/Src/stm32u5xx_hal_timebase_tim.o
 .debug_aranges
                0x000000c0       0x50 ./Core/Src/stm32u5xx_it.o
 .debug_aranges
                0x00000110       0x28 ./Core/Src/system_stm32u5xx.o
 .debug_aranges
                0x00000138       0x28 ./Core/Startup/startup_stm32u545retxq.o
 .debug_aranges
                0x00000160      0x148 ./Drivers/STM32U5xx_HAL_Driver/Src/stm32u5xx_hal.o
 .debug_aranges
                0x000002a8      0x140 ./Drivers/STM32U5xx_HAL_Driver/Src/stm32u5xx_hal_cortex.o
 .debug_aranges
                0x000003e8      0x128 ./Drivers/STM32U5xx_HAL_Driver/Src/stm32u5xx_hal_dcache.o
 .debug_aranges
                0x00000510       0xa8 ./Drivers/STM32U5xx_HAL_Driver/Src/stm32u5xx_hal_icache.o
 .debug_aranges
                0x000005b8      0x1e0 ./Drivers/STM32U5xx_HAL_Driver/Src/stm32u5xx_hal_pwr_ex.o
 .debug_aranges
                0x00000798       0xa8 ./Drivers/STM32U5xx_HAL_Driver/Src/stm32u5xx_hal_rcc.o
 .debug_aranges
                0x00000840      0x160 ./Drivers/STM32U5xx_HAL_Driver/Src/stm32u5xx_hal_rcc_ex.o
 .debug_aranges
                0x000009a0      0x3e8 ./Drivers/STM32U5xx_HAL_Driver/Src/stm32u5xx_hal_tim.o
 .debug_aranges
                0x00000d88      0x250 ./Drivers/STM32U5xx_HAL_Driver/Src/stm32u5xx_hal_tim_ex.o
 .debug_aranges
                0x00000fd8      0x2c0 ./Middlewares/Third_Party/FreeRTOS/Source/CMSIS_RTOS_V2/cmsis_os2.o
 .debug_aranges
                0x00001298       0x40 ./Middlewares/Third_Party/FreeRTOS/Source/list.o
 .debug_aranges
                0x000012d8      0x170 ./Middlewares/Third_Party/FreeRTOS/Source/queue.o
 .debug_aranges
                0x00001448      0x210 ./Middlewares/Third_Party/FreeRTOS/Source/tasks.o
 .debug_aranges
                0x00001658      0x108 ./Middlewares/Third_Party/FreeRTOS/Source/timers.o
 .debug_aranges
                0x00001760       0x80 ./Middlewares/Third_Party/FreeRTOS/Source/portable/GCC/ARM_CM33_NTZ/non_secure/port.o
 .debug_aranges
                0x000017e0       0x60 ./Middlewares/Third_Party/FreeRTOS/Source/portable/GCC/ARM_CM33_NTZ/non_secure/portasm.o
 .debug_aranges
                0x00001840       0x48 ./Middlewares/Third_Party/FreeRTOS/Source/portable/MemMang/heap_2.o

.debug_rnglists
                0x00000000     0x12d3
 .debug_rnglists
                0x00000000       0x44 ./Core/Src/main.o
 .debug_rnglists
                0x00000044       0x1f ./Core/Src/stm32u5xx_hal_msp.o
 .debug_rnglists
                0x00000063       0x20 ./Core/Src/stm32u5xx_hal_timebase_tim.o
 .debug_rnglists
                0x00000083       0x37 ./Core/Src/stm32u5xx_it.o
 .debug_rnglists
                0x000000ba       0x1a ./Core/Src/system_stm32u5xx.o
 .debug_rnglists
                0x000000d4       0x19 ./Core/Startup/startup_stm32u545retxq.o
 .debug_rnglists
                0x000000ed       0xf3 ./Drivers/STM32U5xx_HAL_Driver/Src/stm32u5xx_hal.o
 .debug_rnglists
                0x000001e0       0xec ./Drivers/STM32U5xx_HAL_Driver/Src/stm32u5xx_hal_cortex.o
 .debug_rnglists
                0x000002cc       0xe0 ./Drivers/STM32U5xx_HAL_Driver/Src/stm32u5xx_hal_dcache.o
 .debug_rnglists
                0x000003ac       0x7a ./Drivers/STM32U5xx_HAL_Driver/Src/stm32u5xx_hal_icache.o
 .debug_rnglists
                0x00000426      0x16e ./Drivers/STM32U5xx_HAL_Driver/Src/stm32u5xx_hal_pwr_ex.o
 .debug_rnglists
                0x00000594       0x7f ./Drivers/STM32U5xx_HAL_Driver/Src/stm32u5xx_hal_rcc.o
 .debug_rnglists
                0x00000613      0x113 ./Drivers/STM32U5xx_HAL_Driver/Src/stm32u5xx_hal_rcc_ex.o
 .debug_rnglists
                0x00000726      0x32e ./Drivers/STM32U5xx_HAL_Driver/Src/stm32u5xx_hal_tim.o
 .debug_rnglists
                0x00000a54      0x1d7 ./Drivers/STM32U5xx_HAL_Driver/Src/stm32u5xx_hal_tim_ex.o
 .debug_rnglists
                0x00000c2b      0x21e ./Middlewares/Third_Party/FreeRTOS/Source/CMSIS_RTOS_V2/cmsis_os2.o
 .debug_rnglists
                0x00000e49       0x2b ./Middlewares/Third_Party/FreeRTOS/Source/list.o
 .debug_rnglists
                0x00000e74      0x11d ./Middlewares/Third_Party/FreeRTOS/Source/queue.o
 .debug_rnglists
                0x00000f91      0x1a8 ./Middlewares/Third_Party/FreeRTOS/Source/tasks.o
 .debug_rnglists
                0x00001139       0xc7 ./Middlewares/Third_Party/FreeRTOS/Source/timers.o
 .debug_rnglists
                0x00001200       0x5d ./Middlewares/Third_Party/FreeRTOS/Source/portable/GCC/ARM_CM33_NTZ/non_secure/port.o
 .debug_rnglists
                0x0000125d       0x43 ./Middlewares/Third_Party/FreeRTOS/Source/portable/GCC/ARM_CM33_NTZ/non_secure/portasm.o
 .debug_rnglists
                0x000012a0       0x33 ./Middlewares/Third_Party/FreeRTOS/Source/portable/MemMang/heap_2.o

.debug_macro    0x00000000     0x793c
 .debug_macro   0x00000000      0x4ae ./Core/Src/main.o
 .debug_macro   0x000004ae       0xfb ./Core/Src/main.o
 .debug_macro   0x000005a9      0x2b4 ./Core/Src/stm32u5xx_hal_msp.o
 .debug_macro   0x0000085d      0xaba ./Core/Src/stm32u5xx_hal_msp.o
 .debug_macro   0x00001317       0x8e ./Core/Src/stm32u5xx_hal_msp.o
 .debug_macro   0x000013a5     0x1685 ./Core/Src/stm32u5xx_hal_msp.o
 .debug_macro   0x00002a2a      0x189 ./Core/Src/stm32u5xx_hal_msp.o
 .debug_macro   0x00002bb3       0x34 ./Core/Src/stm32u5xx_hal_msp.o
 .debug_macro   0x00002be7       0x43 ./Core/Src/stm32u5xx_hal_msp.o
 .debug_macro   0x00002c2a       0x1c ./Core/Src/stm32u5xx_hal_msp.o
 .debug_macro   0x00002c46      0x369 ./Core/Src/stm32u5xx_hal_msp.o
 .debug_macro   0x00002faf      0x19b ./Core/Src/stm32u5xx_hal_msp.o
 .debug_macro   0x0000314a      0x2aa ./Core/Src/stm32u5xx_hal_timebase_tim.o
 .debug_macro   0x000033f4      0x2be ./Core/Src/stm32u5xx_it.o
 .debug_macro   0x000036b2      0x2b1 ./Core/Src/system_stm32u5xx.o
 .debug_macro   0x00003963      0x2ce ./Drivers/STM32U5xx_HAL_Driver/Src/stm32u5xx_hal.o
 .debug_macro   0x00003c31      0x2aa ./Drivers/STM32U5xx_HAL_Driver/Src/stm32u5xx_hal_cortex.o
 .debug_macro   0x00003edb      0x2f2 ./Drivers/STM32U5xx_HAL_Driver/Src/stm32u5xx_hal_dcache.o
 .debug_macro   0x000041cd      0x2dc ./Drivers/STM32U5xx_HAL_Driver/Src/stm32u5xx_hal_icache.o
 .debug_macro   0x000044a9      0x2d5 ./Drivers/STM32U5xx_HAL_Driver/Src/stm32u5xx_hal_pwr_ex.o
 .debug_macro   0x0000477e      0x3b0 ./Drivers/STM32U5xx_HAL_Driver/Src/stm32u5xx_hal_rcc.o
 .debug_macro   0x00004b2e      0x3ce ./Drivers/STM32U5xx_HAL_Driver/Src/stm32u5xx_hal_rcc_ex.o
 .debug_macro   0x00004efc      0x2b2 ./Drivers/STM32U5xx_HAL_Driver/Src/stm32u5xx_hal_tim.o
 .debug_macro   0x000051ae      0x2b0 ./Drivers/STM32U5xx_HAL_Driver/Src/stm32u5xx_hal_tim_ex.o
 .debug_macro   0x0000545e      0x416 ./Middlewares/Third_Party/FreeRTOS/Source/CMSIS_RTOS_V2/cmsis_os2.o
 .debug_macro   0x00005874       0x10 ./Middlewares/Third_Party/FreeRTOS/Source/CMSIS_RTOS_V2/cmsis_os2.o
 .debug_macro   0x00005884       0x20 ./Middlewares/Third_Party/FreeRTOS/Source/CMSIS_RTOS_V2/cmsis_os2.o
 .debug_macro   0x000058a4       0x16 ./Middlewares/Third_Party/FreeRTOS/Source/CMSIS_RTOS_V2/cmsis_os2.o
 .debug_macro   0x000058ba      0x18d ./Middlewares/Third_Party/FreeRTOS/Source/CMSIS_RTOS_V2/cmsis_os2.o
 .debug_macro   0x00005a47       0x16 ./Middlewares/Third_Party/FreeRTOS/Source/CMSIS_RTOS_V2/cmsis_os2.o
 .debug_macro   0x00005a5d      0x179 ./Middlewares/Third_Party/FreeRTOS/Source/CMSIS_RTOS_V2/cmsis_os2.o
 .debug_macro   0x00005bd6       0x1c ./Middlewares/Third_Party/FreeRTOS/Source/CMSIS_RTOS_V2/cmsis_os2.o
 .debug_macro   0x00005bf2      0x1ba ./Middlewares/Third_Party/FreeRTOS/Source/CMSIS_RTOS_V2/cmsis_os2.o
 .debug_macro   0x00005dac       0x10 ./Middlewares/Third_Party/FreeRTOS/Source/CMSIS_RTOS_V2/cmsis_os2.o
 .debug_macro   0x00005dbc       0x10 ./Middlewares/Third_Party/FreeRTOS/Source/CMSIS_RTOS_V2/cmsis_os2.o
 .debug_macro   0x00005dcc       0x1f ./Middlewares/Third_Party/FreeRTOS/Source/CMSIS_RTOS_V2/cmsis_os2.o
 .debug_macro   0x00005deb       0x12 ./Middlewares/Third_Party/FreeRTOS/Source/CMSIS_RTOS_V2/cmsis_os2.o
 .debug_macro   0x00005dfd      0x4c3 ./Middlewares/Third_Party/FreeRTOS/Source/CMSIS_RTOS_V2/cmsis_os2.o
 .debug_macro   0x000062c0       0xc3 ./Middlewares/Third_Party/FreeRTOS/Source/CMSIS_RTOS_V2/cmsis_os2.o
 .debug_macro   0x00006383      0x12c ./Middlewares/Third_Party/FreeRTOS/Source/CMSIS_RTOS_V2/cmsis_os2.o
 .debug_macro   0x000064af       0x91 ./Middlewares/Third_Party/FreeRTOS/Source/CMSIS_RTOS_V2/cmsis_os2.o
 .debug_macro   0x00006540       0x23 ./Middlewares/Third_Party/FreeRTOS/Source/CMSIS_RTOS_V2/cmsis_os2.o
 .debug_macro   0x00006563       0x94 ./Middlewares/Third_Party/FreeRTOS/Source/CMSIS_RTOS_V2/cmsis_os2.o
 .debug_macro   0x000065f7       0xa8 ./Middlewares/Third_Party/FreeRTOS/Source/CMSIS_RTOS_V2/cmsis_os2.o
 .debug_macro   0x0000669f       0x22 ./Middlewares/Third_Party/FreeRTOS/Source/CMSIS_RTOS_V2/cmsis_os2.o
 .debug_macro   0x000066c1      0x1b0 ./Middlewares/Third_Party/FreeRTOS/Source/list.o
 .debug_macro   0x00006871      0x247 ./Middlewares/Third_Party/FreeRTOS/Source/queue.o
 .debug_macro   0x00006ab8       0x16 ./Middlewares/Third_Party/FreeRTOS/Source/queue.o
 .debug_macro   0x00006ace       0x8e ./Middlewares/Third_Party/FreeRTOS/Source/queue.o
 .debug_macro   0x00006b5c      0x29c ./Middlewares/Third_Party/FreeRTOS/Source/tasks.o
 .debug_macro   0x00006df8       0x17 ./Middlewares/Third_Party/FreeRTOS/Source/tasks.o
 .debug_macro   0x00006e0f      0x1ff ./Middlewares/Third_Party/FreeRTOS/Source/timers.o
 .debug_macro   0x0000700e       0x97 ./Middlewares/Third_Party/FreeRTOS/Source/timers.o
 .debug_macro   0x000070a5      0x3ad ./Middlewares/Third_Party/FreeRTOS/Source/portable/GCC/ARM_CM33_NTZ/non_secure/port.o
 .debug_macro   0x00007452      0x1ba ./Middlewares/Third_Party/FreeRTOS/Source/portable/GCC/ARM_CM33_NTZ/non_secure/port.o
 .debug_macro   0x0000760c       0xf8 ./Middlewares/Third_Party/FreeRTOS/Source/portable/GCC/ARM_CM33_NTZ/non_secure/portasm.o
 .debug_macro   0x00007704      0x238 ./Middlewares/Third_Party/FreeRTOS/Source/portable/MemMang/heap_2.o

.debug_line     0x00000000    0x196ae
 .debug_line    0x00000000     0x11cc ./Core/Src/main.o
 .debug_line    0x000011cc      0x860 ./Core/Src/stm32u5xx_hal_msp.o
 .debug_line    0x00001a2c      0x893 ./Core/Src/stm32u5xx_hal_timebase_tim.o
 .debug_line    0x000022bf      0x8c5 ./Core/Src/stm32u5xx_it.o
 .debug_line    0x00002b84      0x92a ./Core/Src/system_stm32u5xx.o
 .debug_line    0x000034ae       0x7b ./Core/Startup/startup_stm32u545retxq.o
 .debug_line    0x00003529      0xca7 ./Drivers/STM32U5xx_HAL_Driver/Src/stm32u5xx_hal.o
 .debug_line    0x000041d0      0xe99 ./Drivers/STM32U5xx_HAL_Driver/Src/stm32u5xx_hal_cortex.o
 .debug_line    0x00005069      0xe58 ./Drivers/STM32U5xx_HAL_Driver/Src/stm32u5xx_hal_dcache.o
 .debug_line    0x00005ec1      0xb0e ./Drivers/STM32U5xx_HAL_Driver/Src/stm32u5xx_hal_icache.o
 .debug_line    0x000069cf     0x1120 ./Drivers/STM32U5xx_HAL_Driver/Src/stm32u5xx_hal_pwr_ex.o
 .debug_line    0x00007aef     0x1554 ./Drivers/STM32U5xx_HAL_Driver/Src/stm32u5xx_hal_rcc.o
 .debug_line    0x00009043     0x2260 ./Drivers/STM32U5xx_HAL_Driver/Src/stm32u5xx_hal_rcc_ex.o
 .debug_line    0x0000b2a3     0x459c ./Drivers/STM32U5xx_HAL_Driver/Src/stm32u5xx_hal_tim.o
 .debug_line    0x0000f83f     0x232f ./Drivers/STM32U5xx_HAL_Driver/Src/stm32u5xx_hal_tim_ex.o
 .debug_line    0x00011b6e     0x2163 ./Middlewares/Third_Party/FreeRTOS/Source/CMSIS_RTOS_V2/cmsis_os2.o
 .debug_line    0x00013cd1      0x6eb ./Middlewares/Third_Party/FreeRTOS/Source/list.o
 .debug_line    0x000143bc     0x1510 ./Middlewares/Third_Party/FreeRTOS/Source/queue.o
 .debug_line    0x000158cc     0x1c76 ./Middlewares/Third_Party/FreeRTOS/Source/tasks.o
 .debug_line    0x00017542      0xc7d ./Middlewares/Third_Party/FreeRTOS/Source/timers.o
 .debug_line    0x000181bf      0x781 ./Middlewares/Third_Party/FreeRTOS/Source/portable/GCC/ARM_CM33_NTZ/non_secure/port.o
 .debug_line    0x00018940      0x56e ./Middlewares/Third_Party/FreeRTOS/Source/portable/GCC/ARM_CM33_NTZ/non_secure/portasm.o
 .debug_line    0x00018eae      0x800 ./Middlewares/Third_Party/FreeRTOS/Source/portable/MemMang/heap_2.o

.debug_str      0x00000000   0x14fd79
 .debug_str     0x00000000   0x13a4a9 ./Core/Src/main.o
                             0x13b66d (size before relaxing)
 .debug_str     0x0013a4a9      0xd9d ./Core/Src/stm32u5xx_hal_msp.o
                             0x1349e5 (size before relaxing)
 .debug_str     0x0013b246      0x10b ./Core/Src/stm32u5xx_hal_timebase_tim.o
                             0x13500b (size before relaxing)
 .debug_str     0x0013b351       0xb6 ./Core/Src/stm32u5xx_it.o
                             0x134656 (size before relaxing)
 .debug_str     0x0013b407      0x1cb ./Core/Src/system_stm32u5xx.o
                             0x1342ce (size before relaxing)
 .debug_str     0x0013b5d2       0x45 ./Core/Startup/startup_stm32u545retxq.o
                                 0x78 (size before relaxing)
 .debug_str     0x0013b617      0x683 ./Drivers/STM32U5xx_HAL_Driver/Src/stm32u5xx_hal.o
                             0x13505c (size before relaxing)
 .debug_str     0x0013bc9a      0x3ef ./Drivers/STM32U5xx_HAL_Driver/Src/stm32u5xx_hal_cortex.o
                             0x134eae (size before relaxing)
 .debug_str     0x0013c089      0x7ab ./Drivers/STM32U5xx_HAL_Driver/Src/stm32u5xx_hal_dcache.o
                             0x13492b (size before relaxing)
 .debug_str     0x0013c834      0x649 ./Drivers/STM32U5xx_HAL_Driver/Src/stm32u5xx_hal_icache.o
                             0x1345f0 (size before relaxing)
 .debug_str     0x0013ce7d      0x7fc ./Drivers/STM32U5xx_HAL_Driver/Src/stm32u5xx_hal_pwr_ex.o
                             0x13496e (size before relaxing)
 .debug_str     0x0013d679     0x133d ./Drivers/STM32U5xx_HAL_Driver/Src/stm32u5xx_hal_rcc.o
                             0x135933 (size before relaxing)
 .debug_str     0x0013e9b6     0x2419 ./Drivers/STM32U5xx_HAL_Driver/Src/stm32u5xx_hal_rcc_ex.o
                             0x136aa1 (size before relaxing)
 .debug_str     0x00140dcf      0xfe4 ./Drivers/STM32U5xx_HAL_Driver/Src/stm32u5xx_hal_tim.o
                             0x135711 (size before relaxing)
 .debug_str     0x00141db3      0x9c2 ./Drivers/STM32U5xx_HAL_Driver/Src/stm32u5xx_hal_tim_ex.o
                             0x135368 (size before relaxing)
 .debug_str     0x00142775     0x8c83 ./Middlewares/Third_Party/FreeRTOS/Source/CMSIS_RTOS_V2/cmsis_os2.o
                             0x13d7e7 (size before relaxing)
 .debug_str     0x0014b3f8      0x1c2 ./Middlewares/Third_Party/FreeRTOS/Source/list.o
                               0xb6e1 (size before relaxing)
 .debug_str     0x0014b5ba      0xb07 ./Middlewares/Third_Party/FreeRTOS/Source/queue.o
                               0xe176 (size before relaxing)
 .debug_str     0x0014c0c1     0x1143 ./Middlewares/Third_Party/FreeRTOS/Source/tasks.o
                               0xe9a7 (size before relaxing)
 .debug_str     0x0014d204      0x603 ./Middlewares/Third_Party/FreeRTOS/Source/timers.o
                               0xe440 (size before relaxing)
 .debug_str     0x0014d807     0x1e98 ./Middlewares/Third_Party/FreeRTOS/Source/portable/GCC/ARM_CM33_NTZ/non_secure/port.o
                               0xb645 (size before relaxing)
 .debug_str     0x0014f69f       0xaa ./Middlewares/Third_Party/FreeRTOS/Source/portable/GCC/ARM_CM33_NTZ/non_secure/portasm.o
                               0x83d3 (size before relaxing)
 .debug_str     0x0014f749      0x630 ./Middlewares/Third_Party/FreeRTOS/Source/portable/MemMang/heap_2.o
                               0xcf6a (size before relaxing)

.comment        0x00000000       0x43
 .comment       0x00000000       0x43 ./Core/Src/main.o
                                 0x44 (size before relaxing)
 .comment       0x00000043       0x44 ./Core/Src/stm32u5xx_hal_msp.o
 .comment       0x00000043       0x44 ./Core/Src/stm32u5xx_hal_timebase_tim.o
 .comment       0x00000043       0x44 ./Core/Src/stm32u5xx_it.o
 .comment       0x00000043       0x44 ./Core/Src/system_stm32u5xx.o
 .comment       0x00000043       0x44 ./Drivers/STM32U5xx_HAL_Driver/Src/stm32u5xx_hal.o
 .comment       0x00000043       0x44 ./Drivers/STM32U5xx_HAL_Driver/Src/stm32u5xx_hal_cortex.o
 .comment       0x00000043       0x44 ./Drivers/STM32U5xx_HAL_Driver/Src/stm32u5xx_hal_dcache.o
 .comment       0x00000043       0x44 ./Drivers/STM32U5xx_HAL_Driver/Src/stm32u5xx_hal_icache.o
 .comment       0x00000043       0x44 ./Drivers/STM32U5xx_HAL_Driver/Src/stm32u5xx_hal_pwr_ex.o
 .comment       0x00000043       0x44 ./Drivers/STM32U5xx_HAL_Driver/Src/stm32u5xx_hal_rcc.o
 .comment       0x00000043       0x44 ./Drivers/STM32U5xx_HAL_Driver/Src/stm32u5xx_hal_rcc_ex.o
 .comment       0x00000043       0x44 ./Drivers/STM32U5xx_HAL_Driver/Src/stm32u5xx_hal_tim.o
 .comment       0x00000043       0x44 ./Drivers/STM32U5xx_HAL_Driver/Src/stm32u5xx_hal_tim_ex.o
 .comment       0x00000043       0x44 ./Middlewares/Third_Party/FreeRTOS/Source/CMSIS_RTOS_V2/cmsis_os2.o
 .comment       0x00000043       0x44 ./Middlewares/Third_Party/FreeRTOS/Source/list.o
 .comment       0x00000043       0x44 ./Middlewares/Third_Party/FreeRTOS/Source/queue.o
 .comment       0x00000043       0x44 ./Middlewares/Third_Party/FreeRTOS/Source/tasks.o
 .comment       0x00000043       0x44 ./Middlewares/Third_Party/FreeRTOS/Source/timers.o
 .comment       0x00000043       0x44 ./Middlewares/Third_Party/FreeRTOS/Source/portable/GCC/ARM_CM33_NTZ/non_secure/port.o
 .comment       0x00000043       0x44 ./Middlewares/Third_Party/FreeRTOS/Source/portable/GCC/ARM_CM33_NTZ/non_secure/portasm.o
 .comment       0x00000043       0x44 ./Middlewares/Third_Party/FreeRTOS/Source/portable/MemMang/heap_2.o

.debug_frame    0x00000000     0x6708
 .debug_frame   0x00000000      0x12c ./Core/Src/main.o
 .debug_frame   0x0000012c       0x84 ./Core/Src/stm32u5xx_hal_msp.o
 .debug_frame   0x000001b0       0x74 ./Core/Src/stm32u5xx_hal_timebase_tim.o
 .debug_frame   0x00000224       0xc4 ./Core/Src/stm32u5xx_it.o
 .debug_frame   0x000002e8       0x58 ./Core/Src/system_stm32u5xx.o
 .debug_frame   0x00000340      0x500 ./Drivers/STM32U5xx_HAL_Driver/Src/stm32u5xx_hal.o
 .debug_frame   0x00000840      0x560 ./Drivers/STM32U5xx_HAL_Driver/Src/stm32u5xx_hal_cortex.o
 .debug_frame   0x00000da0      0x52c ./Drivers/STM32U5xx_HAL_Driver/Src/stm32u5xx_hal_dcache.o
 .debug_frame   0x000012cc      0x298 ./Drivers/STM32U5xx_HAL_Driver/Src/stm32u5xx_hal_icache.o
 .debug_frame   0x00001564      0x7cc ./Drivers/STM32U5xx_HAL_Driver/Src/stm32u5xx_hal_pwr_ex.o
 .debug_frame   0x00001d30      0x288 ./Drivers/STM32U5xx_HAL_Driver/Src/stm32u5xx_hal_rcc.o
 .debug_frame   0x00001fb8      0x5f4 ./Drivers/STM32U5xx_HAL_Driver/Src/stm32u5xx_hal_rcc_ex.o
 .debug_frame   0x000025ac     0x125c ./Drivers/STM32U5xx_HAL_Driver/Src/stm32u5xx_hal_tim.o
 .debug_frame   0x00003808      0xac0 ./Drivers/STM32U5xx_HAL_Driver/Src/stm32u5xx_hal_tim_ex.o
 .debug_frame   0x000042c8      0xc20 ./Middlewares/Third_Party/FreeRTOS/Source/CMSIS_RTOS_V2/cmsis_os2.o
 .debug_frame   0x00004ee8       0xd8 ./Middlewares/Third_Party/FreeRTOS/Source/list.o
 .debug_frame   0x00004fc0      0x644 ./Middlewares/Third_Party/FreeRTOS/Source/queue.o
 .debug_frame   0x00005604      0x8fc ./Middlewares/Third_Party/FreeRTOS/Source/tasks.o
 .debug_frame   0x00005f00      0x448 ./Middlewares/Third_Party/FreeRTOS/Source/timers.o
 .debug_frame   0x00006348      0x1c8 ./Middlewares/Third_Party/FreeRTOS/Source/portable/GCC/ARM_CM33_NTZ/non_secure/port.o
 .debug_frame   0x00006510       0xa0 ./Middlewares/Third_Party/FreeRTOS/Source/portable/GCC/ARM_CM33_NTZ/non_secure/portasm.o
 .debug_frame   0x000065b0       0xe4 ./Middlewares/Third_Party/FreeRTOS/Source/portable/MemMang/heap_2.o
 .debug_frame   0x00006694       0x20 /opt/st/stm32cubeide_1.17.0/plugins/com.st.stm32cube.ide.mcu.externaltools.gnu-tools-for-stm32.12.3.rel1.linux64_1.1.0.202410170702/tools/bin/../lib/gcc/arm-none-eabi/12.3.1/../../../../arm-none-eabi/lib/thumb/v8-m.main+fp/hard/libc_nano.a(libc_a-memset.o)
 .debug_frame   0x000066b4       0x2c /opt/st/stm32cubeide_1.17.0/plugins/com.st.stm32cube.ide.mcu.externaltools.gnu-tools-for-stm32.12.3.rel1.linux64_1.1.0.202410170702/tools/bin/../lib/gcc/arm-none-eabi/12.3.1/../../../../arm-none-eabi/lib/thumb/v8-m.main+fp/hard/libc_nano.a(libc_a-init.o)
 .debug_frame   0x000066e0       0x28 /opt/st/stm32cubeide_1.17.0/plugins/com.st.stm32cube.ide.mcu.externaltools.gnu-tools-for-stm32.12.3.rel1.linux64_1.1.0.202410170702/tools/bin/../lib/gcc/arm-none-eabi/12.3.1/../../../../arm-none-eabi/lib/thumb/v8-m.main+fp/hard/libc_nano.a(libc_a-memcpy-stub.o)

.debug_line_str
                0x00000000       0x5c
 .debug_line_str
                0x00000000       0x5c ./Core/Startup/startup_stm32u545retxq.o
