Archive member included to satisfy reference by file (symbol)

/opt/st/stm32cubeide_1.18.0/plugins/com.st.stm32cube.ide.mcu.externaltools.gnu-tools-for-stm32.13.3.rel1.linux64_1.0.0.202410170706/tools/bin/../lib/gcc/arm-none-eabi/13.3.1/../../../../arm-none-eabi/lib/thumb/v8-m.main+fp/hard/libstdc++_nano.a(del_ops.o)
                              ./Core/Src/Drivers/Adc.o (operator delete(void*, unsigned int))
/opt/st/stm32cubeide_1.18.0/plugins/com.st.stm32cube.ide.mcu.externaltools.gnu-tools-for-stm32.13.3.rel1.linux64_1.0.0.202410170706/tools/bin/../lib/gcc/arm-none-eabi/13.3.1/../../../../arm-none-eabi/lib/thumb/v8-m.main+fp/hard/libstdc++_nano.a(del_op.o)
                              /opt/st/stm32cubeide_1.18.0/plugins/com.st.stm32cube.ide.mcu.externaltools.gnu-tools-for-stm32.13.3.rel1.linux64_1.0.0.202410170706/tools/bin/../lib/gcc/arm-none-eabi/13.3.1/../../../../arm-none-eabi/lib/thumb/v8-m.main+fp/hard/libstdc++_nano.a(del_ops.o) (operator delete(void*))
/opt/st/stm32cubeide_1.18.0/plugins/com.st.stm32cube.ide.mcu.externaltools.gnu-tools-for-stm32.13.3.rel1.linux64_1.0.0.202410170706/tools/bin/../lib/gcc/arm-none-eabi/13.3.1/../../../../arm-none-eabi/lib/thumb/v8-m.main+fp/hard/libc_nano.a(libc_a-exit.o)
                              /opt/st/stm32cubeide_1.18.0/plugins/com.st.stm32cube.ide.mcu.externaltools.gnu-tools-for-stm32.13.3.rel1.linux64_1.0.0.202410170706/tools/bin/../lib/gcc/arm-none-eabi/13.3.1/../../../../arm-none-eabi/lib/thumb/v8-m.main+fp/hard/crt0.o (exit)
/opt/st/stm32cubeide_1.18.0/plugins/com.st.stm32cube.ide.mcu.externaltools.gnu-tools-for-stm32.13.3.rel1.linux64_1.0.0.202410170706/tools/bin/../lib/gcc/arm-none-eabi/13.3.1/../../../../arm-none-eabi/lib/thumb/v8-m.main+fp/hard/libc_nano.a(libc_a-malloc.o)
                              /opt/st/stm32cubeide_1.18.0/plugins/com.st.stm32cube.ide.mcu.externaltools.gnu-tools-for-stm32.13.3.rel1.linux64_1.0.0.202410170706/tools/bin/../lib/gcc/arm-none-eabi/13.3.1/../../../../arm-none-eabi/lib/thumb/v8-m.main+fp/hard/libstdc++_nano.a(del_op.o) (free)
/opt/st/stm32cubeide_1.18.0/plugins/com.st.stm32cube.ide.mcu.externaltools.gnu-tools-for-stm32.13.3.rel1.linux64_1.0.0.202410170706/tools/bin/../lib/gcc/arm-none-eabi/13.3.1/../../../../arm-none-eabi/lib/thumb/v8-m.main+fp/hard/libc_nano.a(libc_a-mallocr.o)
                              /opt/st/stm32cubeide_1.18.0/plugins/com.st.stm32cube.ide.mcu.externaltools.gnu-tools-for-stm32.13.3.rel1.linux64_1.0.0.202410170706/tools/bin/../lib/gcc/arm-none-eabi/13.3.1/../../../../arm-none-eabi/lib/thumb/v8-m.main+fp/hard/libc_nano.a(libc_a-malloc.o) (_malloc_r)
/opt/st/stm32cubeide_1.18.0/plugins/com.st.stm32cube.ide.mcu.externaltools.gnu-tools-for-stm32.13.3.rel1.linux64_1.0.0.202410170706/tools/bin/../lib/gcc/arm-none-eabi/13.3.1/../../../../arm-none-eabi/lib/thumb/v8-m.main+fp/hard/libc_nano.a(libc_a-mlock.o)
                              /opt/st/stm32cubeide_1.18.0/plugins/com.st.stm32cube.ide.mcu.externaltools.gnu-tools-for-stm32.13.3.rel1.linux64_1.0.0.202410170706/tools/bin/../lib/gcc/arm-none-eabi/13.3.1/../../../../arm-none-eabi/lib/thumb/v8-m.main+fp/hard/libc_nano.a(libc_a-mallocr.o) (__malloc_lock)
/opt/st/stm32cubeide_1.18.0/plugins/com.st.stm32cube.ide.mcu.externaltools.gnu-tools-for-stm32.13.3.rel1.linux64_1.0.0.202410170706/tools/bin/../lib/gcc/arm-none-eabi/13.3.1/../../../../arm-none-eabi/lib/thumb/v8-m.main+fp/hard/libc_nano.a(libc_a-findfp.o)
                              /opt/st/stm32cubeide_1.18.0/plugins/com.st.stm32cube.ide.mcu.externaltools.gnu-tools-for-stm32.13.3.rel1.linux64_1.0.0.202410170706/tools/bin/../lib/gcc/arm-none-eabi/13.3.1/../../../../arm-none-eabi/lib/thumb/v8-m.main+fp/hard/libc_nano.a(libc_a-exit.o) (__stdio_exit_handler)
/opt/st/stm32cubeide_1.18.0/plugins/com.st.stm32cube.ide.mcu.externaltools.gnu-tools-for-stm32.13.3.rel1.linux64_1.0.0.202410170706/tools/bin/../lib/gcc/arm-none-eabi/13.3.1/../../../../arm-none-eabi/lib/thumb/v8-m.main+fp/hard/libc_nano.a(libc_a-fwalk.o)
                              /opt/st/stm32cubeide_1.18.0/plugins/com.st.stm32cube.ide.mcu.externaltools.gnu-tools-for-stm32.13.3.rel1.linux64_1.0.0.202410170706/tools/bin/../lib/gcc/arm-none-eabi/13.3.1/../../../../arm-none-eabi/lib/thumb/v8-m.main+fp/hard/libc_nano.a(libc_a-findfp.o) (_fwalk_sglue)
/opt/st/stm32cubeide_1.18.0/plugins/com.st.stm32cube.ide.mcu.externaltools.gnu-tools-for-stm32.13.3.rel1.linux64_1.0.0.202410170706/tools/bin/../lib/gcc/arm-none-eabi/13.3.1/../../../../arm-none-eabi/lib/thumb/v8-m.main+fp/hard/libc_nano.a(libc_a-stdio.o)
                              /opt/st/stm32cubeide_1.18.0/plugins/com.st.stm32cube.ide.mcu.externaltools.gnu-tools-for-stm32.13.3.rel1.linux64_1.0.0.202410170706/tools/bin/../lib/gcc/arm-none-eabi/13.3.1/../../../../arm-none-eabi/lib/thumb/v8-m.main+fp/hard/libc_nano.a(libc_a-findfp.o) (__sread)
[...]
Memory Configuration

Name             Origin             Length             Attributes
RAM              0x20000000         0x00040000         xrw
SRAM4            0x28000000         0x00004000         xrw
FLASH            0x08000000         0x00080000         xr
*default*        0x00000000         0xffffffff

Linker script and memory map

LOAD /opt/st/stm32cubeide_1.18.0/plugins/com.st.stm32cube.ide.mcu.externaltools.gnu-tools-for-stm32.13.3.rel1.linux64_1.0.0.202410170706/tools/bin/../lib/gcc/arm-none-eabi/13.3.1/thumb/v8-m.main+fp/hard/crti.o
LOAD /opt/st/stm32cubeide_1.18.0/plugins/com.st.stm32cube.ide.mcu.externaltools.gnu-tools-for-stm32.13.3.rel1.linux64_1.0.0.202410170706/tools/bin/../lib/gcc/arm-none-eabi/13.3.1/thumb/v8-m.main+fp/hard/crtbegin.o
LOAD /opt/st/stm32cubeide_1.18.0/plugins/com.st.stm32cube.ide.mcu.externaltools.gnu-tools-for-stm32.13.3.rel1.linux64_1.0.0.202410170706/tools/bin/../lib/gcc/arm-none-eabi/13.3.1/../../../../arm-none-eabi/lib/thumb/v8-m.main+fp/hard/crt0.o
LOAD ./Core/Src/Drivers/Adc.o
LOAD ./Core/Src/Tasks/Task.o
LOAD ./Core/Src/main.o
LOAD ./Core/Src/stm32u5xx_hal_msp.o
LOAD ./Core/Src/stm32u5xx_hal_timebase_tim.o
LOAD ./Core/Src/stm32u5xx_it.o
LOAD ./Core/Src/syscalls.o
LOAD ./Core/Src/sysmem.o
LOAD ./Core/Src/system_stm32u5xx.o
LOAD ./Core/Startup/startup_stm32u545retxq.o
LOAD ./Drivers/STM32U5xx_HAL_Driver/Src/stm32u5xx_hal.o
LOAD ./Drivers/STM32U5xx_HAL_Driver/Src/stm32u5xx_hal_adc.o
LOAD ./Drivers/STM32U5xx_HAL_Driver/Src/stm32u5xx_hal_adc_ex.o
LOAD ./Drivers/STM32U5xx_HAL_Driver/Src/stm32u5xx_hal_cortex.o
LOAD ./Drivers/STM32U5xx_HAL_Driver/Src/stm32u5xx_hal_dcache.o
LOAD ./Drivers/STM32U5xx_HAL_Driver/Src/stm32u5xx_hal_dma.o
LOAD ./Drivers/STM32U5xx_HAL_Driver/Src/stm32u5xx_hal_dma_ex.o
LOAD ./Drivers/STM32U5xx_HAL_Driver/Src/stm32u5xx_hal_exti.o
LOAD ./Drivers/STM32U5xx_HAL_Driver/Src/stm32u5xx_hal_flash.o
LOAD ./Drivers/STM32U5xx_HAL_Driver/Src/stm32u5xx_hal_flash_ex.o
LOAD ./Drivers/STM32U5xx_HAL_Driver/Src/stm32u5xx_hal_gpio.o
LOAD ./Drivers/STM32U5xx_HAL_Driver/Src/stm32u5xx_hal_gtzc.o
LOAD ./Drivers/STM32U5xx_HAL_Driver/Src/stm32u5xx_hal_i2c.o
LOAD ./Drivers/STM32U5xx_HAL_Driver/Src/stm32u5xx_hal_i2c_ex.o
LOAD ./Drivers/STM32U5xx_HAL_Driver/Src/stm32u5xx_hal_icache.o
LOAD ./Drivers/STM32U5xx_HAL_Driver/Src/stm32u5xx_hal_pwr.o
LOAD ./Drivers/STM32U5xx_HAL_Driver/Src/stm32u5xx_hal_pwr_ex.o
LOAD ./Drivers/STM32U5xx_HAL_Driver/Src/stm32u5xx_hal_rcc.o
LOAD ./Drivers/STM32U5xx_HAL_Driver/Src/stm32u5xx_hal_rcc_ex.o
LOAD ./Drivers/STM32U5xx_HAL_Driver/Src/stm32u5xx_hal_tim.o
LOAD ./Drivers/STM32U5xx_HAL_Driver/Src/stm32u5xx_hal_tim_ex.o
LOAD ./Middlewares/Third_Party/FreeRTOS/Source/CMSIS_RTOS_V2/cmsis_os2.o
LOAD ./Middlewares/Third_Party/FreeRTOS/Source/croutine.o
LOAD ./Middlewares/Third_Party/FreeRTOS/Source/event_groups.o
LOAD ./Middlewares/Third_Party/FreeRTOS/Source/list.o
LOAD ./Middlewares/Third_Party/FreeRTOS/Source/queue.o
LOAD ./Middlewares/Third_Party/FreeRTOS/Source/stream_buffer.o
LOAD ./Middlewares/Third_Party/FreeRTOS/Source/tasks.o
LOAD ./Middlewares/Third_Party/FreeRTOS/Source/timers.o
LOAD ./Middlewares/Third_Party/FreeRTOS/Source/portable/GCC/ARM_CM33_NTZ/non_secure/port.o
LOAD ./Middlewares/Third_Party/FreeRTOS/Source/portable/GCC/ARM_CM33_NTZ/non_secure/portasm.o
LOAD ./Middlewares/Third_Party/FreeRTOS/Source/portable/MemMang/heap_2.o
START GROUP
LOAD /opt/st/stm32cubeide_1.18.0/plugins/com.st.stm32cube.ide.mcu.externaltools.gnu-tools-for-stm32.13.3.rel1.linux64_1.0.0.202410170706/tools/bin/../lib/gcc/arm-none-eabi/13.3.1/../../../../arm-none-eabi/lib/thumb/v8-m.main+fp/hard/libstdc++_nano.a
LOAD /opt/st/stm32cubeide_1.18.0/plugins/com.st.stm32cube.ide.mcu.externaltools.gnu-tools-for-stm32.13.3.rel1.linux64_1.0.0.202410170706/tools/bin/../lib/gcc/arm-none-eabi/13.3.1/../../../../arm-none-eabi/lib/thumb/v8-m.main+fp/hard/libsupc++_nano.a
END GROUP
LOAD /opt/st/stm32cubeide_1.18.0/plugins/com.st.stm32cube.ide.mcu.externaltools.gnu-tools-for-stm32.13.3.rel1.linux64_1.0.0.202410170706/tools/bin/../lib/gcc/arm-none-eabi/13.3.1/../../../../arm-none-eabi/lib/thumb/v8-m.main+fp/hard/libstdc++_nano.a
LOAD /opt/st/stm32cubeide_1.18.0/plugins/com.st.stm32cube.ide.mcu.externaltools.gnu-tools-for-stm32.13.3.rel1.linux64_1.0.0.202410170706/tools/bin/../lib/gcc/arm-none-eabi/13.3.1/../../../../arm-none-eabi/lib/thumb/v8-m.main+fp/hard/libm.a
LOAD /opt/st/stm32cubeide_1.18.0/plugins/com.st.stm32cube.ide.mcu.externaltools.gnu-tools-for-stm32.13.3.rel1.linux64_1.0.0.202410170706/tools/bin/../lib/gcc/arm-none-eabi/13.3.1/../../../../arm-none-eabi/lib/thumb/v8-m.main+fp/hard/libc_nano.a
START GROUP
LOAD /opt/st/stm32cubeide_1.18.0/plugins/com.st.stm32cube.ide.mcu.externaltools.gnu-tools-for-stm32.13.3.rel1.linux64_1.0.0.202410170706/tools/bin/../lib/gcc/arm-none-eabi/13.3.1/thumb/v8-m.main+fp/hard/libgcc.a
LOAD /opt/st/stm32cubeide_1.18.0/plugins/com.st.stm32cube.ide.mcu.externaltools.gnu-tools-for-stm32.13.3.rel1.linux64_1.0.0.202410170706/tools/bin/../lib/gcc/arm-none-eabi/13.3.1/../../../../arm-none-eabi/lib/thumb/v8-m.main+fp/hard/libc_nano.a
END GROUP
START GROUP
LOAD /opt/st/stm32cubeide_1.18.0/plugins/com.st.stm32cube.ide.mcu.externaltools.gnu-tools-for-stm32.13.3.rel1.linux64_1.0.0.202410170706/tools/bin/../lib/gcc/arm-none-eabi/13.3.1/thumb/v8-m.main+fp/hard/libgcc.a
LOAD /opt/st/stm32cubeide_1.18.0/plugins/com.st.stm32cube.ide.mcu.externaltools.gnu-tools-for-stm32.13.3.rel1.linux64_1.0.0.202410170706/tools/bin/../lib/gcc/arm-none-eabi/13.3.1/../../../../arm-none-eabi/lib/thumb/v8-m.main+fp/hard/libc_nano.a
END GROUP
LOAD /opt/st/stm32cubeide_1.18.0/plugins/com.st.stm32cube.ide.mcu.externaltools.gnu-tools-for-stm32.13.3.rel1.linux64_1.0.0.202410170706/tools/bin/../lib/gcc/arm-none-eabi/13.3.1/thumb/v8-m.main+fp/hard/crtend.o
LOAD /opt/st/stm32cubeide_1.18.0/plugins/com.st.stm32cube.ide.mcu.externaltools.gnu-tools-for-stm32.13.3.rel1.linux64_1.0.0.202410170706/tools/bin/../lib/gcc/arm-none-eabi/13.3.1/thumb/v8-m.main+fp/hard/crtn.o
                0x20040000                        _estack = (ORIGIN (RAM) + LENGTH (RAM))
                0x00000200                        _Min_Heap_Size = 0x200
                0x00000400                        _Min_Stack_Size = 0x400

.isr_vector     0x08000000      0x238
 *(.isr_vector)
 .isr_vector    0x08000000      0x238 ./Core/Startup/startup_stm32u545retxq.o
                0x08000000                g_pfnVectors

.text           0x08000240     0x65c4
 *(.text)
 .text          0x08000240       0x40 /opt/st/stm32cubeide_1.18.0/plugins/com.st.stm32cube.ide.mcu.externaltools.gnu-tools-for-stm32.13.3.rel1.linux64_1.0.0.202410170706/tools/bin/../lib/gcc/arm-none-eabi/13.3.1/thumb/v8-m.main+fp/hard/crtbegin.o
 *(.text*)
 .text._ZN5Tasks4Task15getThreadHandleEv
                0x08000280       0x18 ./Core/Src/Drivers/Adc.o
                0x08000280                Tasks::Task::getThreadHandle()
 .text._ZN7Drivers3Adc11getInstanceEv
                0x08000298       0x18 ./Core/Src/Drivers/Adc.o
                0x08000298                Drivers::Adc::getInstance()
 .text._ZN7Drivers3Adc12getAdcHandleEv
                0x080002b0       0x18 ./Core/Src/Drivers/Adc.o
                0x080002b0                Drivers::Adc::getAdcHandle()
 .text._ZN7Drivers3Adc12getDmaHandleEv
                0x080002c8       0x18 ./Core/Src/Drivers/Adc.o
                0x080002c8                Drivers::Adc::getDmaHandle()
 .text.ADC1_IRQHandler
                0x080002e0       0x28 ./Core/Src/Drivers/Adc.o
                0x080002e0                ADC1_IRQHandler
 .text.HAL_ADC_ConvCpltCallback
                0x08000308       0x28 ./Core/Src/Drivers/Adc.o
                0x08000308                HAL_ADC_ConvCpltCallback
 .text.GPDMA1_Channel0_IRQHandler
                0x08000330       0x28 ./Core/Src/Drivers/Adc.o
                0x08000330                GPDMA1_Channel0_IRQHandler
 .text.main     0x08000358       0x24 ./Core/Src/main.o
                0x08000358                main
 .text.vApplicationIdleHook
                0x0800037c       0x10 ./Core/Src/main.o
                0x0800037c                vApplicationIdleHook
 .text.SystemClock_Config
                0x0800038c      0x14a ./Core/Src/main.o
                0x0800038c                SystemClock_Config
 *fill*         0x080004d6        0x2 
 .text._ZL15MX_DCACHE1_Initv
                0x080004d8       0x38 ./Core/Src/main.o
 .text._ZL14MX_ICACHE_Initv
                0x08000510       0x3a ./Core/Src/main.o
 *fill*         0x0800054a        0x2 
 .text._ZL12MX_GPIO_Initv
                0x0800054c       0x70 ./Core/Src/main.o
 .text.HAL_TIM_PeriodElapsedCallback
                0x080005bc       0x24 ./Core/Src/main.o
                0x080005bc                HAL_TIM_PeriodElapsedCallback
 .text.Error_Handler
                0x080005e0        0xc ./Core/Src/main.o
                0x080005e0                Error_Handler
 .text.HAL_MspInit
                0x080005ec       0x3c ./Core/Src/stm32u5xx_hal_msp.o
                0x080005ec                HAL_MspInit
 .text.HAL_DCACHE_MspInit
                0x08000628       0x44 ./Core/Src/stm32u5xx_hal_msp.o
                0x08000628                HAL_DCACHE_MspInit
 .text.HAL_InitTick
                0x0800066c       0xe0 ./Core/Src/stm32u5xx_hal_timebase_tim.o
                0x0800066c                HAL_InitTick
 .text.NMI_Handler
                0x0800074c        0x8 ./Core/Src/stm32u5xx_it.o
                0x0800074c                NMI_Handler
 .text.HardFault_Handler
                0x08000754        0x8 ./Core/Src/stm32u5xx_it.o
                0x08000754                HardFault_Handler
 .text.MemManage_Handler
                0x0800075c        0x8 ./Core/Src/stm32u5xx_it.o
                0x0800075c                MemManage_Handler
 .text.BusFault_Handler
                0x08000764        0x8 ./Core/Src/stm32u5xx_it.o
                0x08000764                BusFault_Handler
 .text.UsageFault_Handler
                0x0800076c        0x8 ./Core/Src/stm32u5xx_it.o
                0x0800076c                UsageFault_Handler
 .text.DebugMon_Handler
                0x08000774        0xe ./Core/Src/stm32u5xx_it.o
                0x08000774                DebugMon_Handler
 *fill*         0x08000782        0x2 
 .text.TIM16_IRQHandler
                0x08000784       0x14 ./Core/Src/stm32u5xx_it.o
                0x08000784                TIM16_IRQHandler
 .text.SystemInit
                0x08000798       0x70 ./Core/Src/system_stm32u5xx.o
                0x08000798                SystemInit
 .text.Reset_Handler
                0x08000808       0x50 ./Core/Startup/startup_stm32u545retxq.o
                0x08000808                Reset_Handler
 .text.Default_Handler
                0x08000858        0x2 ./Core/Startup/startup_stm32u545retxq.o
                0x08000858                EXTI2_IRQHandler
                0x08000858                TIM8_TRG_COM_IRQHandler
                0x08000858                TIM8_CC_IRQHandler
                0x08000858                EXTI5_IRQHandler
                0x08000858                FLASH_S_IRQHandler
                0x08000858                EXTI13_IRQHandler
                0x08000858                TIM1_CC_IRQHandler
                0x08000858                TSC_IRQHandler
                0x08000858                TAMP_IRQHandler
                0x08000858                TIM6_IRQHandler
                0x08000858                EXTI12_IRQHandler
                0x08000858                CORDIC_IRQHandler
                0x08000858                EXTI3_IRQHandler
                0x08000858                LPTIM4_IRQHandler
                0x08000858                GPDMA1_Channel5_IRQHandler
                0x08000858                EXTI8_IRQHandler
                0x08000858                LPTIM2_IRQHandler
                0x08000858                I2C3_ER_IRQHandler
                0x08000858                PWR_S3WU_IRQHandler
                0x08000858                LPDMA1_Channel3_IRQHandler
                0x08000858                LPTIM3_IRQHandler
                0x08000858                EXTI0_IRQHandler
                0x08000858                I2C2_EV_IRQHandler
                0x08000858                FPU_IRQHandler
                0x08000858                GPDMA1_Channel3_IRQHandler
                0x08000858                GPDMA1_Channel7_IRQHandler
                0x08000858                FDCAN1_IT1_IRQHandler
                0x08000858                RAMCFG_IRQHandler
                0x08000858                GPDMA1_Channel9_IRQHandler
                0x08000858                DCACHE1_IRQHandler
                0x08000858                SPI1_IRQHandler
                0x08000858                OCTOSPI1_IRQHandler
                0x08000858                GPDMA1_Channel2_IRQHandler
                0x08000858                TIM8_UP_IRQHandler
                0x08000858                RCC_S_IRQHandler
                0x08000858                MDF1_FLT1_IRQHandler
                0x08000858                PKA_IRQHandler
                0x08000858                EXTI15_IRQHandler
                0x08000858                TIM17_IRQHandler
                0x08000858                USART3_IRQHandler
                0x08000858                RTC_IRQHandler
                0x08000858                EXTI9_IRQHandler
                0x08000858                UART5_IRQHandler
                0x08000858                TIM4_IRQHandler
                0x08000858                I2C1_EV_IRQHandler
                0x08000858                GPDMA1_Channel12_IRQHandler
                0x08000858                GPDMA1_Channel1_IRQHandler
                0x08000858                GPDMA1_Channel15_IRQHandler
                0x08000858                UART4_IRQHandler
                0x08000858                SecureFault_Handler
                0x08000858                TIM3_IRQHandler
                0x08000858                RCC_IRQHandler
                0x08000858                TIM1_TRG_COM_IRQHandler
                0x08000858                Default_Handler
                0x08000858                GPDMA1_Channel8_IRQHandler
                0x08000858                FMAC_IRQHandler
                0x08000858                OTFDEC1_IRQHandler
                0x08000858                GPDMA1_Channel11_IRQHandler
                0x08000858                TIM7_IRQHandler
                0x08000858                SDMMC1_IRQHandler
                0x08000858                SAES_IRQHandler
                0x08000858                TIM5_IRQHandler
                0x08000858                TIM15_IRQHandler
                0x08000858                I2C3_EV_IRQHandler
                0x08000858                USB_IRQHandler
                0x08000858                LPDMA1_Channel0_IRQHandler
                0x08000858                PVD_PVM_IRQHandler
                0x08000858                SPI2_IRQHandler
                0x08000858                LPDMA1_Channel1_IRQHandler
                0x08000858                EXTI14_IRQHandler
                0x08000858                EXTI11_IRQHandler
                0x08000858                CRS_IRQHandler
                0x08000858                GPDMA1_Channel14_IRQHandler
                0x08000858                LSECSSD_IRQHandler
                0x08000858                EXTI4_IRQHandler
                0x08000858                RTC_S_IRQHandler
                0x08000858                GPDMA1_Channel13_IRQHandler
                0x08000858                RNG_IRQHandler
                0x08000858                COMP_IRQHandler
                0x08000858                TIM1_UP_IRQHandler
                0x08000858                ADC4_IRQHandler
                0x08000858                WWDG_IRQHandler
                0x08000858                I2C4_EV_IRQHandler
                0x08000858                ADF1_IRQHandler
                0x08000858                IWDG_IRQHandler
                0x08000858                LPUART1_IRQHandler
                0x08000858                MDF1_FLT0_IRQHandler
                0x08000858                FDCAN1_IT0_IRQHandler
                0x08000858                TIM2_IRQHandler
                0x08000858                GPDMA1_Channel4_IRQHandler
                0x08000858                EXTI7_IRQHandler
                0x08000858                TIM1_BRK_IRQHandler
                0x08000858                EXTI1_IRQHandler
                0x08000858                AES_IRQHandler
                0x08000858                DAC1_IRQHandler
                0x08000858                GTZC_IRQHandler
                0x08000858                GPDMA1_Channel6_IRQHandler
                0x08000858                I2C2_ER_IRQHandler
                0x08000858                TIM8_BRK_IRQHandler
                0x08000858                FLASH_IRQHandler
                0x08000858                USART1_IRQHandler
                0x08000858                EXTI10_IRQHandler
                0x08000858                SPI3_IRQHandler
                0x08000858                LPDMA1_Channel2_IRQHandler
                0x08000858                I2C1_ER_IRQHandler
                0x08000858                EXTI6_IRQHandler
                0x08000858                LPTIM1_IRQHandler
                0x08000858                DCMI_PSSI_IRQHandler
                0x08000858                I2C4_ER_IRQHandler
                0x08000858                GPDMA1_Channel10_IRQHandler
                0x08000858                ICACHE_IRQHandler
                0x08000858                SAI1_IRQHandler
                0x08000858                HASH_IRQHandler
 *fill*         0x0800085a        0x2 
 .text.HAL_Init
                0x0800085c       0x60 ./Drivers/STM32U5xx_HAL_Driver/Src/stm32u5xx_hal.o
                0x0800085c                HAL_Init
 .text.HAL_IncTick
                0x080008bc       0x28 ./Drivers/STM32U5xx_HAL_Driver/Src/stm32u5xx_hal.o
                0x080008bc                HAL_IncTick
 .text.HAL_GetTick
                0x080008e4       0x18 ./Drivers/STM32U5xx_HAL_Driver/Src/stm32u5xx_hal.o
                0x080008e4                HAL_GetTick
 .text.LL_ADC_REG_IsTriggerSourceSWStart
                0x080008fc       0x26 ./Drivers/STM32U5xx_HAL_Driver/Src/stm32u5xx_hal_adc.o
 .text.LL_ADC_REG_GetDMATransfer
                0x08000922       0x1c ./Drivers/STM32U5xx_HAL_Driver/Src/stm32u5xx_hal_adc.o
 .text.LL_ADC_INJ_IsTriggerSourceSWStart
                0x0800093e       0x26 ./Drivers/STM32U5xx_HAL_Driver/Src/stm32u5xx_hal_adc.o
 .text.LL_ADC_REG_IsConversionOngoing
                0x08000964       0x26 ./Drivers/STM32U5xx_HAL_Driver/Src/stm32u5xx_hal_adc.o
 .text.LL_ADC_INJ_IsConversionOngoing
                0x0800098a       0x26 ./Drivers/STM32U5xx_HAL_Driver/Src/stm32u5xx_hal_adc.o
 .text.HAL_ADC_IRQHandler
                0x080009b0      0x464 ./Drivers/STM32U5xx_HAL_Driver/Src/stm32u5xx_hal_adc.o
                0x080009b0                HAL_ADC_IRQHandler
 .text.HAL_ADC_LevelOutOfWindowCallback
                0x08000e14       0x14 ./Drivers/STM32U5xx_HAL_Driver/Src/stm32u5xx_hal_adc.o
                0x08000e14                HAL_ADC_LevelOutOfWindowCallback
 .text.HAL_ADC_ErrorCallback
                0x08000e28       0x14 ./Drivers/STM32U5xx_HAL_Driver/Src/stm32u5xx_hal_adc.o
                0x08000e28                HAL_ADC_ErrorCallback
 .text.HAL_ADC_CalibrationCpltCallback
                0x08000e3c       0x14 ./Drivers/STM32U5xx_HAL_Driver/Src/stm32u5xx_hal_adc.o
                0x08000e3c                HAL_ADC_CalibrationCpltCallback
 .text.HAL_ADC_VoltageRegulatorCallback
                0x08000e50       0x14 ./Drivers/STM32U5xx_HAL_Driver/Src/stm32u5xx_hal_adc.o
                0x08000e50                HAL_ADC_VoltageRegulatorCallback
 .text.HAL_ADC_ADCReadyCallback
                0x08000e64       0x14 ./Drivers/STM32U5xx_HAL_Driver/Src/stm32u5xx_hal_adc.o
                0x08000e64                HAL_ADC_ADCReadyCallback
 .text.HAL_ADCEx_InjectedConvCpltCallback
                0x08000e78       0x14 ./Drivers/STM32U5xx_HAL_Driver/Src/stm32u5xx_hal_adc_ex.o
                0x08000e78                HAL_ADCEx_InjectedConvCpltCallback
 .text.HAL_ADCEx_LevelOutOfWindow2Callback
                0x08000e8c       0x14 ./Drivers/STM32U5xx_HAL_Driver/Src/stm32u5xx_hal_adc_ex.o
                0x08000e8c                HAL_ADCEx_LevelOutOfWindow2Callback
 .text.HAL_ADCEx_LevelOutOfWindow3Callback
                0x08000ea0       0x14 ./Drivers/STM32U5xx_HAL_Driver/Src/stm32u5xx_hal_adc_ex.o
                0x08000ea0                HAL_ADCEx_LevelOutOfWindow3Callback
 .text.HAL_ADCEx_EndOfSamplingCallback
                0x08000eb4       0x14 ./Drivers/STM32U5xx_HAL_Driver/Src/stm32u5xx_hal_adc_ex.o
                0x08000eb4                HAL_ADCEx_EndOfSamplingCallback
 .text.__NVIC_SetPriorityGrouping
                0x08000ec8       0x48 ./Drivers/STM32U5xx_HAL_Driver/Src/stm32u5xx_hal_cortex.o
 .text.__NVIC_GetPriorityGrouping
                0x08000f10       0x1c ./Drivers/STM32U5xx_HAL_Driver/Src/stm32u5xx_hal_cortex.o
 .text.__NVIC_EnableIRQ
                0x08000f2c       0x3c ./Drivers/STM32U5xx_HAL_Driver/Src/stm32u5xx_hal_cortex.o
 .text.__NVIC_SetPriority
                0x08000f68       0x54 ./Drivers/STM32U5xx_HAL_Driver/Src/stm32u5xx_hal_cortex.o
 .text.NVIC_EncodePriority
                0x08000fbc       0x66 ./Drivers/STM32U5xx_HAL_Driver/Src/stm32u5xx_hal_cortex.o
 .text.HAL_NVIC_SetPriorityGrouping
                0x08001022       0x16 ./Drivers/STM32U5xx_HAL_Driver/Src/stm32u5xx_hal_cortex.o
                0x08001022                HAL_NVIC_SetPriorityGrouping
 .text.HAL_NVIC_SetPriority
                0x08001038       0x34 ./Drivers/STM32U5xx_HAL_Driver/Src/stm32u5xx_hal_cortex.o
                0x08001038                HAL_NVIC_SetPriority
 .text.HAL_NVIC_EnableIRQ
                0x0800106c       0x1c ./Drivers/STM32U5xx_HAL_Driver/Src/stm32u5xx_hal_cortex.o
                0x0800106c                HAL_NVIC_EnableIRQ
 .text.HAL_SYSTICK_CLKSourceConfig
                0x08001088       0xb0 ./Drivers/STM32U5xx_HAL_Driver/Src/stm32u5xx_hal_cortex.o
                0x08001088                HAL_SYSTICK_CLKSourceConfig
 .text.HAL_DCACHE_Init
                0x08001138       0xa4 ./Drivers/STM32U5xx_HAL_Driver/Src/stm32u5xx_hal_dcache.o
                0x08001138                HAL_DCACHE_Init
 .text.HAL_DCACHE_Enable
                0x080011dc       0x4e ./Drivers/STM32U5xx_HAL_Driver/Src/stm32u5xx_hal_dcache.o
                0x080011dc                HAL_DCACHE_Enable
 .text.HAL_DCACHE_CleanByAddrCallback
                0x0800122a       0x14 ./Drivers/STM32U5xx_HAL_Driver/Src/stm32u5xx_hal_dcache.o
                0x0800122a                HAL_DCACHE_CleanByAddrCallback
 .text.HAL_DCACHE_InvalidateByAddrCallback
                0x0800123e       0x14 ./Drivers/STM32U5xx_HAL_Driver/Src/stm32u5xx_hal_dcache.o
                0x0800123e                HAL_DCACHE_InvalidateByAddrCallback
 .text.HAL_DCACHE_CleanAndInvalidateByAddrCallback
                0x08001252       0x14 ./Drivers/STM32U5xx_HAL_Driver/Src/stm32u5xx_hal_dcache.o
                0x08001252                HAL_DCACHE_CleanAndInvalidateByAddrCallback
 .text.HAL_DCACHE_InvalidateCompleteCallback
                0x08001266       0x14 ./Drivers/STM32U5xx_HAL_Driver/Src/stm32u5xx_hal_dcache.o
                0x08001266                HAL_DCACHE_InvalidateCompleteCallback
 .text.HAL_DCACHE_ErrorCallback
                0x0800127a       0x14 ./Drivers/STM32U5xx_HAL_Driver/Src/stm32u5xx_hal_dcache.o
                0x0800127a                HAL_DCACHE_ErrorCallback
 .text.HAL_DMA_IRQHandler
                0x0800128e      0x2c2 ./Drivers/STM32U5xx_HAL_Driver/Src/stm32u5xx_hal_dma.o
                0x0800128e                HAL_DMA_IRQHandler
 .text.HAL_ICACHE_ConfigAssociativityMode
                0x08001550       0x40 ./Drivers/STM32U5xx_HAL_Driver/Src/stm32u5xx_hal_icache.o
                0x08001550                HAL_ICACHE_ConfigAssociativityMode
 .text.HAL_ICACHE_Enable
                0x08001590       0x20 ./Drivers/STM32U5xx_HAL_Driver/Src/stm32u5xx_hal_icache.o
                0x08001590                HAL_ICACHE_Enable
 .text.HAL_PWREx_ControlVoltageScaling
                0x080015b0       0xfc ./Drivers/STM32U5xx_HAL_Driver/Src/stm32u5xx_hal_pwr_ex.o
                0x080015b0                HAL_PWREx_ControlVoltageScaling
 .text.HAL_PWREx_GetVoltageRange
                0x080016ac       0x1c ./Drivers/STM32U5xx_HAL_Driver/Src/stm32u5xx_hal_pwr_ex.o
                0x080016ac                HAL_PWREx_GetVoltageRange
 .text.HAL_RCC_OscConfig
                0x080016c8      0xdb8 ./Drivers/STM32U5xx_HAL_Driver/Src/stm32u5xx_hal_rcc.o
                0x080016c8                HAL_RCC_OscConfig
 .text.HAL_RCC_ClockConfig
                0x08002480      0x3e4 ./Drivers/STM32U5xx_HAL_Driver/Src/stm32u5xx_hal_rcc.o
                0x08002480                HAL_RCC_ClockConfig
 .text.HAL_RCC_GetSysClockFreq
                0x08002864      0x204 ./Drivers/STM32U5xx_HAL_Driver/Src/stm32u5xx_hal_rcc.o
                0x08002864                HAL_RCC_GetSysClockFreq
 .text.HAL_RCC_GetHCLKFreq
                0x08002a68       0x34 ./Drivers/STM32U5xx_HAL_Driver/Src/stm32u5xx_hal_rcc.o
                0x08002a68                HAL_RCC_GetHCLKFreq
 .text.HAL_RCC_GetPCLK2Freq
                0x08002a9c       0x28 ./Drivers/STM32U5xx_HAL_Driver/Src/stm32u5xx_hal_rcc.o
                0x08002a9c                HAL_RCC_GetPCLK2Freq
 .text.HAL_RCC_GetClockConfig
                0x08002ac4       0x70 ./Drivers/STM32U5xx_HAL_Driver/Src/stm32u5xx_hal_rcc.o
                0x08002ac4                HAL_RCC_GetClockConfig
 .text.RCC_SetFlashLatencyFromMSIRange
                0x08002b34      0x10c ./Drivers/STM32U5xx_HAL_Driver/Src/stm32u5xx_hal_rcc.o
 .text.HAL_RCCEx_PeriphCLKConfig
                0x08002c40      0xa7c ./Drivers/STM32U5xx_HAL_Driver/Src/stm32u5xx_hal_rcc_ex.o
                0x08002c40                HAL_RCCEx_PeriphCLKConfig
 .text.RCCEx_PLL2_Config
                0x080036bc      0x130 ./Drivers/STM32U5xx_HAL_Driver/Src/stm32u5xx_hal_rcc_ex.o
 .text.RCCEx_PLL3_Config
                0x080037ec      0x130 ./Drivers/STM32U5xx_HAL_Driver/Src/stm32u5xx_hal_rcc_ex.o
 .text.HAL_TIM_Base_Init
                0x0800391c       0xae ./Drivers/STM32U5xx_HAL_Driver/Src/stm32u5xx_hal_tim.o
                0x0800391c                HAL_TIM_Base_Init
 .text.HAL_TIM_Base_MspInit
                0x080039ca       0x14 ./Drivers/STM32U5xx_HAL_Driver/Src/stm32u5xx_hal_tim.o
                0x080039ca                HAL_TIM_Base_MspInit
 *fill*         0x080039de        0x2 
 .text.HAL_TIM_Base_Start_IT
                0x080039e0      0x140 ./Drivers/STM32U5xx_HAL_Driver/Src/stm32u5xx_hal_tim.o
                0x080039e0                HAL_TIM_Base_Start_IT
 .text.HAL_TIM_IRQHandler
                0x08003b20      0x29e ./Drivers/STM32U5xx_HAL_Driver/Src/stm32u5xx_hal_tim.o
                0x08003b20                HAL_TIM_IRQHandler
 .text.HAL_TIM_OC_DelayElapsedCallback
                0x08003dbe       0x14 ./Drivers/STM32U5xx_HAL_Driver/Src/stm32u5xx_hal_tim.o
                0x08003dbe                HAL_TIM_OC_DelayElapsedCallback
 .text.HAL_TIM_IC_CaptureCallback
                0x08003dd2       0x14 ./Drivers/STM32U5xx_HAL_Driver/Src/stm32u5xx_hal_tim.o
                0x08003dd2                HAL_TIM_IC_CaptureCallback
 .text.HAL_TIM_PWM_PulseFinishedCallback
                0x08003de6       0x14 ./Drivers/STM32U5xx_HAL_Driver/Src/stm32u5xx_hal_tim.o
                0x08003de6                HAL_TIM_PWM_PulseFinishedCallback
 .text.HAL_TIM_TriggerCallback
                0x08003dfa       0x14 ./Drivers/STM32U5xx_HAL_Driver/Src/stm32u5xx_hal_tim.o
                0x08003dfa                HAL_TIM_TriggerCallback
 *fill*         0x08003e0e        0x2 
 .text.TIM_Base_SetConfig
                0x08003e10      0x200 ./Drivers/STM32U5xx_HAL_Driver/Src/stm32u5xx_hal_tim.o
                0x08003e10                TIM_Base_SetConfig
 .text.HAL_TIMEx_CommutCallback
                0x08004010       0x14 ./Drivers/STM32U5xx_HAL_Driver/Src/stm32u5xx_hal_tim_ex.o
                0x08004010                HAL_TIMEx_CommutCallback
 .text.HAL_TIMEx_BreakCallback
                0x08004024       0x14 ./Drivers/STM32U5xx_HAL_Driver/Src/stm32u5xx_hal_tim_ex.o
                0x08004024                HAL_TIMEx_BreakCallback
 .text.HAL_TIMEx_Break2Callback
                0x08004038       0x14 ./Drivers/STM32U5xx_HAL_Driver/Src/stm32u5xx_hal_tim_ex.o
                0x08004038                HAL_TIMEx_Break2Callback
 .text.HAL_TIMEx_EncoderIndexCallback
                0x0800404c       0x14 ./Drivers/STM32U5xx_HAL_Driver/Src/stm32u5xx_hal_tim_ex.o
                0x0800404c                HAL_TIMEx_EncoderIndexCallback
 .text.HAL_TIMEx_DirectionChangeCallback
                0x08004060       0x14 ./Drivers/STM32U5xx_HAL_Driver/Src/stm32u5xx_hal_tim_ex.o
                0x08004060                HAL_TIMEx_DirectionChangeCallback
 .text.HAL_TIMEx_IndexErrorCallback
                0x08004074       0x14 ./Drivers/STM32U5xx_HAL_Driver/Src/stm32u5xx_hal_tim_ex.o
                0x08004074                HAL_TIMEx_IndexErrorCallback
 .text.HAL_TIMEx_TransitionErrorCallback
                0x08004088       0x14 ./Drivers/STM32U5xx_HAL_Driver/Src/stm32u5xx_hal_tim_ex.o
                0x08004088                HAL_TIMEx_TransitionErrorCallback
 .text.__NVIC_SetPriority
                0x0800409c       0x54 ./Middlewares/Third_Party/FreeRTOS/Source/CMSIS_RTOS_V2/cmsis_os2.o
 .text.SysTick_Handler
                0x080040f0       0x20 ./Middlewares/Third_Party/FreeRTOS/Source/CMSIS_RTOS_V2/cmsis_os2.o
                0x080040f0                SysTick_Handler
 .text.SVC_Setup
                0x08004110       0x12 ./Middlewares/Third_Party/FreeRTOS/Source/CMSIS_RTOS_V2/cmsis_os2.o
 .text.IRQ_Context
                0x08004122       0x4e ./Middlewares/Third_Party/FreeRTOS/Source/CMSIS_RTOS_V2/cmsis_os2.o
 .text.osKernelInitialize
                0x08004170       0x4c ./Middlewares/Third_Party/FreeRTOS/Source/CMSIS_RTOS_V2/cmsis_os2.o
                0x08004170                osKernelInitialize
 .text.osKernelStart
                0x080041bc       0x54 ./Middlewares/Third_Party/FreeRTOS/Source/CMSIS_RTOS_V2/cmsis_os2.o
                0x080041bc                osKernelStart
 .text.osThreadFlagsSet
                0x08004210       0xa4 ./Middlewares/Third_Party/FreeRTOS/Source/CMSIS_RTOS_V2/cmsis_os2.o
                0x08004210                osThreadFlagsSet
 .text.vApplicationGetIdleTaskMemory
                0x080042b4       0x34 ./Middlewares/Third_Party/FreeRTOS/Source/CMSIS_RTOS_V2/cmsis_os2.o
                0x080042b4                vApplicationGetIdleTaskMemory
 .text.vApplicationGetTimerTaskMemory
                0x080042e8       0x34 ./Middlewares/Third_Party/FreeRTOS/Source/CMSIS_RTOS_V2/cmsis_os2.o
                0x080042e8                vApplicationGetTimerTaskMemory
 .text.vListInitialise
                0x0800431c       0x40 ./Middlewares/Third_Party/FreeRTOS/Source/list.o
                0x0800431c                vListInitialise
 .text.vListInitialiseItem
                0x0800435c       0x1a ./Middlewares/Third_Party/FreeRTOS/Source/list.o
                0x0800435c                vListInitialiseItem
 .text.vListInsert
                0x08004376       0x72 ./Middlewares/Third_Party/FreeRTOS/Source/list.o
                0x08004376                vListInsert
 .text.uxListRemove
                0x080043e8       0x54 ./Middlewares/Third_Party/FreeRTOS/Source/list.o
                0x080043e8                uxListRemove
 .text.xQueueGenericReset
                0x0800443c       0xf2 ./Middlewares/Third_Party/FreeRTOS/Source/queue.o
                0x0800443c                xQueueGenericReset
 .text.xQueueGenericCreateStatic
                0x0800452e       0x92 ./Middlewares/Third_Party/FreeRTOS/Source/queue.o
                0x0800452e                xQueueGenericCreateStatic
 .text.prvInitialiseNewQueue
                0x080045c0       0x46 ./Middlewares/Third_Party/FreeRTOS/Source/queue.o
 .text.xQueueReceive
                0x08004606      0x178 ./Middlewares/Third_Party/FreeRTOS/Source/queue.o
                0x08004606                xQueueReceive
 .text.prvCopyDataFromQueue
                0x0800477e       0x4c ./Middlewares/Third_Party/FreeRTOS/Source/queue.o
 .text.prvUnlockQueue
                0x080047ca       0xa4 ./Middlewares/Third_Party/FreeRTOS/Source/queue.o
 .text.prvIsQueueEmpty
                0x0800486e       0x2c ./Middlewares/Third_Party/FreeRTOS/Source/queue.o
 *fill*         0x0800489a        0x2 
 .text.vQueueAddToRegistry
                0x0800489c       0x8c ./Middlewares/Third_Party/FreeRTOS/Source/queue.o
                0x0800489c                vQueueAddToRegistry
 .text.vQueueWaitForMessageRestricted
                0x08004928       0x68 ./Middlewares/Third_Party/FreeRTOS/Source/queue.o
                0x08004928                vQueueWaitForMessageRestricted
 .text.xTaskCreateStatic
                0x08004990       0x9a ./Middlewares/Third_Party/FreeRTOS/Source/tasks.o
                0x08004990                xTaskCreateStatic
 .text.prvInitialiseNewTask
                0x08004a2a      0x104 ./Middlewares/Third_Party/FreeRTOS/Source/tasks.o
 *fill*         0x08004b2e        0x2 
 .text.prvAddNewTaskToReadyList
                0x08004b30      0x120 ./Middlewares/Third_Party/FreeRTOS/Source/tasks.o
 .text.vTaskStartScheduler
                0x08004c50       0xb8 ./Middlewares/Third_Party/FreeRTOS/Source/tasks.o
                0x08004c50                vTaskStartScheduler
 .text.vTaskSuspendAll
                0x08004d08       0x1c ./Middlewares/Third_Party/FreeRTOS/Source/tasks.o
                0x08004d08                vTaskSuspendAll
 .text.xTaskResumeAll
                0x08004d24      0x1dc ./Middlewares/Third_Party/FreeRTOS/Source/tasks.o
                0x08004d24                xTaskResumeAll
 .text.xTaskGetTickCount
                0x08004f00       0x20 ./Middlewares/Third_Party/FreeRTOS/Source/tasks.o
                0x08004f00                xTaskGetTickCount
 .text.xTaskIncrementTick
                0x08004f20      0x220 ./Middlewares/Third_Party/FreeRTOS/Source/tasks.o
                0x08004f20                xTaskIncrementTick
 .text.vTaskSwitchContext
                0x08005140       0xa8 ./Middlewares/Third_Party/FreeRTOS/Source/tasks.o
                0x08005140                vTaskSwitchContext
 .text.vTaskPlaceOnEventList
                0x080051e8       0x3c ./Middlewares/Third_Party/FreeRTOS/Source/tasks.o
                0x080051e8                vTaskPlaceOnEventList
 .text.vTaskPlaceOnEventListRestricted
                0x08005224       0x7c ./Middlewares/Third_Party/FreeRTOS/Source/tasks.o
                0x08005224                vTaskPlaceOnEventListRestricted
 .text.xTaskRemoveFromEventList
                0x080052a0      0x19c ./Middlewares/Third_Party/FreeRTOS/Source/tasks.o
                0x080052a0                xTaskRemoveFromEventList
 .text.vTaskInternalSetTimeOutState
                0x0800543c       0x2c ./Middlewares/Third_Party/FreeRTOS/Source/tasks.o
                0x0800543c                vTaskInternalSetTimeOutState
 .text.xTaskCheckForTimeOut
                0x08005468       0xb0 ./Middlewares/Third_Party/FreeRTOS/Source/tasks.o
                0x08005468                xTaskCheckForTimeOut
 .text.vTaskMissedYield
                0x08005518       0x18 ./Middlewares/Third_Party/FreeRTOS/Source/tasks.o
                0x08005518                vTaskMissedYield
 .text.prvIdleTask
                0x08005530       0x24 ./Middlewares/Third_Party/FreeRTOS/Source/tasks.o
 .text.prvInitialiseTaskLists
                0x08005554       0x80 ./Middlewares/Third_Party/FreeRTOS/Source/tasks.o
 .text.prvCheckTasksWaitingTermination
                0x080055d4       0x5c ./Middlewares/Third_Party/FreeRTOS/Source/tasks.o
 .text.prvDeleteTCB
                0x08005630       0x50 ./Middlewares/Third_Party/FreeRTOS/Source/tasks.o
 .text.prvResetNextTaskUnblockTime
                0x08005680       0x38 ./Middlewares/Third_Party/FreeRTOS/Source/tasks.o
 .text.xTaskGetSchedulerState
                0x080056b8       0x3c ./Middlewares/Third_Party/FreeRTOS/Source/tasks.o
                0x080056b8                xTaskGetSchedulerState
 .text.xTaskGenericNotify
                0x080056f4      0x204 ./Middlewares/Third_Party/FreeRTOS/Source/tasks.o
                0x080056f4                xTaskGenericNotify
 .text.xTaskGenericNotifyFromISR
                0x080058f8      0x270 ./Middlewares/Third_Party/FreeRTOS/Source/tasks.o
                0x080058f8                xTaskGenericNotifyFromISR
 .text.prvAddCurrentTaskToDelayedList
                0x08005b68       0xdc ./Middlewares/Third_Party/FreeRTOS/Source/tasks.o
 .text.xTimerCreateTimerTask
                0x08005c44       0x80 ./Middlewares/Third_Party/FreeRTOS/Source/timers.o
                0x08005c44                xTimerCreateTimerTask
 .text.prvReloadTimer
                0x08005cc4       0x42 ./Middlewares/Third_Party/FreeRTOS/Source/timers.o
 *fill*         0x08005d06        0x2 
 .text.prvProcessExpiredTimer
                0x08005d08       0x60 ./Middlewares/Third_Party/FreeRTOS/Source/timers.o
 .text.prvTimerTask
                0x08005d68       0x26 ./Middlewares/Third_Party/FreeRTOS/Source/timers.o
 *fill*         0x08005d8e        0x2 
 .text.prvProcessTimerOrBlockTask
                0x08005d90       0x8c ./Middlewares/Third_Party/FreeRTOS/Source/timers.o
 .text.prvGetNextExpireTime
                0x08005e1c       0x48 ./Middlewares/Third_Party/FreeRTOS/Source/timers.o
 .text.prvSampleTimeNow
                0x08005e64       0x40 ./Middlewares/Third_Party/FreeRTOS/Source/timers.o
 .text.prvInsertTimerInActiveList
                0x08005ea4       0x84 ./Middlewares/Third_Party/FreeRTOS/Source/timers.o
 .text.prvProcessReceivedCommands
                0x08005f28      0x19c ./Middlewares/Third_Party/FreeRTOS/Source/timers.o
 .text.prvSwitchTimerLists
                0x080060c4       0x4c ./Middlewares/Third_Party/FreeRTOS/Source/timers.o
 .text.prvCheckForValidListAndQueue
                0x08006110       0x80 ./Middlewares/Third_Party/FreeRTOS/Source/timers.o
 .text.vPortSetupTimerInterrupt
                0x08006190       0x48 ./Middlewares/Third_Party/FreeRTOS/Source/portable/GCC/ARM_CM33_NTZ/non_secure/port.o
                0x08006190                vPortSetupTimerInterrupt
 .text.prvTaskExitError
                0x080061d8       0x38 ./Middlewares/Third_Party/FreeRTOS/Source/portable/GCC/ARM_CM33_NTZ/non_secure/port.o
 .text.prvSetupFPU
                0x08006210       0x30 ./Middlewares/Third_Party/FreeRTOS/Source/portable/GCC/ARM_CM33_NTZ/non_secure/port.o
 .text.vPortYield
                0x08006240       0x24 ./Middlewares/Third_Party/FreeRTOS/Source/portable/GCC/ARM_CM33_NTZ/non_secure/port.o
                0x08006240                vPortYield
 .text.vPortEnterCritical
                0x08006264       0x24 ./Middlewares/Third_Party/FreeRTOS/Source/portable/GCC/ARM_CM33_NTZ/non_secure/port.o
                0x08006264                vPortEnterCritical
 .text.vPortExitCritical
                0x08006288       0x34 ./Middlewares/Third_Party/FreeRTOS/Source/portable/GCC/ARM_CM33_NTZ/non_secure/port.o
                0x08006288                vPortExitCritical
 .text.xPortSysTickHandler
                0x080062bc       0x30 ./Middlewares/Third_Party/FreeRTOS/Source/portable/GCC/ARM_CM33_NTZ/non_secure/port.o
                0x080062bc                xPortSysTickHandler
 .text.vPortSVCHandler_C
                0x080062ec       0x36 ./Middlewares/Third_Party/FreeRTOS/Source/portable/GCC/ARM_CM33_NTZ/non_secure/port.o
                0x080062ec                vPortSVCHandler_C
 *fill*         0x08006322        0x2 
 .text.pxPortInitialiseStack
                0x08006324      0x114 ./Middlewares/Third_Party/FreeRTOS/Source/portable/GCC/ARM_CM33_NTZ/non_secure/port.o
                0x08006324                pxPortInitialiseStack
 .text.xPortStartScheduler
                0x08006438       0xf4 ./Middlewares/Third_Party/FreeRTOS/Source/portable/GCC/ARM_CM33_NTZ/non_secure/port.o
                0x08006438                xPortStartScheduler
 .text.vPortValidateInterruptPriority
                0x0800652c       0x60 ./Middlewares/Third_Party/FreeRTOS/Source/portable/GCC/ARM_CM33_NTZ/non_secure/port.o
                0x0800652c                vPortValidateInterruptPriority
 *fill*         0x0800658c        0x4 
 .text.vRestoreContextOfFirstTask
                0x08006590       0x38 ./Middlewares/Third_Party/FreeRTOS/Source/portable/GCC/ARM_CM33_NTZ/non_secure/portasm.o
                0x08006590                vRestoreContextOfFirstTask
 *fill*         0x080065c8        0x8 
 .text.vStartFirstTask
                0x080065d0       0x28 ./Middlewares/Third_Party/FreeRTOS/Source/portable/GCC/ARM_CM33_NTZ/non_secure/portasm.o
                0x080065d0                vStartFirstTask
 .text.ulSetInterruptMask
                0x080065f8       0x1a ./Middlewares/Third_Party/FreeRTOS/Source/portable/GCC/ARM_CM33_NTZ/non_secure/portasm.o
                0x080065f8                ulSetInterruptMask
 .text.vClearInterruptMask
                0x08006612       0x10 ./Middlewares/Third_Party/FreeRTOS/Source/portable/GCC/ARM_CM33_NTZ/non_secure/portasm.o
                0x08006612                vClearInterruptMask
 *fill*         0x08006622        0xe 
 .text.PendSV_Handler
                0x08006630       0x68 ./Middlewares/Third_Party/FreeRTOS/Source/portable/GCC/ARM_CM33_NTZ/non_secure/portasm.o
                0x08006630                PendSV_Handler
 *fill*         0x08006698        0x8 
 .text.SVC_Handler
                0x080066a0       0x28 ./Middlewares/Third_Party/FreeRTOS/Source/portable/GCC/ARM_CM33_NTZ/non_secure/portasm.o
                0x080066a0                SVC_Handler
 .text.vPortFree
                0x080066c8       0xb0 ./Middlewares/Third_Party/FreeRTOS/Source/portable/MemMang/heap_2.o
                0x080066c8                vPortFree
 .text.memset   0x08006778       0x10 /opt/st/stm32cubeide_1.18.0/plugins/com.st.stm32cube.ide.mcu.externaltools.gnu-tools-for-stm32.13.3.rel1.linux64_1.0.0.202410170706/tools/bin/../lib/gcc/arm-none-eabi/13.3.1/../../../../arm-none-eabi/lib/thumb/v8-m.main+fp/hard/libc_nano.a(libc_a-memset.o)
                0x08006778                memset
 .text.__libc_init_array
                0x08006788       0x48 /opt/st/stm32cubeide_1.18.0/plugins/com.st.stm32cube.ide.mcu.externaltools.gnu-tools-for-stm32.13.3.rel1.linux64_1.0.0.202410170706/tools/bin/../lib/gcc/arm-none-eabi/13.3.1/../../../../arm-none-eabi/lib/thumb/v8-m.main+fp/hard/libc_nano.a(libc_a-init.o)
                0x08006788                __libc_init_array
 .text.memcpy   0x080067d0       0x1a /opt/st/stm32cubeide_1.18.0/plugins/com.st.stm32cube.ide.mcu.externaltools.gnu-tools-for-stm32.13.3.rel1.linux64_1.0.0.202410170706/tools/bin/../lib/gcc/arm-none-eabi/13.3.1/../../../../arm-none-eabi/lib/thumb/v8-m.main+fp/hard/libc_nano.a(libc_a-memcpy-stub.o)
                0x080067d0                memcpy
 *(.glue_7)
 .glue_7        0x080067ea        0x0 linker stubs
 *(.glue_7t)
 .glue_7t       0x080067ea        0x0 linker stubs
 *(.eh_frame)
 *fill*         0x080067ea        0x2 
 .eh_frame      0x080067ec        0x0 /opt/st/stm32cubeide_1.18.0/plugins/com.st.stm32cube.ide.mcu.externaltools.gnu-tools-for-stm32.13.3.rel1.linux64_1.0.0.202410170706/tools/bin/../lib/gcc/arm-none-eabi/13.3.1/thumb/v8-m.main+fp/hard/crtbegin.o
 *(.init)
 .init          0x080067ec        0x4 /opt/st/stm32cubeide_1.18.0/plugins/com.st.stm32cube.ide.mcu.externaltools.gnu-tools-for-stm32.13.3.rel1.linux64_1.0.0.202410170706/tools/bin/../lib/gcc/arm-none-eabi/13.3.1/thumb/v8-m.main+fp/hard/crti.o
                0x080067ec                _init
 .init          0x080067f0        0x8 /opt/st/stm32cubeide_1.18.0/plugins/com.st.stm32cube.ide.mcu.externaltools.gnu-tools-for-stm32.13.3.rel1.linux64_1.0.0.202410170706/tools/bin/../lib/gcc/arm-none-eabi/13.3.1/thumb/v8-m.main+fp/hard/crtn.o
 *(.fini)
 .fini          0x080067f8        0x4 /opt/st/stm32cubeide_1.18.0/plugins/com.st.stm32cube.ide.mcu.externaltools.gnu-tools-for-stm32.13.3.rel1.linux64_1.0.0.202410170706/tools/bin/../lib/gcc/arm-none-eabi/13.3.1/thumb/v8-m.main+fp/hard/crti.o
                0x080067f8                _fini
 .fini          0x080067fc        0x8 /opt/st/stm32cubeide_1.18.0/plugins/com.st.stm32cube.ide.mcu.externaltools.gnu-tools-for-stm32.13.3.rel1.linux64_1.0.0.202410170706/tools/bin/../lib/gcc/arm-none-eabi/13.3.1/thumb/v8-m.main+fp/hard/crtn.o
                0x08006804                        _etext = .

.vfp11_veneer   0x08006804        0x0
 .vfp11_veneer  0x08006804        0x0 linker stubs

.v4_bx          0x08006804        0x0
 .v4_bx         0x08006804        0x0 linker stubs

.iplt           0x08006804        0x0
 .iplt          0x08006804        0x0 /opt/st/stm32cubeide_1.18.0/plugins/com.st.stm32cube.ide.mcu.externaltools.gnu-tools-for-stm32.13.3.rel1.linux64_1.0.0.202410170706/tools/bin/../lib/gcc/arm-none-eabi/13.3.1/thumb/v8-m.main+fp/hard/crtbegin.o

.rodata         0x08006804       0x74
 *(.rodata)
 .rodata        0x08006804        0x5 ./Middlewares/Third_Party/FreeRTOS/Source/tasks.o
 *fill*         0x08006809        0x3 
 .rodata        0x0800680c        0xd ./Middlewares/Third_Party/FreeRTOS/Source/timers.o
 *(.rodata*)
 *fill*         0x08006819        0x3 
 .rodata.AHBPrescTable
                0x0800681c       0x10 ./Core/Src/system_stm32u5xx.o
                0x0800681c                AHBPrescTable
 .rodata.APBPrescTable
                0x0800682c        0x8 ./Core/Src/system_stm32u5xx.o
                0x0800682c                APBPrescTable
 .rodata.MSIRangeTable
                0x08006834       0x40 ./Core/Src/system_stm32u5xx.o
                0x08006834                MSIRangeTable
 .rodata.uxTopUsedPriority
                0x08006874        0x4 ./Middlewares/Third_Party/FreeRTOS/Source/tasks.o
                0x08006874                uxTopUsedPriority

.ARM.extab
 *(.ARM.extab* .gnu.linkonce.armextab.*)

.ARM            0x08006878        0x0
                0x08006878                        __exidx_start = .
 *(.ARM.exidx*)
                0x08006878                        __exidx_end = .

.preinit_array  0x08006878        0x0
                0x08006878                        PROVIDE (__preinit_array_start = .)
 *(.preinit_array*)
                0x08006878                        PROVIDE (__preinit_array_end = .)

.init_array     0x08006878        0x4
                0x08006878                        PROVIDE (__init_array_start = .)
 *(SORT_BY_NAME(.init_array.*))
 *(.init_array*)
 .init_array    0x08006878        0x4 /opt/st/stm32cubeide_1.18.0/plugins/com.st.stm32cube.ide.mcu.externaltools.gnu-tools-for-stm32.13.3.rel1.linux64_1.0.0.202410170706/tools/bin/../lib/gcc/arm-none-eabi/13.3.1/thumb/v8-m.main+fp/hard/crtbegin.o
                0x0800687c                        PROVIDE (__init_array_end = .)

.fini_array     0x0800687c        0x4
                [!provide]                        PROVIDE (__fini_array_start = .)
 *(SORT_BY_NAME(.fini_array.*))
 *(.fini_array*)
 .fini_array    0x0800687c        0x4 /opt/st/stm32cubeide_1.18.0/plugins/com.st.stm32cube.ide.mcu.externaltools.gnu-tools-for-stm32.13.3.rel1.linux64_1.0.0.202410170706/tools/bin/../lib/gcc/arm-none-eabi/13.3.1/thumb/v8-m.main+fp/hard/crtbegin.o
                [!provide]                        PROVIDE (__fini_array_end = .)
                0x08006880                        _sidata = LOADADDR (.data)

.rel.dyn        0x08006880        0x0
 .rel.iplt      0x08006880        0x0 /opt/st/stm32cubeide_1.18.0/plugins/com.st.stm32cube.ide.mcu.externaltools.gnu-tools-for-stm32.13.3.rel1.linux64_1.0.0.202410170706/tools/bin/../lib/gcc/arm-none-eabi/13.3.1/thumb/v8-m.main+fp/hard/crtbegin.o

.data           0x20000000       0x14 load address 0x08006880
                0x20000000                        _sdata = .
 *(.data)
 *(.data*)
 .data.SystemCoreClock
                0x20000000        0x4 ./Core/Src/system_stm32u5xx.o
                0x20000000                SystemCoreClock
 .data.uwTickPrio
                0x20000004        0x4 ./Drivers/STM32U5xx_HAL_Driver/Src/stm32u5xx_hal.o
                0x20000004                uwTickPrio
 .data.uwTickFreq
                0x20000008        0x1 ./Drivers/STM32U5xx_HAL_Driver/Src/stm32u5xx_hal.o
                0x20000008                uwTickFreq
 *fill*         0x20000009        0x3 
 .data.ulCriticalNesting
                0x2000000c        0x4 ./Middlewares/Third_Party/FreeRTOS/Source/portable/GCC/ARM_CM33_NTZ/non_secure/port.o
 .data.xFreeBytesRemaining
                0x20000010        0x4 ./Middlewares/Third_Party/FreeRTOS/Source/portable/MemMang/heap_2.o
 *(.RamFunc)
 *(.RamFunc*)
                0x20000014                        _edata = .

.igot.plt       0x20000014        0x0 load address 0x08006894
 .igot.plt      0x20000014        0x0 /opt/st/stm32cubeide_1.18.0/plugins/com.st.stm32cube.ide.mcu.externaltools.gnu-tools-for-stm32.13.3.rel1.linux64_1.0.0.202410170706/tools/bin/../lib/gcc/arm-none-eabi/13.3.1/thumb/v8-m.main+fp/hard/crtbegin.o

.bss            0x20000014      0xbd4 load address 0x08006894
                0x20000014                        _sbss = .
                0x20000014                        __bss_start__ = _sbss
 *(.bss)
 .bss           0x20000014       0x1c /opt/st/stm32cubeide_1.18.0/plugins/com.st.stm32cube.ide.mcu.externaltools.gnu-tools-for-stm32.13.3.rel1.linux64_1.0.0.202410170706/tools/bin/../lib/gcc/arm-none-eabi/13.3.1/thumb/v8-m.main+fp/hard/crtbegin.o
 *(.bss*)
 .bss._ZN7Drivers3Adc9mInstanceE
                0x20000030        0x4 ./Core/Src/Drivers/Adc.o
                0x20000030                Drivers::Adc::mInstance
 .bss.hdcache1  0x20000034       0x2c ./Core/Src/main.o
                0x20000034                hdcache1
 .bss.htim16    0x20000060       0x4c ./Core/Src/stm32u5xx_hal_timebase_tim.o
                0x20000060                htim16
 .bss.uwTick    0x200000ac        0x4 ./Drivers/STM32U5xx_HAL_Driver/Src/stm32u5xx_hal.o
                0x200000ac                uwTick
 .bss.KernelState
                0x200000b0        0x4 ./Middlewares/Third_Party/FreeRTOS/Source/CMSIS_RTOS_V2/cmsis_os2.o
 .bss.Idle_TCB.3
                0x200000b4       0x5c ./Middlewares/Third_Party/FreeRTOS/Source/CMSIS_RTOS_V2/cmsis_os2.o
 .bss.Idle_Stack.2
                0x20000110      0x200 ./Middlewares/Third_Party/FreeRTOS/Source/CMSIS_RTOS_V2/cmsis_os2.o
 .bss.Timer_TCB.1
                0x20000310       0x5c ./Middlewares/Third_Party/FreeRTOS/Source/CMSIS_RTOS_V2/cmsis_os2.o
 .bss.Timer_Stack.0
                0x2000036c      0x200 ./Middlewares/Third_Party/FreeRTOS/Source/CMSIS_RTOS_V2/cmsis_os2.o
 .bss.xQueueRegistry
                0x2000056c       0x40 ./Middlewares/Third_Party/FreeRTOS/Source/queue.o
                0x2000056c                xQueueRegistry
 .bss.pxCurrentTCB
                0x200005ac        0x4 ./Middlewares/Third_Party/FreeRTOS/Source/tasks.o
                0x200005ac                pxCurrentTCB
 .bss.pxReadyTasksLists
                0x200005b0      0x460 ./Middlewares/Third_Party/FreeRTOS/Source/tasks.o
 .bss.xDelayedTaskList1
                0x20000a10       0x14 ./Middlewares/Third_Party/FreeRTOS/Source/tasks.o
 .bss.xDelayedTaskList2
                0x20000a24       0x14 ./Middlewares/Third_Party/FreeRTOS/Source/tasks.o
 .bss.pxDelayedTaskList
                0x20000a38        0x4 ./Middlewares/Third_Party/FreeRTOS/Source/tasks.o
 .bss.pxOverflowDelayedTaskList
                0x20000a3c        0x4 ./Middlewares/Third_Party/FreeRTOS/Source/tasks.o
 .bss.xPendingReadyList
                0x20000a40       0x14 ./Middlewares/Third_Party/FreeRTOS/Source/tasks.o
 .bss.xTasksWaitingTermination
                0x20000a54       0x14 ./Middlewares/Third_Party/FreeRTOS/Source/tasks.o
 .bss.uxDeletedTasksWaitingCleanUp
                0x20000a68        0x4 ./Middlewares/Third_Party/FreeRTOS/Source/tasks.o
 .bss.xSuspendedTaskList
                0x20000a6c       0x14 ./Middlewares/Third_Party/FreeRTOS/Source/tasks.o
 .bss.uxCurrentNumberOfTasks
                0x20000a80        0x4 ./Middlewares/Third_Party/FreeRTOS/Source/tasks.o
 .bss.xTickCount
                0x20000a84        0x4 ./Middlewares/Third_Party/FreeRTOS/Source/tasks.o
 .bss.uxTopReadyPriority
                0x20000a88        0x4 ./Middlewares/Third_Party/FreeRTOS/Source/tasks.o
 .bss.xSchedulerRunning
                0x20000a8c        0x4 ./Middlewares/Third_Party/FreeRTOS/Source/tasks.o
 .bss.xPendedTicks
                0x20000a90        0x4 ./Middlewares/Third_Party/FreeRTOS/Source/tasks.o
 .bss.xYieldPending
                0x20000a94        0x4 ./Middlewares/Third_Party/FreeRTOS/Source/tasks.o
 .bss.xNumOfOverflows
                0x20000a98        0x4 ./Middlewares/Third_Party/FreeRTOS/Source/tasks.o
 .bss.uxTaskNumber
                0x20000a9c        0x4 ./Middlewares/Third_Party/FreeRTOS/Source/tasks.o
 .bss.xNextTaskUnblockTime
                0x20000aa0        0x4 ./Middlewares/Third_Party/FreeRTOS/Source/tasks.o
 .bss.xIdleTaskHandle
                0x20000aa4        0x4 ./Middlewares/Third_Party/FreeRTOS/Source/tasks.o
 .bss.uxSchedulerSuspended
                0x20000aa8        0x4 ./Middlewares/Third_Party/FreeRTOS/Source/tasks.o
 .bss.xActiveTimerList1
                0x20000aac       0x14 ./Middlewares/Third_Party/FreeRTOS/Source/timers.o
 .bss.xActiveTimerList2
                0x20000ac0       0x14 ./Middlewares/Third_Party/FreeRTOS/Source/timers.o
 .bss.pxCurrentTimerList
                0x20000ad4        0x4 ./Middlewares/Third_Party/FreeRTOS/Source/timers.o
 .bss.pxOverflowTimerList
                0x20000ad8        0x4 ./Middlewares/Third_Party/FreeRTOS/Source/timers.o
 .bss.xTimerQueue
                0x20000adc        0x4 ./Middlewares/Third_Party/FreeRTOS/Source/timers.o
 .bss.xTimerTaskHandle
                0x20000ae0        0x4 ./Middlewares/Third_Party/FreeRTOS/Source/timers.o
 .bss.xLastTime.2
                0x20000ae4        0x4 ./Middlewares/Third_Party/FreeRTOS/Source/timers.o
 .bss.ucStaticTimerQueueStorage.1
                0x20000ae8       0xa0 ./Middlewares/Third_Party/FreeRTOS/Source/timers.o
 .bss.xStaticTimerQueue.0
                0x20000b88       0x50 ./Middlewares/Third_Party/FreeRTOS/Source/timers.o
 .bss.ucMaxSysCallPriority
                0x20000bd8        0x1 ./Middlewares/Third_Party/FreeRTOS/Source/portable/GCC/ARM_CM33_NTZ/non_secure/port.o
 *fill*         0x20000bd9        0x3 
 .bss.ulMaxPRIGROUPValue
                0x20000bdc        0x4 ./Middlewares/Third_Party/FreeRTOS/Source/portable/GCC/ARM_CM33_NTZ/non_secure/port.o
 .bss.xStart    0x20000be0        0x8 ./Middlewares/Third_Party/FreeRTOS/Source/portable/MemMang/heap_2.o
 *(COMMON)
                0x20000be8                        _ebss = .
                0x20000be8                        __bss_end__ = _ebss

._user_heap_stack
                0x20000be8      0x600 load address 0x08006894
                0x20000be8                        . = ALIGN (0x8)
                [!provide]                        PROVIDE (end = .)
                0x20000be8                        PROVIDE (_end = .)
                0x20000de8                        . = (. + _Min_Heap_Size)
 *fill*         0x20000be8      0x200 
                0x200011e8                        . = (. + _Min_Stack_Size)
 *fill*         0x20000de8      0x400 
                0x200011e8                        . = ALIGN (0x8)

/DISCARD/
 libc.a(*)
 libm.a(*)
 libgcc.a(*)

.ARM.attributes
                0x00000000       0x36
 *(.ARM.attributes)
 .ARM.attributes
                0x00000000       0x26 /opt/st/stm32cubeide_1.18.0/plugins/com.st.stm32cube.ide.mcu.externaltools.gnu-tools-for-stm32.13.3.rel1.linux64_1.0.0.202410170706/tools/bin/../lib/gcc/arm-none-eabi/13.3.1/thumb/v8-m.main+fp/hard/crti.o
 .ARM.attributes
                0x00000026       0x38 /opt/st/stm32cubeide_1.18.0/plugins/com.st.stm32cube.ide.mcu.externaltools.gnu-tools-for-stm32.13.3.rel1.linux64_1.0.0.202410170706/tools/bin/../lib/gcc/arm-none-eabi/13.3.1/thumb/v8-m.main+fp/hard/crtbegin.o
 .ARM.attributes
                0x0000005e       0x3a ./Core/Src/Drivers/Adc.o
 .ARM.attributes
                0x00000098       0x3a ./Core/Src/main.o
 .ARM.attributes
                0x000000d2       0x3a ./Core/Src/stm32u5xx_hal_msp.o
 .ARM.attributes
                0x0000010c       0x3a ./Core/Src/stm32u5xx_hal_timebase_tim.o
 .ARM.attributes
                0x00000146       0x3a ./Core/Src/stm32u5xx_it.o
 .ARM.attributes
                0x00000180       0x3a ./Core/Src/system_stm32u5xx.o
 .ARM.attributes
                0x000001ba       0x24 ./Core/Startup/startup_stm32u545retxq.o
 .ARM.attributes
                0x000001de       0x3a ./Drivers/STM32U5xx_HAL_Driver/Src/stm32u5xx_hal.o
 .ARM.attributes
                0x00000218       0x3a ./Drivers/STM32U5xx_HAL_Driver/Src/stm32u5xx_hal_adc.o
 .ARM.attributes
                0x00000252       0x3a ./Drivers/STM32U5xx_HAL_Driver/Src/stm32u5xx_hal_adc_ex.o
 .ARM.attributes
                0x0000028c       0x3a ./Drivers/STM32U5xx_HAL_Driver/Src/stm32u5xx_hal_cortex.o
 .ARM.attributes
                0x000002c6       0x3a ./Drivers/STM32U5xx_HAL_Driver/Src/stm32u5xx_hal_dcache.o
 .ARM.attributes
                0x00000300       0x3a ./Drivers/STM32U5xx_HAL_Driver/Src/stm32u5xx_hal_dma.o
 .ARM.attributes
                0x0000033a       0x3a ./Drivers/STM32U5xx_HAL_Driver/Src/stm32u5xx_hal_icache.o
 .ARM.attributes
                0x00000374       0x3a ./Drivers/STM32U5xx_HAL_Driver/Src/stm32u5xx_hal_pwr_ex.o
 .ARM.attributes
                0x000003ae       0x3a ./Drivers/STM32U5xx_HAL_Driver/Src/stm32u5xx_hal_rcc.o
 .ARM.attributes
                0x000003e8       0x3a ./Drivers/STM32U5xx_HAL_Driver/Src/stm32u5xx_hal_rcc_ex.o
 .ARM.attributes
                0x00000422       0x3a ./Drivers/STM32U5xx_HAL_Driver/Src/stm32u5xx_hal_tim.o
 .ARM.attributes
                0x0000045c       0x3a ./Drivers/STM32U5xx_HAL_Driver/Src/stm32u5xx_hal_tim_ex.o
 .ARM.attributes
                0x00000496       0x3a ./Middlewares/Third_Party/FreeRTOS/Source/CMSIS_RTOS_V2/cmsis_os2.o
 .ARM.attributes
                0x000004d0       0x3a ./Middlewares/Third_Party/FreeRTOS/Source/list.o
 .ARM.attributes
                0x0000050a       0x3a ./Middlewares/Third_Party/FreeRTOS/Source/queue.o
 .ARM.attributes
                0x00000544       0x3a ./Middlewares/Third_Party/FreeRTOS/Source/tasks.o
 .ARM.attributes
                0x0000057e       0x3a ./Middlewares/Third_Party/FreeRTOS/Source/timers.o
 .ARM.attributes
                0x000005b8       0x3a ./Middlewares/Third_Party/FreeRTOS/Source/portable/GCC/ARM_CM33_NTZ/non_secure/port.o
 .ARM.attributes
                0x000005f2       0x3a ./Middlewares/Third_Party/FreeRTOS/Source/portable/GCC/ARM_CM33_NTZ/non_secure/portasm.o
 .ARM.attributes
                0x0000062c       0x3a ./Middlewares/Third_Party/FreeRTOS/Source/portable/MemMang/heap_2.o
 .ARM.attributes
                0x00000666       0x38 /opt/st/stm32cubeide_1.18.0/plugins/com.st.stm32cube.ide.mcu.externaltools.gnu-tools-for-stm32.13.3.rel1.linux64_1.0.0.202410170706/tools/bin/../lib/gcc/arm-none-eabi/13.3.1/../../../../arm-none-eabi/lib/thumb/v8-m.main+fp/hard/libc_nano.a(libc_a-memset.o)
 .ARM.attributes
                0x0000069e       0x38 /opt/st/stm32cubeide_1.18.0/plugins/com.st.stm32cube.ide.mcu.externaltools.gnu-tools-for-stm32.13.3.rel1.linux64_1.0.0.202410170706/tools/bin/../lib/gcc/arm-none-eabi/13.3.1/../../../../arm-none-eabi/lib/thumb/v8-m.main+fp/hard/libc_nano.a(libc_a-init.o)
 .ARM.attributes
                0x000006d6       0x38 /opt/st/stm32cubeide_1.18.0/plugins/com.st.stm32cube.ide.mcu.externaltools.gnu-tools-for-stm32.13.3.rel1.linux64_1.0.0.202410170706/tools/bin/../lib/gcc/arm-none-eabi/13.3.1/../../../../arm-none-eabi/lib/thumb/v8-m.main+fp/hard/libc_nano.a(libc_a-memcpy-stub.o)
 .ARM.attributes
                0x0000070e       0x26 /opt/st/stm32cubeide_1.18.0/plugins/com.st.stm32cube.ide.mcu.externaltools.gnu-tools-for-stm32.13.3.rel1.linux64_1.0.0.202410170706/tools/bin/../lib/gcc/arm-none-eabi/13.3.1/thumb/v8-m.main+fp/hard/crtn.o
OUTPUT(ADC-MCU.elf elf32-littlearm)
LOAD linker stubs
LOAD /opt/st/stm32cubeide_1.18.0/plugins/com.st.stm32cube.ide.mcu.externaltools.gnu-tools-for-stm32.13.3.rel1.linux64_1.0.0.202410170706/tools/bin/../lib/gcc/arm-none-eabi/13.3.1/../../../../arm-none-eabi/lib/thumb/v8-m.main+fp/hard/libc.a
LOAD /opt/st/stm32cubeide_1.18.0/plugins/com.st.stm32cube.ide.mcu.externaltools.gnu-tools-for-stm32.13.3.rel1.linux64_1.0.0.202410170706/tools/bin/../lib/gcc/arm-none-eabi/13.3.1/../../../../arm-none-eabi/lib/thumb/v8-m.main+fp/hard/libm.a
LOAD /opt/st/stm32cubeide_1.18.0/plugins/com.st.stm32cube.ide.mcu.externaltools.gnu-tools-for-stm32.13.3.rel1.linux64_1.0.0.202410170706/tools/bin/../lib/gcc/arm-none-eabi/13.3.1/thumb/v8-m.main+fp/hard/libgcc.a

.debug_info     0x00000000    0x22dd6
 .debug_info    0x00000000     0x41e6 ./Core/Src/Drivers/Adc.o
 .debug_info    0x000041e6     0x2acc ./Core/Src/main.o
 .debug_info    0x00006cb2      0x94e ./Core/Src/stm32u5xx_hal_msp.o
 .debug_info    0x00007600     0x1147 ./Core/Src/stm32u5xx_hal_timebase_tim.o
 .debug_info    0x00008747      0x946 ./Core/Src/stm32u5xx_it.o
 .debug_info    0x0000908d      0x929 ./Core/Src/system_stm32u5xx.o
 .debug_info    0x000099b6       0x30 ./Core/Startup/startup_stm32u545retxq.o
 .debug_info    0x000099e6     0x110d ./Drivers/STM32U5xx_HAL_Driver/Src/stm32u5xx_hal.o
 .debug_info    0x0000aaf3     0x2669 ./Drivers/STM32U5xx_HAL_Driver/Src/stm32u5xx_hal_adc.o
 .debug_info    0x0000d15c     0x1d31 ./Drivers/STM32U5xx_HAL_Driver/Src/stm32u5xx_hal_adc_ex.o
 .debug_info    0x0000ee8d     0x1610 ./Drivers/STM32U5xx_HAL_Driver/Src/stm32u5xx_hal_cortex.o
 .debug_info    0x0001049d      0xb21 ./Drivers/STM32U5xx_HAL_Driver/Src/stm32u5xx_hal_dcache.o
 .debug_info    0x00010fbe      0xadc ./Drivers/STM32U5xx_HAL_Driver/Src/stm32u5xx_hal_dma.o
 .debug_info    0x00011a9a      0x4d6 ./Drivers/STM32U5xx_HAL_Driver/Src/stm32u5xx_hal_icache.o
 .debug_info    0x00011f70      0xddc ./Drivers/STM32U5xx_HAL_Driver/Src/stm32u5xx_hal_pwr_ex.o
 .debug_info    0x00012d4c     0x114d ./Drivers/STM32U5xx_HAL_Driver/Src/stm32u5xx_hal_rcc.o
 .debug_info    0x00013e99     0x1569 ./Drivers/STM32U5xx_HAL_Driver/Src/stm32u5xx_hal_rcc_ex.o
 .debug_info    0x00015402     0x2e54 ./Drivers/STM32U5xx_HAL_Driver/Src/stm32u5xx_hal_tim.o
 .debug_info    0x00018256     0x1efe ./Drivers/STM32U5xx_HAL_Driver/Src/stm32u5xx_hal_tim_ex.o
 .debug_info    0x0001a154     0x36dd ./Middlewares/Third_Party/FreeRTOS/Source/CMSIS_RTOS_V2/cmsis_os2.o
 .debug_info    0x0001d831      0x2af ./Middlewares/Third_Party/FreeRTOS/Source/list.o
 .debug_info    0x0001dae0     0x16ac ./Middlewares/Third_Party/FreeRTOS/Source/queue.o
 .debug_info    0x0001f18c     0x209c ./Middlewares/Third_Party/FreeRTOS/Source/tasks.o
 .debug_info    0x00021228     0x1318 ./Middlewares/Third_Party/FreeRTOS/Source/timers.o
 .debug_info    0x00022540      0x3c0 ./Middlewares/Third_Party/FreeRTOS/Source/portable/GCC/ARM_CM33_NTZ/non_secure/port.o
 .debug_info    0x00022900      0x151 ./Middlewares/Third_Party/FreeRTOS/Source/portable/GCC/ARM_CM33_NTZ/non_secure/portasm.o
 .debug_info    0x00022a51      0x385 ./Middlewares/Third_Party/FreeRTOS/Source/portable/MemMang/heap_2.o

.debug_abbrev   0x00000000     0x43b6
 .debug_abbrev  0x00000000      0x6cb ./Core/Src/Drivers/Adc.o
 .debug_abbrev  0x000006cb      0x3d2 ./Core/Src/main.o
 .debug_abbrev  0x00000a9d      0x1a7 ./Core/Src/stm32u5xx_hal_msp.o
 .debug_abbrev  0x00000c44      0x22a ./Core/Src/stm32u5xx_hal_timebase_tim.o
 .debug_abbrev  0x00000e6e      0x1af ./Core/Src/stm32u5xx_it.o
 .debug_abbrev  0x0000101d      0x129 ./Core/Src/system_stm32u5xx.o
 .debug_abbrev  0x00001146       0x24 ./Core/Startup/startup_stm32u545retxq.o
 .debug_abbrev  0x0000116a      0x2a3 ./Drivers/STM32U5xx_HAL_Driver/Src/stm32u5xx_hal.o
 .debug_abbrev  0x0000140d      0x2ce ./Drivers/STM32U5xx_HAL_Driver/Src/stm32u5xx_hal_adc.o
 .debug_abbrev  0x000016db      0x2f3 ./Drivers/STM32U5xx_HAL_Driver/Src/stm32u5xx_hal_adc_ex.o
 .debug_abbrev  0x000019ce      0x311 ./Drivers/STM32U5xx_HAL_Driver/Src/stm32u5xx_hal_cortex.o
 .debug_abbrev  0x00001cdf      0x230 ./Drivers/STM32U5xx_HAL_Driver/Src/stm32u5xx_hal_dcache.o
 .debug_abbrev  0x00001f0f      0x1ff ./Drivers/STM32U5xx_HAL_Driver/Src/stm32u5xx_hal_dma.o
 .debug_abbrev  0x0000210e      0x228 ./Drivers/STM32U5xx_HAL_Driver/Src/stm32u5xx_hal_icache.o
 .debug_abbrev  0x00002336      0x215 ./Drivers/STM32U5xx_HAL_Driver/Src/stm32u5xx_hal_pwr_ex.o
 .debug_abbrev  0x0000254b      0x2c9 ./Drivers/STM32U5xx_HAL_Driver/Src/stm32u5xx_hal_rcc.o
 .debug_abbrev  0x00002814      0x23d ./Drivers/STM32U5xx_HAL_Driver/Src/stm32u5xx_hal_rcc_ex.o
 .debug_abbrev  0x00002a51      0x2bd ./Drivers/STM32U5xx_HAL_Driver/Src/stm32u5xx_hal_tim.o
 .debug_abbrev  0x00002d0e      0x2c7 ./Drivers/STM32U5xx_HAL_Driver/Src/stm32u5xx_hal_tim_ex.o
 .debug_abbrev  0x00002fd5      0x4ea ./Middlewares/Third_Party/FreeRTOS/Source/CMSIS_RTOS_V2/cmsis_os2.o
 .debug_abbrev  0x000034bf       0xf5 ./Middlewares/Third_Party/FreeRTOS/Source/list.o
 .debug_abbrev  0x000035b4      0x324 ./Middlewares/Third_Party/FreeRTOS/Source/queue.o
 .debug_abbrev  0x000038d8      0x33c ./Middlewares/Third_Party/FreeRTOS/Source/tasks.o
 .debug_abbrev  0x00003c14      0x326 ./Middlewares/Third_Party/FreeRTOS/Source/timers.o
 .debug_abbrev  0x00003f3a      0x1cd ./Middlewares/Third_Party/FreeRTOS/Source/portable/GCC/ARM_CM33_NTZ/non_secure/port.o
 .debug_abbrev  0x00004107       0xb8 ./Middlewares/Third_Party/FreeRTOS/Source/portable/GCC/ARM_CM33_NTZ/non_secure/portasm.o
 .debug_abbrev  0x000041bf      0x1f7 ./Middlewares/Third_Party/FreeRTOS/Source/portable/MemMang/heap_2.o

.debug_aranges  0x00000000     0x1de0
 .debug_aranges
                0x00000000       0xd0 ./Core/Src/Drivers/Adc.o
 .debug_aranges
                0x000000d0       0x60 ./Core/Src/main.o
 .debug_aranges
                0x00000130       0x30 ./Core/Src/stm32u5xx_hal_msp.o
 .debug_aranges
                0x00000160       0x30 ./Core/Src/stm32u5xx_hal_timebase_tim.o
 .debug_aranges
                0x00000190       0x50 ./Core/Src/stm32u5xx_it.o
 .debug_aranges
                0x000001e0       0x28 ./Core/Src/system_stm32u5xx.o
 .debug_aranges
                0x00000208       0x28 ./Core/Startup/startup_stm32u545retxq.o
 .debug_aranges
                0x00000230      0x148 ./Drivers/STM32U5xx_HAL_Driver/Src/stm32u5xx_hal.o
 .debug_aranges
                0x00000378      0x270 ./Drivers/STM32U5xx_HAL_Driver/Src/stm32u5xx_hal_adc.o
 .debug_aranges
                0x000005e8      0x178 ./Drivers/STM32U5xx_HAL_Driver/Src/stm32u5xx_hal_adc_ex.o
 .debug_aranges
                0x00000760      0x140 ./Drivers/STM32U5xx_HAL_Driver/Src/stm32u5xx_hal_cortex.o
 .debug_aranges
                0x000008a0      0x128 ./Drivers/STM32U5xx_HAL_Driver/Src/stm32u5xx_hal_dcache.o
 .debug_aranges
                0x000009c8       0xa0 ./Drivers/STM32U5xx_HAL_Driver/Src/stm32u5xx_hal_dma.o
 .debug_aranges
                0x00000a68       0xa8 ./Drivers/STM32U5xx_HAL_Driver/Src/stm32u5xx_hal_icache.o
 .debug_aranges
                0x00000b10      0x1e0 ./Drivers/STM32U5xx_HAL_Driver/Src/stm32u5xx_hal_pwr_ex.o
 .debug_aranges
                0x00000cf0       0xa8 ./Drivers/STM32U5xx_HAL_Driver/Src/stm32u5xx_hal_rcc.o
 .debug_aranges
                0x00000d98      0x160 ./Drivers/STM32U5xx_HAL_Driver/Src/stm32u5xx_hal_rcc_ex.o
 .debug_aranges
                0x00000ef8      0x3e8 ./Drivers/STM32U5xx_HAL_Driver/Src/stm32u5xx_hal_tim.o
 .debug_aranges
                0x000012e0      0x250 ./Drivers/STM32U5xx_HAL_Driver/Src/stm32u5xx_hal_tim_ex.o
 .debug_aranges
                0x00001530      0x2c0 ./Middlewares/Third_Party/FreeRTOS/Source/CMSIS_RTOS_V2/cmsis_os2.o
 .debug_aranges
                0x000017f0       0x40 ./Middlewares/Third_Party/FreeRTOS/Source/list.o
 .debug_aranges
                0x00001830      0x170 ./Middlewares/Third_Party/FreeRTOS/Source/queue.o
 .debug_aranges
                0x000019a0      0x210 ./Middlewares/Third_Party/FreeRTOS/Source/tasks.o
 .debug_aranges
                0x00001bb0      0x108 ./Middlewares/Third_Party/FreeRTOS/Source/timers.o
 .debug_aranges
                0x00001cb8       0x80 ./Middlewares/Third_Party/FreeRTOS/Source/portable/GCC/ARM_CM33_NTZ/non_secure/port.o
 .debug_aranges
                0x00001d38       0x60 ./Middlewares/Third_Party/FreeRTOS/Source/portable/GCC/ARM_CM33_NTZ/non_secure/portasm.o
 .debug_aranges
                0x00001d98       0x48 ./Middlewares/Third_Party/FreeRTOS/Source/portable/MemMang/heap_2.o

.debug_rnglists
                0x00000000     0x16f3
 .debug_rnglists
                0x00000000       0x9c ./Core/Src/Drivers/Adc.o
 .debug_rnglists
                0x0000009c       0x44 ./Core/Src/main.o
 .debug_rnglists
                0x000000e0       0x1f ./Core/Src/stm32u5xx_hal_msp.o
 .debug_rnglists
                0x000000ff       0x20 ./Core/Src/stm32u5xx_hal_timebase_tim.o
 .debug_rnglists
                0x0000011f       0x37 ./Core/Src/stm32u5xx_it.o
 .debug_rnglists
                0x00000156       0x1a ./Core/Src/system_stm32u5xx.o
 .debug_rnglists
                0x00000170       0x19 ./Core/Startup/startup_stm32u545retxq.o
 .debug_rnglists
                0x00000189       0xf3 ./Drivers/STM32U5xx_HAL_Driver/Src/stm32u5xx_hal.o
 .debug_rnglists
                0x0000027c      0x1e2 ./Drivers/STM32U5xx_HAL_Driver/Src/stm32u5xx_hal_adc.o
 .debug_rnglists
                0x0000045e      0x124 ./Drivers/STM32U5xx_HAL_Driver/Src/stm32u5xx_hal_adc_ex.o
 .debug_rnglists
                0x00000582       0xec ./Drivers/STM32U5xx_HAL_Driver/Src/stm32u5xx_hal_cortex.o
 .debug_rnglists
                0x0000066e       0xe0 ./Drivers/STM32U5xx_HAL_Driver/Src/stm32u5xx_hal_dcache.o
 .debug_rnglists
                0x0000074e       0x7e ./Drivers/STM32U5xx_HAL_Driver/Src/stm32u5xx_hal_dma.o
 .debug_rnglists
                0x000007cc       0x7a ./Drivers/STM32U5xx_HAL_Driver/Src/stm32u5xx_hal_icache.o
 .debug_rnglists
                0x00000846      0x16e ./Drivers/STM32U5xx_HAL_Driver/Src/stm32u5xx_hal_pwr_ex.o
 .debug_rnglists
                0x000009b4       0x7f ./Drivers/STM32U5xx_HAL_Driver/Src/stm32u5xx_hal_rcc.o
 .debug_rnglists
                0x00000a33      0x113 ./Drivers/STM32U5xx_HAL_Driver/Src/stm32u5xx_hal_rcc_ex.o
 .debug_rnglists
                0x00000b46      0x32e ./Drivers/STM32U5xx_HAL_Driver/Src/stm32u5xx_hal_tim.o
 .debug_rnglists
                0x00000e74      0x1d7 ./Drivers/STM32U5xx_HAL_Driver/Src/stm32u5xx_hal_tim_ex.o
 .debug_rnglists
                0x0000104b      0x21e ./Middlewares/Third_Party/FreeRTOS/Source/CMSIS_RTOS_V2/cmsis_os2.o
 .debug_rnglists
                0x00001269       0x2b ./Middlewares/Third_Party/FreeRTOS/Source/list.o
 .debug_rnglists
                0x00001294      0x11d ./Middlewares/Third_Party/FreeRTOS/Source/queue.o
 .debug_rnglists
                0x000013b1      0x1a8 ./Middlewares/Third_Party/FreeRTOS/Source/tasks.o
 .debug_rnglists
                0x00001559       0xc7 ./Middlewares/Third_Party/FreeRTOS/Source/timers.o
 .debug_rnglists
                0x00001620       0x5d ./Middlewares/Third_Party/FreeRTOS/Source/portable/GCC/ARM_CM33_NTZ/non_secure/port.o
 .debug_rnglists
                0x0000167d       0x43 ./Middlewares/Third_Party/FreeRTOS/Source/portable/GCC/ARM_CM33_NTZ/non_secure/portasm.o
 .debug_rnglists
                0x000016c0       0x33 ./Middlewares/Third_Party/FreeRTOS/Source/portable/MemMang/heap_2.o

.debug_macro    0x00000000    0x36a09
 .debug_macro   0x00000000      0x4fb ./Core/Src/Drivers/Adc.o
 .debug_macro   0x000004fb      0xc28 ./Core/Src/Drivers/Adc.o
 .debug_macro   0x00001123       0x10 ./Core/Src/Drivers/Adc.o
 .debug_macro   0x00001133       0x1c ./Core/Src/Drivers/Adc.o
 .debug_macro   0x0000114f       0x22 ./Core/Src/Drivers/Adc.o
 .debug_macro   0x00001171       0x56 ./Core/Src/Drivers/Adc.o
 .debug_macro   0x000011c7       0x51 ./Core/Src/Drivers/Adc.o
 .debug_macro   0x00001218      0x103 ./Core/Src/Drivers/Adc.o
 .debug_macro   0x0000131b       0x6a ./Core/Src/Drivers/Adc.o
 .debug_macro   0x00001385      0x1df ./Core/Src/Drivers/Adc.o
 .debug_macro   0x00001564      0x197 ./Core/Src/Drivers/Adc.o
 .debug_macro   0x000016fb       0x74 ./Core/Src/Drivers/Adc.o
 .debug_macro   0x0000176f      0x20d ./Core/Src/Drivers/Adc.o
 .debug_macro   0x0000197c       0x2e ./Core/Src/Drivers/Adc.o
 .debug_macro   0x000019aa       0x42 ./Core/Src/Drivers/Adc.o
 .debug_macro   0x000019ec       0x1c ./Core/Src/Drivers/Adc.o
 .debug_macro   0x00001a08       0x29 ./Core/Src/Drivers/Adc.o
 .debug_macro   0x00001a31       0xf5 ./Core/Src/Drivers/Adc.o
 .debug_macro   0x00001b26     0x1685 ./Core/Src/Drivers/Adc.o
 .debug_macro   0x000031ab       0x5e ./Core/Src/Drivers/Adc.o
 .debug_macro   0x00003209    0x1e72c ./Core/Src/Drivers/Adc.o
 .debug_macro   0x00021935       0x6d ./Core/Src/Drivers/Adc.o
 .debug_macro   0x000219a2     0x393e ./Core/Src/Drivers/Adc.o
 .debug_macro   0x000252e0      0x1f2 ./Core/Src/Drivers/Adc.o
 .debug_macro   0x000254d2       0x10 ./Core/Src/Drivers/Adc.o
 .debug_macro   0x000254e2       0xc8 ./Core/Src/Drivers/Adc.o
 .debug_macro   0x000255aa      0x103 ./Core/Src/Drivers/Adc.o
 .debug_macro   0x000256ad      0x368 ./Core/Src/Drivers/Adc.o
 .debug_macro   0x00025a15       0x18 ./Core/Src/Drivers/Adc.o
 .debug_macro   0x00025a2d       0x61 ./Core/Src/Drivers/Adc.o
 .debug_macro   0x00025a8e       0x2a ./Core/Src/Drivers/Adc.o
 .debug_macro   0x00025ab8       0x43 ./Core/Src/Drivers/Adc.o
 .debug_macro   0x00025afb       0x34 ./Core/Src/Drivers/Adc.o
 .debug_macro   0x00025b2f      0x38c ./Core/Src/Drivers/Adc.o
 .debug_macro   0x00025ebb       0x16 ./Core/Src/Drivers/Adc.o
 .debug_macro   0x00025ed1       0x4a ./Core/Src/Drivers/Adc.o
 .debug_macro   0x00025f1b       0x34 ./Core/Src/Drivers/Adc.o
 .debug_macro   0x00025f4f       0x10 ./Core/Src/Drivers/Adc.o
 .debug_macro   0x00025f5f       0x58 ./Core/Src/Drivers/Adc.o
 .debug_macro   0x00025fb7       0x8e ./Core/Src/Drivers/Adc.o
 .debug_macro   0x00026045       0x16 ./Core/Src/Drivers/Adc.o
 .debug_macro   0x0002605b      0x185 ./Core/Src/Drivers/Adc.o
 .debug_macro   0x000261e0       0xe5 ./Core/Src/Drivers/Adc.o
 .debug_macro   0x000262c5       0x10 ./Core/Src/Drivers/Adc.o
 .debug_macro   0x000262d5       0x16 ./Core/Src/Drivers/Adc.o
 .debug_macro   0x000262eb       0x3c ./Core/Src/Drivers/Adc.o
 .debug_macro   0x00026327       0x22 ./Core/Src/Drivers/Adc.o
 .debug_macro   0x00026349       0x10 ./Core/Src/Drivers/Adc.o
 .debug_macro   0x00026359      0x3ce ./Core/Src/Drivers/Adc.o
 .debug_macro   0x00026727       0x16 ./Core/Src/Drivers/Adc.o
 .debug_macro   0x0002673d       0x1c ./Core/Src/Drivers/Adc.o
 .debug_macro   0x00026759       0x4f ./Core/Src/Drivers/Adc.o
 .debug_macro   0x000267a8       0x6a ./Core/Src/Drivers/Adc.o
 .debug_macro   0x00026812       0x25 ./Core/Src/Drivers/Adc.o
 .debug_macro   0x00026837       0x18 ./Core/Src/Drivers/Adc.o
 .debug_macro   0x0002684f       0x27 ./Core/Src/Drivers/Adc.o
 .debug_macro   0x00026876       0x28 ./Core/Src/Drivers/Adc.o
 .debug_macro   0x0002689e       0x2e ./Core/Src/Drivers/Adc.o
 .debug_macro   0x000268cc       0x1f ./Core/Src/Drivers/Adc.o
 .debug_macro   0x000268eb       0x88 ./Core/Src/Drivers/Adc.o
 .debug_macro   0x00026973       0x19 ./Core/Src/Drivers/Adc.o
 .debug_macro   0x0002698c      0x120 ./Core/Src/Drivers/Adc.o
 .debug_macro   0x00026aac       0x11 ./Core/Src/Drivers/Adc.o
 .debug_macro   0x00026abd       0x17 ./Core/Src/Drivers/Adc.o
 .debug_macro   0x00026ad4       0x17 ./Core/Src/Drivers/Adc.o
 .debug_macro   0x00026aeb       0x17 ./Core/Src/Drivers/Adc.o
 .debug_macro   0x00026b02       0x17 ./Core/Src/Drivers/Adc.o
 .debug_macro   0x00026b19       0x17 ./Core/Src/Drivers/Adc.o
 .debug_macro   0x00026b30       0x17 ./Core/Src/Drivers/Adc.o
 .debug_macro   0x00026b47       0x5d ./Core/Src/Drivers/Adc.o
 .debug_macro   0x00026ba4     0x1933 ./Core/Src/Drivers/Adc.o
 .debug_macro   0x000284d7      0x796 ./Core/Src/Drivers/Adc.o
 .debug_macro   0x00028c6d      0x166 ./Core/Src/Drivers/Adc.o
 .debug_macro   0x00028dd3      0x250 ./Core/Src/Drivers/Adc.o
 .debug_macro   0x00029023       0xc9 ./Core/Src/Drivers/Adc.o
 .debug_macro   0x000290ec       0xb6 ./Core/Src/Drivers/Adc.o
 .debug_macro   0x000291a2      0x574 ./Core/Src/Drivers/Adc.o
 .debug_macro   0x00029716      0x440 ./Core/Src/Drivers/Adc.o
 .debug_macro   0x00029b56       0xd6 ./Core/Src/Drivers/Adc.o
 .debug_macro   0x00029c2c      0x1cd ./Core/Src/Drivers/Adc.o
 .debug_macro   0x00029df9     0x1415 ./Core/Src/Drivers/Adc.o
 .debug_macro   0x0002b20e      0x950 ./Core/Src/Drivers/Adc.o
 .debug_macro   0x0002bb5e      0x2cd ./Core/Src/Drivers/Adc.o
 .debug_macro   0x0002be2b      0x42b ./Core/Src/Drivers/Adc.o
 .debug_macro   0x0002c256       0x95 ./Core/Src/Drivers/Adc.o
 .debug_macro   0x0002c2eb      0x11c ./Core/Src/Drivers/Adc.o
 .debug_macro   0x0002c407      0x23a ./Core/Src/Drivers/Adc.o
 .debug_macro   0x0002c641      0x123 ./Core/Src/Drivers/Adc.o
 .debug_macro   0x0002c764       0xa5 ./Core/Src/Drivers/Adc.o
 .debug_macro   0x0002c809      0x525 ./Core/Src/Drivers/Adc.o
 .debug_macro   0x0002cd2e      0x448 ./Core/Src/Drivers/Adc.o
 .debug_macro   0x0002d176      0xbc5 ./Core/Src/Drivers/Adc.o
 .debug_macro   0x0002dd3b      0x45f ./Core/Src/Drivers/Adc.o
 .debug_macro   0x0002e19a      0x1b8 ./Core/Src/Drivers/Adc.o
 .debug_macro   0x0002e352      0x361 ./Core/Src/Drivers/Adc.o
 .debug_macro   0x0002e6b3       0x11 ./Core/Src/Drivers/Adc.o
 .debug_macro   0x0002e6c4      0x18d ./Core/Src/Drivers/Adc.o
 .debug_macro   0x0002e851      0x4c2 ./Core/Src/main.o
 .debug_macro   0x0002ed13       0xfb ./Core/Src/main.o
 .debug_macro   0x0002ee0e      0x2b4 ./Core/Src/stm32u5xx_hal_msp.o
 .debug_macro   0x0002f0c2      0xade ./Core/Src/stm32u5xx_hal_msp.o
 .debug_macro   0x0002fba0       0x8e ./Core/Src/stm32u5xx_hal_msp.o
 .debug_macro   0x0002fc2e     0x1685 ./Core/Src/stm32u5xx_hal_msp.o
 .debug_macro   0x000312b3      0x190 ./Core/Src/stm32u5xx_hal_msp.o
 .debug_macro   0x00031443       0x34 ./Core/Src/stm32u5xx_hal_msp.o
 .debug_macro   0x00031477      0x370 ./Core/Src/stm32u5xx_hal_msp.o
 .debug_macro   0x000317e7       0x4a ./Core/Src/stm32u5xx_hal_msp.o
 .debug_macro   0x00031831       0x1c ./Core/Src/stm32u5xx_hal_msp.o
 .debug_macro   0x0003184d      0x19b ./Core/Src/stm32u5xx_hal_msp.o
 .debug_macro   0x000319e8      0x2aa ./Core/Src/stm32u5xx_hal_timebase_tim.o
 .debug_macro   0x00031c92      0x2be ./Core/Src/stm32u5xx_it.o
 .debug_macro   0x00031f50      0x2b1 ./Core/Src/system_stm32u5xx.o
 .debug_macro   0x00032201      0x2ce ./Drivers/STM32U5xx_HAL_Driver/Src/stm32u5xx_hal.o
 .debug_macro   0x000324cf      0x2ce ./Drivers/STM32U5xx_HAL_Driver/Src/stm32u5xx_hal_adc.o
 .debug_macro   0x0003279d      0x2b6 ./Drivers/STM32U5xx_HAL_Driver/Src/stm32u5xx_hal_adc_ex.o
 .debug_macro   0x00032a53      0x2aa ./Drivers/STM32U5xx_HAL_Driver/Src/stm32u5xx_hal_cortex.o
 .debug_macro   0x00032cfd      0x2f2 ./Drivers/STM32U5xx_HAL_Driver/Src/stm32u5xx_hal_dcache.o
 .debug_macro   0x00032fef      0x2ab ./Drivers/STM32U5xx_HAL_Driver/Src/stm32u5xx_hal_dma.o
 .debug_macro   0x0003329a      0x2dc ./Drivers/STM32U5xx_HAL_Driver/Src/stm32u5xx_hal_icache.o
 .debug_macro   0x00033576      0x2d5 ./Drivers/STM32U5xx_HAL_Driver/Src/stm32u5xx_hal_pwr_ex.o
 .debug_macro   0x0003384b      0x3b0 ./Drivers/STM32U5xx_HAL_Driver/Src/stm32u5xx_hal_rcc.o
 .debug_macro   0x00033bfb      0x3ce ./Drivers/STM32U5xx_HAL_Driver/Src/stm32u5xx_hal_rcc_ex.o
 .debug_macro   0x00033fc9      0x2b2 ./Drivers/STM32U5xx_HAL_Driver/Src/stm32u5xx_hal_tim.o
 .debug_macro   0x0003427b      0x2b0 ./Drivers/STM32U5xx_HAL_Driver/Src/stm32u5xx_hal_tim_ex.o
 .debug_macro   0x0003452b      0x416 ./Middlewares/Third_Party/FreeRTOS/Source/CMSIS_RTOS_V2/cmsis_os2.o
 .debug_macro   0x00034941       0x10 ./Middlewares/Third_Party/FreeRTOS/Source/CMSIS_RTOS_V2/cmsis_os2.o
 .debug_macro   0x00034951       0x20 ./Middlewares/Third_Party/FreeRTOS/Source/CMSIS_RTOS_V2/cmsis_os2.o
 .debug_macro   0x00034971       0x16 ./Middlewares/Third_Party/FreeRTOS/Source/CMSIS_RTOS_V2/cmsis_os2.o
 .debug_macro   0x00034987      0x18d ./Middlewares/Third_Party/FreeRTOS/Source/CMSIS_RTOS_V2/cmsis_os2.o
 .debug_macro   0x00034b14       0x16 ./Middlewares/Third_Party/FreeRTOS/Source/CMSIS_RTOS_V2/cmsis_os2.o
 .debug_macro   0x00034b2a      0x179 ./Middlewares/Third_Party/FreeRTOS/Source/CMSIS_RTOS_V2/cmsis_os2.o
 .debug_macro   0x00034ca3       0x1c ./Middlewares/Third_Party/FreeRTOS/Source/CMSIS_RTOS_V2/cmsis_os2.o
 .debug_macro   0x00034cbf      0x1ba ./Middlewares/Third_Party/FreeRTOS/Source/CMSIS_RTOS_V2/cmsis_os2.o
 .debug_macro   0x00034e79       0x10 ./Middlewares/Third_Party/FreeRTOS/Source/CMSIS_RTOS_V2/cmsis_os2.o
 .debug_macro   0x00034e89       0x10 ./Middlewares/Third_Party/FreeRTOS/Source/CMSIS_RTOS_V2/cmsis_os2.o
 .debug_macro   0x00034e99       0x1f ./Middlewares/Third_Party/FreeRTOS/Source/CMSIS_RTOS_V2/cmsis_os2.o
 .debug_macro   0x00034eb8       0x12 ./Middlewares/Third_Party/FreeRTOS/Source/CMSIS_RTOS_V2/cmsis_os2.o
 .debug_macro   0x00034eca      0x4c3 ./Middlewares/Third_Party/FreeRTOS/Source/CMSIS_RTOS_V2/cmsis_os2.o
 .debug_macro   0x0003538d       0xc3 ./Middlewares/Third_Party/FreeRTOS/Source/CMSIS_RTOS_V2/cmsis_os2.o
 .debug_macro   0x00035450      0x12c ./Middlewares/Third_Party/FreeRTOS/Source/CMSIS_RTOS_V2/cmsis_os2.o
 .debug_macro   0x0003557c       0x91 ./Middlewares/Third_Party/FreeRTOS/Source/CMSIS_RTOS_V2/cmsis_os2.o
 .debug_macro   0x0003560d       0x23 ./Middlewares/Third_Party/FreeRTOS/Source/CMSIS_RTOS_V2/cmsis_os2.o
 .debug_macro   0x00035630       0x94 ./Middlewares/Third_Party/FreeRTOS/Source/CMSIS_RTOS_V2/cmsis_os2.o
 .debug_macro   0x000356c4       0xa8 ./Middlewares/Third_Party/FreeRTOS/Source/CMSIS_RTOS_V2/cmsis_os2.o
 .debug_macro   0x0003576c       0x22 ./Middlewares/Third_Party/FreeRTOS/Source/CMSIS_RTOS_V2/cmsis_os2.o
 .debug_macro   0x0003578e      0x1b0 ./Middlewares/Third_Party/FreeRTOS/Source/list.o
 .debug_macro   0x0003593e      0x247 ./Middlewares/Third_Party/FreeRTOS/Source/queue.o
 .debug_macro   0x00035b85       0x16 ./Middlewares/Third_Party/FreeRTOS/Source/queue.o
 .debug_macro   0x00035b9b       0x8e ./Middlewares/Third_Party/FreeRTOS/Source/queue.o
 .debug_macro   0x00035c29      0x29c ./Middlewares/Third_Party/FreeRTOS/Source/tasks.o
 .debug_macro   0x00035ec5       0x17 ./Middlewares/Third_Party/FreeRTOS/Source/tasks.o
 .debug_macro   0x00035edc      0x1ff ./Middlewares/Third_Party/FreeRTOS/Source/timers.o
 .debug_macro   0x000360db       0x97 ./Middlewares/Third_Party/FreeRTOS/Source/timers.o
 .debug_macro   0x00036172      0x3ad ./Middlewares/Third_Party/FreeRTOS/Source/portable/GCC/ARM_CM33_NTZ/non_secure/port.o
 .debug_macro   0x0003651f      0x1ba ./Middlewares/Third_Party/FreeRTOS/Source/portable/GCC/ARM_CM33_NTZ/non_secure/port.o
 .debug_macro   0x000366d9       0xf8 ./Middlewares/Third_Party/FreeRTOS/Source/portable/GCC/ARM_CM33_NTZ/non_secure/portasm.o
 .debug_macro   0x000367d1      0x238 ./Middlewares/Third_Party/FreeRTOS/Source/portable/MemMang/heap_2.o

.debug_line     0x00000000    0x1ff5b
 .debug_line    0x00000000     0x15ac ./Core/Src/Drivers/Adc.o
 .debug_line    0x000015ac     0x1218 ./Core/Src/main.o
 .debug_line    0x000027c4      0x860 ./Core/Src/stm32u5xx_hal_msp.o
 .debug_line    0x00003024      0x893 ./Core/Src/stm32u5xx_hal_timebase_tim.o
 .debug_line    0x000038b7      0x8b1 ./Core/Src/stm32u5xx_it.o
 .debug_line    0x00004168      0x92c ./Core/Src/system_stm32u5xx.o
 .debug_line    0x00004a94       0x7b ./Core/Startup/startup_stm32u545retxq.o
 .debug_line    0x00004b0f      0xccb ./Drivers/STM32U5xx_HAL_Driver/Src/stm32u5xx_hal.o
 .debug_line    0x000057da     0x2739 ./Drivers/STM32U5xx_HAL_Driver/Src/stm32u5xx_hal_adc.o
 .debug_line    0x00007f13     0x17e9 ./Drivers/STM32U5xx_HAL_Driver/Src/stm32u5xx_hal_adc_ex.o
 .debug_line    0x000096fc      0xe7b ./Drivers/STM32U5xx_HAL_Driver/Src/stm32u5xx_hal_cortex.o
 .debug_line    0x0000a577      0xe78 ./Drivers/STM32U5xx_HAL_Driver/Src/stm32u5xx_hal_dcache.o
 .debug_line    0x0000b3ef     0x12ad ./Drivers/STM32U5xx_HAL_Driver/Src/stm32u5xx_hal_dma.o
 .debug_line    0x0000c69c      0xb1e ./Drivers/STM32U5xx_HAL_Driver/Src/stm32u5xx_hal_icache.o
 .debug_line    0x0000d1ba     0x1124 ./Drivers/STM32U5xx_HAL_Driver/Src/stm32u5xx_hal_pwr_ex.o
 .debug_line    0x0000e2de     0x16b8 ./Drivers/STM32U5xx_HAL_Driver/Src/stm32u5xx_hal_rcc.o
 .debug_line    0x0000f996     0x2264 ./Drivers/STM32U5xx_HAL_Driver/Src/stm32u5xx_hal_rcc_ex.o
 .debug_line    0x00011bfa     0x4585 ./Drivers/STM32U5xx_HAL_Driver/Src/stm32u5xx_hal_tim.o
 .debug_line    0x0001617f     0x2240 ./Drivers/STM32U5xx_HAL_Driver/Src/stm32u5xx_hal_tim_ex.o
 .debug_line    0x000183bf     0x22f8 ./Middlewares/Third_Party/FreeRTOS/Source/CMSIS_RTOS_V2/cmsis_os2.o
 .debug_line    0x0001a6b7      0x6eb ./Middlewares/Third_Party/FreeRTOS/Source/list.o
 .debug_line    0x0001ada2     0x152e ./Middlewares/Third_Party/FreeRTOS/Source/queue.o
 .debug_line    0x0001c2d0     0x1b1c ./Middlewares/Third_Party/FreeRTOS/Source/tasks.o
 .debug_line    0x0001ddec      0xc8d ./Middlewares/Third_Party/FreeRTOS/Source/timers.o
 .debug_line    0x0001ea79      0x785 ./Middlewares/Third_Party/FreeRTOS/Source/portable/GCC/ARM_CM33_NTZ/non_secure/port.o
 .debug_line    0x0001f1fe      0x56e ./Middlewares/Third_Party/FreeRTOS/Source/portable/GCC/ARM_CM33_NTZ/non_secure/portasm.o
 .debug_line    0x0001f76c      0x7ef ./Middlewares/Third_Party/FreeRTOS/Source/portable/MemMang/heap_2.o

.debug_str      0x00000000   0x1524af
 .debug_str     0x00000000   0x1524af ./Core/Src/Drivers/Adc.o
                             0x13d748 (size before relaxing)
 .debug_str     0x001524af   0x13b867 ./Core/Src/main.o
 .debug_str     0x001524af   0x134b1a ./Core/Src/stm32u5xx_hal_msp.o
 .debug_str     0x001524af   0x135140 ./Core/Src/stm32u5xx_hal_timebase_tim.o
 .debug_str     0x001524af   0x13478b ./Core/Src/stm32u5xx_it.o
 .debug_str     0x001524af   0x134403 ./Core/Src/system_stm32u5xx.o
 .debug_str     0x001524af       0x82 ./Core/Startup/startup_stm32u545retxq.o
 .debug_str     0x001524af   0x135191 ./Drivers/STM32U5xx_HAL_Driver/Src/stm32u5xx_hal.o
 .debug_str     0x001524af   0x1356f3 ./Drivers/STM32U5xx_HAL_Driver/Src/stm32u5xx_hal_adc.o
 .debug_str     0x001524af   0x13524a ./Drivers/STM32U5xx_HAL_Driver/Src/stm32u5xx_hal_adc_ex.o
 .debug_str     0x001524af   0x134fe3 ./Drivers/STM32U5xx_HAL_Driver/Src/stm32u5xx_hal_cortex.o
 .debug_str     0x001524af   0x134a60 ./Drivers/STM32U5xx_HAL_Driver/Src/stm32u5xx_hal_dcache.o
 .debug_str     0x001524af   0x134787 ./Drivers/STM32U5xx_HAL_Driver/Src/stm32u5xx_hal_dma.o
 .debug_str     0x001524af   0x134725 ./Drivers/STM32U5xx_HAL_Driver/Src/stm32u5xx_hal_icache.o
 .debug_str     0x001524af   0x134aa3 ./Drivers/STM32U5xx_HAL_Driver/Src/stm32u5xx_hal_pwr_ex.o
 .debug_str     0x001524af   0x135a68 ./Drivers/STM32U5xx_HAL_Driver/Src/stm32u5xx_hal_rcc.o
 .debug_str     0x001524af   0x136bd6 ./Drivers/STM32U5xx_HAL_Driver/Src/stm32u5xx_hal_rcc_ex.o
 .debug_str     0x001524af   0x135846 ./Drivers/STM32U5xx_HAL_Driver/Src/stm32u5xx_hal_tim.o
 .debug_str     0x001524af   0x13549d ./Drivers/STM32U5xx_HAL_Driver/Src/stm32u5xx_hal_tim_ex.o
 .debug_str     0x001524af   0x13d91c ./Middlewares/Third_Party/FreeRTOS/Source/CMSIS_RTOS_V2/cmsis_os2.o
 .debug_str     0x001524af     0xb816 ./Middlewares/Third_Party/FreeRTOS/Source/list.o
 .debug_str     0x001524af     0xe2ab ./Middlewares/Third_Party/FreeRTOS/Source/queue.o
 .debug_str     0x001524af     0xeadc ./Middlewares/Third_Party/FreeRTOS/Source/tasks.o
 .debug_str     0x001524af     0xe575 ./Middlewares/Third_Party/FreeRTOS/Source/timers.o
 .debug_str     0x001524af     0xb6d7 ./Middlewares/Third_Party/FreeRTOS/Source/portable/GCC/ARM_CM33_NTZ/non_secure/port.o
 .debug_str     0x001524af     0x8465 ./Middlewares/Third_Party/FreeRTOS/Source/portable/GCC/ARM_CM33_NTZ/non_secure/portasm.o
 .debug_str     0x001524af     0xd09f ./Middlewares/Third_Party/FreeRTOS/Source/portable/MemMang/heap_2.o

.comment        0x00000000       0x43
 .comment       0x00000000       0x43 ./Core/Src/Drivers/Adc.o
                                 0x44 (size before relaxing)
 .comment       0x00000043       0x44 ./Core/Src/main.o
 .comment       0x00000043       0x44 ./Core/Src/stm32u5xx_hal_msp.o
 .comment       0x00000043       0x44 ./Core/Src/stm32u5xx_hal_timebase_tim.o
 .comment       0x00000043       0x44 ./Core/Src/stm32u5xx_it.o
 .comment       0x00000043       0x44 ./Core/Src/system_stm32u5xx.o
 .comment       0x00000043       0x44 ./Drivers/STM32U5xx_HAL_Driver/Src/stm32u5xx_hal.o
 .comment       0x00000043       0x44 ./Drivers/STM32U5xx_HAL_Driver/Src/stm32u5xx_hal_adc.o
 .comment       0x00000043       0x44 ./Drivers/STM32U5xx_HAL_Driver/Src/stm32u5xx_hal_adc_ex.o
 .comment       0x00000043       0x44 ./Drivers/STM32U5xx_HAL_Driver/Src/stm32u5xx_hal_cortex.o
 .comment       0x00000043       0x44 ./Drivers/STM32U5xx_HAL_Driver/Src/stm32u5xx_hal_dcache.o
 .comment       0x00000043       0x44 ./Drivers/STM32U5xx_HAL_Driver/Src/stm32u5xx_hal_dma.o
 .comment       0x00000043       0x44 ./Drivers/STM32U5xx_HAL_Driver/Src/stm32u5xx_hal_icache.o
 .comment       0x00000043       0x44 ./Drivers/STM32U5xx_HAL_Driver/Src/stm32u5xx_hal_pwr_ex.o
 .comment       0x00000043       0x44 ./Drivers/STM32U5xx_HAL_Driver/Src/stm32u5xx_hal_rcc.o
 .comment       0x00000043       0x44 ./Drivers/STM32U5xx_HAL_Driver/Src/stm32u5xx_hal_rcc_ex.o
 .comment       0x00000043       0x44 ./Drivers/STM32U5xx_HAL_Driver/Src/stm32u5xx_hal_tim.o
 .comment       0x00000043       0x44 ./Drivers/STM32U5xx_HAL_Driver/Src/stm32u5xx_hal_tim_ex.o
 .comment       0x00000043       0x44 ./Middlewares/Third_Party/FreeRTOS/Source/CMSIS_RTOS_V2/cmsis_os2.o
 .comment       0x00000043       0x44 ./Middlewares/Third_Party/FreeRTOS/Source/list.o
 .comment       0x00000043       0x44 ./Middlewares/Third_Party/FreeRTOS/Source/queue.o
 .comment       0x00000043       0x44 ./Middlewares/Third_Party/FreeRTOS/Source/tasks.o
 .comment       0x00000043       0x44 ./Middlewares/Third_Party/FreeRTOS/Source/timers.o
 .comment       0x00000043       0x44 ./Middlewares/Third_Party/FreeRTOS/Source/portable/GCC/ARM_CM33_NTZ/non_secure/port.o
 .comment       0x00000043       0x44 ./Middlewares/Third_Party/FreeRTOS/Source/portable/GCC/ARM_CM33_NTZ/non_secure/portasm.o
 .comment       0x00000043       0x44 ./Middlewares/Third_Party/FreeRTOS/Source/portable/MemMang/heap_2.o

.debug_frame    0x00000000     0x7f50
 .debug_frame   0x00000000      0x35c ./Core/Src/Drivers/Adc.o
 .debug_frame   0x0000035c      0x12c ./Core/Src/main.o
 .debug_frame   0x00000488       0x84 ./Core/Src/stm32u5xx_hal_msp.o
 .debug_frame   0x0000050c       0x74 ./Core/Src/stm32u5xx_hal_timebase_tim.o
 .debug_frame   0x00000580       0xc4 ./Core/Src/stm32u5xx_it.o
 .debug_frame   0x00000644       0x58 ./Core/Src/system_stm32u5xx.o
 .debug_frame   0x0000069c      0x500 ./Drivers/STM32U5xx_HAL_Driver/Src/stm32u5xx_hal.o
 .debug_frame   0x00000b9c      0xb94 ./Drivers/STM32U5xx_HAL_Driver/Src/stm32u5xx_hal_adc.o
 .debug_frame   0x00001730      0x6b8 ./Drivers/STM32U5xx_HAL_Driver/Src/stm32u5xx_hal_adc_ex.o
 .debug_frame   0x00001de8      0x560 ./Drivers/STM32U5xx_HAL_Driver/Src/stm32u5xx_hal_cortex.o
 .debug_frame   0x00002348      0x52c ./Drivers/STM32U5xx_HAL_Driver/Src/stm32u5xx_hal_dcache.o
 .debug_frame   0x00002874      0x2a0 ./Drivers/STM32U5xx_HAL_Driver/Src/stm32u5xx_hal_dma.o
 .debug_frame   0x00002b14      0x298 ./Drivers/STM32U5xx_HAL_Driver/Src/stm32u5xx_hal_icache.o
 .debug_frame   0x00002dac      0x7cc ./Drivers/STM32U5xx_HAL_Driver/Src/stm32u5xx_hal_pwr_ex.o
 .debug_frame   0x00003578      0x288 ./Drivers/STM32U5xx_HAL_Driver/Src/stm32u5xx_hal_rcc.o
 .debug_frame   0x00003800      0x5f4 ./Drivers/STM32U5xx_HAL_Driver/Src/stm32u5xx_hal_rcc_ex.o
 .debug_frame   0x00003df4     0x125c ./Drivers/STM32U5xx_HAL_Driver/Src/stm32u5xx_hal_tim.o
 .debug_frame   0x00005050      0xac0 ./Drivers/STM32U5xx_HAL_Driver/Src/stm32u5xx_hal_tim_ex.o
 .debug_frame   0x00005b10      0xc20 ./Middlewares/Third_Party/FreeRTOS/Source/CMSIS_RTOS_V2/cmsis_os2.o
 .debug_frame   0x00006730       0xd8 ./Middlewares/Third_Party/FreeRTOS/Source/list.o
 .debug_frame   0x00006808      0x644 ./Middlewares/Third_Party/FreeRTOS/Source/queue.o
 .debug_frame   0x00006e4c      0x8fc ./Middlewares/Third_Party/FreeRTOS/Source/tasks.o
 .debug_frame   0x00007748      0x448 ./Middlewares/Third_Party/FreeRTOS/Source/timers.o
 .debug_frame   0x00007b90      0x1c8 ./Middlewares/Third_Party/FreeRTOS/Source/portable/GCC/ARM_CM33_NTZ/non_secure/port.o
 .debug_frame   0x00007d58       0xa0 ./Middlewares/Third_Party/FreeRTOS/Source/portable/GCC/ARM_CM33_NTZ/non_secure/portasm.o
 .debug_frame   0x00007df8       0xe4 ./Middlewares/Third_Party/FreeRTOS/Source/portable/MemMang/heap_2.o
 .debug_frame   0x00007edc       0x20 /opt/st/stm32cubeide_1.18.0/plugins/com.st.stm32cube.ide.mcu.externaltools.gnu-tools-for-stm32.13.3.rel1.linux64_1.0.0.202410170706/tools/bin/../lib/gcc/arm-none-eabi/13.3.1/../../../../arm-none-eabi/lib/thumb/v8-m.main+fp/hard/libc_nano.a(libc_a-memset.o)
 .debug_frame   0x00007efc       0x2c /opt/st/stm32cubeide_1.18.0/plugins/com.st.stm32cube.ide.mcu.externaltools.gnu-tools-for-stm32.13.3.rel1.linux64_1.0.0.202410170706/tools/bin/../lib/gcc/arm-none-eabi/13.3.1/../../../../arm-none-eabi/lib/thumb/v8-m.main+fp/hard/libc_nano.a(libc_a-init.o)
 .debug_frame   0x00007f28       0x28 /opt/st/stm32cubeide_1.18.0/plugins/com.st.stm32cube.ide.mcu.externaltools.gnu-tools-for-stm32.13.3.rel1.linux64_1.0.0.202410170706/tools/bin/../lib/gcc/arm-none-eabi/13.3.1/../../../../arm-none-eabi/lib/thumb/v8-m.main+fp/hard/libc_nano.a(libc_a-memcpy-stub.o)

.debug_line_str
                0x00000000       0x66
 .debug_line_str
                0x00000000       0x66 ./Core/Startup/startup_stm32u545retxq.o