../Drivers/STM32U5xx_HAL_Driver/Src/stm32u5xx_hal_exti.c:138:19:HAL_EXTI_SetConfigLine	40	static
../Drivers/STM32U5xx_HAL_Driver/Src/stm32u5xx_hal_exti.c:260:19:HAL_EXTI_GetConfigLine	40	static
../Drivers/STM32U5xx_HAL_Driver/Src/stm32u5xx_hal_exti.c:354:19:HAL_EXTI_ClearConfigLine	40	static
../Drivers/STM32U5xx_HAL_Driver/Src/stm32u5xx_hal_exti.c:420:19:HAL_EXTI_RegisterCallback	32	static
../Drivers/STM32U5xx_HAL_Driver/Src/stm32u5xx_hal_exti.c:456:19:HAL_EXTI_GetHandle	16	static
../Drivers/STM32U5xx_HAL_Driver/Src/stm32u5xx_hal_exti.c:497:6:HAL_EXTI_IRQHandler	32	static
../Drivers/STM32U5xx_HAL_Driver/Src/stm32u5xx_hal_exti.c:551:10:HAL_EXTI_GetPending	40	static
../Drivers/STM32U5xx_HAL_Driver/Src/stm32u5xx_hal_exti.c:595:6:HAL_EXTI_ClearPending	32	static
../Drivers/STM32U5xx_HAL_Driver/Src/stm32u5xx_hal_exti.c:631:6:HAL_EXTI_GenerateSWI	32	static
../Drivers/STM32U5xx_HAL_Driver/Src/stm32u5xx_hal_exti.c:682:6:HAL_EXTI_ConfigLineAttributes	40	static
../Drivers/STM32U5xx_HAL_Driver/Src/stm32u5xx_hal_exti.c:755:19:HAL_EXTI_GetConfigLineAttributes	40	static
