../Drivers/STM32U5xx_HAL_Driver/Inc/stm32u5xx_ll_adc.h:3029:22:LL_ADC_SetCommonClock	16	static
../Drivers/STM32U5xx_HAL_Driver/Inc/stm32u5xx_ll_adc.h:3165:22:LL_ADC_SetCommonPathInternalCh	16	static
../Drivers/STM32U5xx_HAL_Driver/Inc/stm32u5xx_ll_adc.h:3187:26:LL_ADC_GetCommonPathInternalCh	16	static
../Drivers/STM32U5xx_HAL_Driver/Inc/stm32u5xx_ll_adc.h:3377:22:LL_ADC_SetResolution	24	static
../Drivers/STM32U5xx_HAL_Driver/Inc/stm32u5xx_ll_adc.h:3648:22:LL_ADC_SetOffset	32	static
../Drivers/STM32U5xx_HAL_Driver/Inc/stm32u5xx_ll_adc.h:3722:26:LL_ADC_GetOffsetChannel	24	static
../Drivers/STM32U5xx_HAL_Driver/Inc/stm32u5xx_ll_adc.h:3777:22:LL_ADC_SetOffsetSign	32	static
../Drivers/STM32U5xx_HAL_Driver/Inc/stm32u5xx_ll_adc.h:3826:22:LL_ADC_SetOffsetSignedSaturation	32	static
../Drivers/STM32U5xx_HAL_Driver/Inc/stm32u5xx_ll_adc.h:3874:22:LL_ADC_SetOffsetUnsignedSaturation	32	static
../Drivers/STM32U5xx_HAL_Driver/Inc/stm32u5xx_ll_adc.h:3924:22:LL_ADC_SetGainCompensation	16	static
../Drivers/STM32U5xx_HAL_Driver/Inc/stm32u5xx_ll_adc.h:3994:22:LL_ADC_SetSamplingTimeCommonChannels	24	static
../Drivers/STM32U5xx_HAL_Driver/Inc/stm32u5xx_ll_adc.h:4173:26:LL_ADC_REG_IsTriggerSourceSWStart	16	static
../Drivers/STM32U5xx_HAL_Driver/Inc/stm32u5xx_ll_adc.h:4703:22:LL_ADC_REG_SetSequencerRanks	40	static,ignoring_inline_asm
../Drivers/STM32U5xx_HAL_Driver/Inc/stm32u5xx_ll_adc.h:5043:22:LL_ADC_REG_SetSequencerChAdd	32	static,ignoring_inline_asm
../Drivers/STM32U5xx_HAL_Driver/Inc/stm32u5xx_ll_adc.h:5127:22:LL_ADC_REG_SetSequencerChRem	16	static
../Drivers/STM32U5xx_HAL_Driver/Inc/stm32u5xx_ll_adc.h:5590:26:LL_ADC_REG_GetDMATransfer	16	static
../Drivers/STM32U5xx_HAL_Driver/Inc/stm32u5xx_ll_adc.h:5753:26:LL_ADC_INJ_IsTriggerSourceSWStart	16	static
../Drivers/STM32U5xx_HAL_Driver/Inc/stm32u5xx_ll_adc.h:6408:22:LL_ADC_SetChannelSamplingTime	48	static,ignoring_inline_asm
../Drivers/STM32U5xx_HAL_Driver/Inc/stm32u5xx_ll_adc.h:6598:22:LL_ADC_SetChannelSingleDiff	24	static
../Drivers/STM32U5xx_HAL_Driver/Inc/stm32u5xx_ll_adc.h:6792:22:LL_ADC_SetAnalogWDMonitChannels	32	static
../Drivers/STM32U5xx_HAL_Driver/Inc/stm32u5xx_ll_adc.h:7250:22:LL_ADC_ConfigAnalogWDThresholds	32	static
../Drivers/STM32U5xx_HAL_Driver/Inc/stm32u5xx_ll_adc.h:7321:22:LL_ADC_SetAWDFilteringConfiguration	24	static
../Drivers/STM32U5xx_HAL_Driver/Inc/stm32u5xx_ll_adc.h:7851:22:LL_ADC_DisableDeepPowerDown	16	static
../Drivers/STM32U5xx_HAL_Driver/Inc/stm32u5xx_ll_adc.h:7865:26:LL_ADC_IsDeepPowerDownEnabled	16	static
../Drivers/STM32U5xx_HAL_Driver/Inc/stm32u5xx_ll_adc.h:7884:22:LL_ADC_EnableInternalRegulator	16	static
../Drivers/STM32U5xx_HAL_Driver/Inc/stm32u5xx_ll_adc.h:7912:26:LL_ADC_IsInternalRegulatorEnabled	16	static
../Drivers/STM32U5xx_HAL_Driver/Inc/stm32u5xx_ll_adc.h:7933:22:LL_ADC_Enable	16	static
../Drivers/STM32U5xx_HAL_Driver/Inc/stm32u5xx_ll_adc.h:7951:22:LL_ADC_Disable	16	static
../Drivers/STM32U5xx_HAL_Driver/Inc/stm32u5xx_ll_adc.h:7968:26:LL_ADC_IsEnabled	16	static
../Drivers/STM32U5xx_HAL_Driver/Inc/stm32u5xx_ll_adc.h:7979:26:LL_ADC_IsDisableOngoing	16	static
../Drivers/STM32U5xx_HAL_Driver/Inc/stm32u5xx_ll_adc.h:8068:22:LL_ADC_REG_StartConversion	16	static
../Drivers/STM32U5xx_HAL_Driver/Inc/stm32u5xx_ll_adc.h:8086:22:LL_ADC_REG_StopConversion	16	static
../Drivers/STM32U5xx_HAL_Driver/Inc/stm32u5xx_ll_adc.h:8102:26:LL_ADC_REG_IsConversionOngoing	16	static
../Drivers/STM32U5xx_HAL_Driver/Inc/stm32u5xx_ll_adc.h:8279:22:LL_ADC_INJ_StopConversion	16	static
../Drivers/STM32U5xx_HAL_Driver/Inc/stm32u5xx_ll_adc.h:8293:26:LL_ADC_INJ_IsConversionOngoing	16	static
../Drivers/STM32U5xx_HAL_Driver/Inc/stm32u5xx_ll_adc.h:8671:22:LL_ADC_ClearFlag_AWD1	16	static
../Drivers/STM32U5xx_HAL_Driver/Inc/stm32u5xx_ll_adc.h:8682:22:LL_ADC_ClearFlag_AWD2	16	static
../Drivers/STM32U5xx_HAL_Driver/Inc/stm32u5xx_ll_adc.h:8693:22:LL_ADC_ClearFlag_AWD3	16	static
../Drivers/STM32U5xx_HAL_Driver/Inc/stm32u5xx_ll_adc.h:8790:22:LL_ADC_EnableIT_AWD1	16	static
../Drivers/STM32U5xx_HAL_Driver/Inc/stm32u5xx_ll_adc.h:8801:22:LL_ADC_EnableIT_AWD2	16	static
../Drivers/STM32U5xx_HAL_Driver/Inc/stm32u5xx_ll_adc.h:8812:22:LL_ADC_EnableIT_AWD3	16	static
../Drivers/STM32U5xx_HAL_Driver/Inc/stm32u5xx_ll_adc.h:8911:22:LL_ADC_DisableIT_AWD1	16	static
../Drivers/STM32U5xx_HAL_Driver/Inc/stm32u5xx_ll_adc.h:8922:22:LL_ADC_DisableIT_AWD2	16	static
../Drivers/STM32U5xx_HAL_Driver/Inc/stm32u5xx_ll_adc.h:8933:22:LL_ADC_DisableIT_AWD3	16	static
../Drivers/STM32U5xx_HAL_Driver/Src/stm32u5xx_hal_adc.c:406:19:HAL_ADC_Init	48	static
../Drivers/STM32U5xx_HAL_Driver/Src/stm32u5xx_hal_adc.c:952:19:HAL_ADC_DeInit	24	static
../Drivers/STM32U5xx_HAL_Driver/Src/stm32u5xx_hal_adc.c:1212:13:HAL_ADC_MspInit	16	static
../Drivers/STM32U5xx_HAL_Driver/Src/stm32u5xx_hal_adc.c:1229:13:HAL_ADC_MspDeInit	16	static
../Drivers/STM32U5xx_HAL_Driver/Src/stm32u5xx_hal_adc.c:1561:19:HAL_ADC_Start	24	static
../Drivers/STM32U5xx_HAL_Driver/Src/stm32u5xx_hal_adc.c:1705:19:HAL_ADC_Stop	24	static
../Drivers/STM32U5xx_HAL_Driver/Src/stm32u5xx_hal_adc.c:1756:19:HAL_ADC_PollForConversion	32	static
../Drivers/STM32U5xx_HAL_Driver/Src/stm32u5xx_hal_adc.c:1998:19:HAL_ADC_PollForEvent	32	static
../Drivers/STM32U5xx_HAL_Driver/Src/stm32u5xx_hal_adc.c:2133:19:HAL_ADC_Start_IT	24	static
../Drivers/STM32U5xx_HAL_Driver/Src/stm32u5xx_hal_adc.c:2339:19:HAL_ADC_Stop_IT	24	static
../Drivers/STM32U5xx_HAL_Driver/Src/stm32u5xx_hal_adc.c:2389:19:HAL_ADC_Start_DMA	144	static
../Drivers/STM32U5xx_HAL_Driver/Src/stm32u5xx_hal_adc.c:2596:19:HAL_ADC_Stop_DMA	24	static
../Drivers/STM32U5xx_HAL_Driver/Src/stm32u5xx_hal_adc.c:2688:10:HAL_ADC_GetValue	16	static
../Drivers/STM32U5xx_HAL_Driver/Src/stm32u5xx_hal_adc.c:2705:6:HAL_ADC_IRQHandler	40	static
../Drivers/STM32U5xx_HAL_Driver/Src/stm32u5xx_hal_adc.c:3160:13:HAL_ADC_ConvCpltCallback	16	static
../Drivers/STM32U5xx_HAL_Driver/Src/stm32u5xx_hal_adc.c:3175:13:HAL_ADC_ConvHalfCpltCallback	16	static
../Drivers/STM32U5xx_HAL_Driver/Src/stm32u5xx_hal_adc.c:3190:13:HAL_ADC_LevelOutOfWindowCallback	16	static
../Drivers/STM32U5xx_HAL_Driver/Src/stm32u5xx_hal_adc.c:3212:13:HAL_ADC_ErrorCallback	16	static
../Drivers/STM32U5xx_HAL_Driver/Src/stm32u5xx_hal_adc.c:3227:13:HAL_ADC_CalibrationCpltCallback	16	static
../Drivers/STM32U5xx_HAL_Driver/Src/stm32u5xx_hal_adc.c:3242:13:HAL_ADC_VoltageRegulatorCallback	16	static
../Drivers/STM32U5xx_HAL_Driver/Src/stm32u5xx_hal_adc.c:3257:13:HAL_ADC_ADCReadyCallback	16	static
../Drivers/STM32U5xx_HAL_Driver/Src/stm32u5xx_hal_adc.c:3303:19:HAL_ADC_ConfigChannel	248	static,ignoring_inline_asm
../Drivers/STM32U5xx_HAL_Driver/Src/stm32u5xx_hal_adc.c:3822:19:HAL_ADC_AnalogWDGConfig	64	static,ignoring_inline_asm
../Drivers/STM32U5xx_HAL_Driver/Src/stm32u5xx_hal_adc.c:4115:10:HAL_ADC_GetState	16	static
../Drivers/STM32U5xx_HAL_Driver/Src/stm32u5xx_hal_adc.c:4129:10:HAL_ADC_GetError	16	static
../Drivers/STM32U5xx_HAL_Driver/Src/stm32u5xx_hal_adc.c:4159:19:ADC_ConversionStop	40	static
../Drivers/STM32U5xx_HAL_Driver/Src/stm32u5xx_hal_adc.c:4287:19:ADC_Enable	24	static
../Drivers/STM32U5xx_HAL_Driver/Src/stm32u5xx_hal_adc.c:4373:19:ADC_Disable	24	static
../Drivers/STM32U5xx_HAL_Driver/Src/stm32u5xx_hal_adc.c:4434:6:ADC_DMAConvCplt	24	static
../Drivers/STM32U5xx_HAL_Driver/Src/stm32u5xx_hal_adc.c:4512:6:ADC_DMAHalfConvCplt	24	static
../Drivers/STM32U5xx_HAL_Driver/Src/stm32u5xx_hal_adc.c:4530:6:ADC_DMAError	24	static
