../Drivers/STM32U5xx_HAL_Driver/Src/stm32u5xx_hal_flash_ex.c:180:19:HAL_FLASHEx_Erase	32	static
../Drivers/STM32U5xx_HAL_Driver/Src/stm32u5xx_hal_flash_ex.c:252:19:HAL_FLASHEx_Erase_IT	24	static
../Drivers/STM32U5xx_HAL_Driver/Src/stm32u5xx_hal_flash_ex.c:318:19:HAL_FLASHEx_OBProgram	24	static
../Drivers/STM32U5xx_HAL_Driver/Src/stm32u5xx_hal_flash_ex.c:411:6:HAL_FLASHEx_OBGetConfig	16	static
../Drivers/STM32U5xx_HAL_Driver/Src/stm32u5xx_hal_flash_ex.c:470:19:HAL_FLASHEx_ConfigBBAttributes	24	static,ignoring_inline_asm
../Drivers/STM32U5xx_HAL_Driver/Src/stm32u5xx_hal_flash_ex.c:544:6:HAL_FLASHEx_GetConfigBBAttributes	24	static
../Drivers/STM32U5xx_HAL_Driver/Src/stm32u5xx_hal_flash_ex.c:638:6:HAL_FLASHEx_ConfigPrivMode	16	static
../Drivers/STM32U5xx_HAL_Driver/Src/stm32u5xx_hal_flash_ex.c:660:10:HAL_FLASHEx_GetPrivMode	4	static
../Drivers/STM32U5xx_HAL_Driver/Src/stm32u5xx_hal_flash_ex.c:723:19:HAL_FLASHEx_EnablePowerDown	24	static
../Drivers/STM32U5xx_HAL_Driver/Src/stm32u5xx_hal_flash_ex.c:812:19:HAL_FLASHEx_ConfigLowPowerRead	24	static
../Drivers/STM32U5xx_HAL_Driver/Src/stm32u5xx_hal_flash_ex.c:839:10:HAL_FLASHEx_GetLowPowerRead	4	static
../Drivers/STM32U5xx_HAL_Driver/Src/stm32u5xx_hal_flash_ex.c:852:6:HAL_FLASHEx_GetOperation	24	static
../Drivers/STM32U5xx_HAL_Driver/Src/stm32u5xx_hal_flash_ex.c:888:13:FLASH_MassErase	24	static
../Drivers/STM32U5xx_HAL_Driver/Src/stm32u5xx_hal_flash_ex.c:921:6:FLASH_PageErase	24	static
../Drivers/STM32U5xx_HAL_Driver/Src/stm32u5xx_hal_flash_ex.c:976:13:FLASH_OB_WRPConfig	24	static
../Drivers/STM32U5xx_HAL_Driver/Src/stm32u5xx_hal_flash_ex.c:1035:13:FLASH_OB_RDPConfig	16	static
../Drivers/STM32U5xx_HAL_Driver/Src/stm32u5xx_hal_flash_ex.c:1054:13:FLASH_OB_RDPKeyConfig	24	static
../Drivers/STM32U5xx_HAL_Driver/Src/stm32u5xx_hal_flash_ex.c:1095:13:FLASH_OB_UserConfig	24	static
../Drivers/STM32U5xx_HAL_Driver/Src/stm32u5xx_hal_flash_ex.c:1445:13:FLASH_OB_BootAddrConfig	16	static
../Drivers/STM32U5xx_HAL_Driver/Src/stm32u5xx_hal_flash_ex.c:1491:13:FLASH_OB_GetWRP	24	static
../Drivers/STM32U5xx_HAL_Driver/Src/stm32u5xx_hal_flash_ex.c:1534:17:FLASH_OB_GetRDP	16	static
../Drivers/STM32U5xx_HAL_Driver/Src/stm32u5xx_hal_flash_ex.c:1563:17:FLASH_OB_GetUser	16	static
../Drivers/STM32U5xx_HAL_Driver/Src/stm32u5xx_hal_flash_ex.c:1664:13:FLASH_OB_GetBootAddr	16	static
