../Drivers/STM32U5xx_HAL_Driver/Src/stm32u5xx_hal_tim_ex.c:157:19:HAL_TIMEx_HallSensor_Init	48	static
../Drivers/STM32U5xx_HAL_Driver/Src/stm32u5xx_hal_tim_ex.c:259:19:HAL_TIMEx_HallSensor_DeInit	16	static
../Drivers/STM32U5xx_HAL_Driver/Src/stm32u5xx_hal_tim_ex.c:304:13:HAL_TIMEx_HallSensor_MspInit	16	static
../Drivers/STM32U5xx_HAL_Driver/Src/stm32u5xx_hal_tim_ex.c:319:13:HAL_TIMEx_HallSensor_MspDeInit	16	static
../Drivers/STM32U5xx_HAL_Driver/Src/stm32u5xx_hal_tim_ex.c:334:19:HAL_TIMEx_HallSensor_Start	24	static
../Drivers/STM32U5xx_HAL_Driver/Src/stm32u5xx_hal_tim_ex.c:388:19:HAL_TIMEx_HallSensor_Stop	16	static
../Drivers/STM32U5xx_HAL_Driver/Src/stm32u5xx_hal_tim_ex.c:416:19:HAL_TIMEx_HallSensor_Start_IT	24	static
../Drivers/STM32U5xx_HAL_Driver/Src/stm32u5xx_hal_tim_ex.c:473:19:HAL_TIMEx_HallSensor_Stop_IT	16	static
../Drivers/STM32U5xx_HAL_Driver/Src/stm32u5xx_hal_tim_ex.c:506:19:HAL_TIMEx_HallSensor_Start_DMA	32	static
../Drivers/STM32U5xx_HAL_Driver/Src/stm32u5xx_hal_tim_ex.c:582:19:HAL_TIMEx_HallSensor_Stop_DMA	16	static
../Drivers/STM32U5xx_HAL_Driver/Src/stm32u5xx_hal_tim_ex.c:645:19:HAL_TIMEx_OCN_Start	24	static
../Drivers/STM32U5xx_HAL_Driver/Src/stm32u5xx_hal_tim_ex.c:697:19:HAL_TIMEx_OCN_Stop	16	static
../Drivers/STM32U5xx_HAL_Driver/Src/stm32u5xx_hal_tim_ex.c:730:19:HAL_TIMEx_OCN_Start_IT	24	static
../Drivers/STM32U5xx_HAL_Driver/Src/stm32u5xx_hal_tim_ex.c:825:19:HAL_TIMEx_OCN_Stop_IT	24	static
../Drivers/STM32U5xx_HAL_Driver/Src/stm32u5xx_hal_tim_ex.c:908:19:HAL_TIMEx_OCN_Start_DMA	32	static
../Drivers/STM32U5xx_HAL_Driver/Src/stm32u5xx_hal_tim_ex.c:1068:19:HAL_TIMEx_OCN_Stop_DMA	24	static
../Drivers/STM32U5xx_HAL_Driver/Src/stm32u5xx_hal_tim_ex.c:1167:19:HAL_TIMEx_PWMN_Start	24	static
../Drivers/STM32U5xx_HAL_Driver/Src/stm32u5xx_hal_tim_ex.c:1218:19:HAL_TIMEx_PWMN_Stop	16	static
../Drivers/STM32U5xx_HAL_Driver/Src/stm32u5xx_hal_tim_ex.c:1251:19:HAL_TIMEx_PWMN_Start_IT	24	static
../Drivers/STM32U5xx_HAL_Driver/Src/stm32u5xx_hal_tim_ex.c:1345:19:HAL_TIMEx_PWMN_Stop_IT	24	static
../Drivers/STM32U5xx_HAL_Driver/Src/stm32u5xx_hal_tim_ex.c:1428:19:HAL_TIMEx_PWMN_Start_DMA	32	static
../Drivers/STM32U5xx_HAL_Driver/Src/stm32u5xx_hal_tim_ex.c:1588:19:HAL_TIMEx_PWMN_Stop_DMA	24	static
../Drivers/STM32U5xx_HAL_Driver/Src/stm32u5xx_hal_tim_ex.c:1687:19:HAL_TIMEx_OnePulseN_Start	24	static
../Drivers/STM32U5xx_HAL_Driver/Src/stm32u5xx_hal_tim_ex.c:1736:19:HAL_TIMEx_OnePulseN_Stop	24	static
../Drivers/STM32U5xx_HAL_Driver/Src/stm32u5xx_hal_tim_ex.c:1775:19:HAL_TIMEx_OnePulseN_Start_IT	24	static
../Drivers/STM32U5xx_HAL_Driver/Src/stm32u5xx_hal_tim_ex.c:1830:19:HAL_TIMEx_OnePulseN_Stop_IT	24	static
../Drivers/STM32U5xx_HAL_Driver/Src/stm32u5xx_hal_tim_ex.c:1919:19:HAL_TIMEx_ConfigCommutEvent	24	static
../Drivers/STM32U5xx_HAL_Driver/Src/stm32u5xx_hal_tim_ex.c:1984:19:HAL_TIMEx_ConfigCommutEvent_IT	24	static
../Drivers/STM32U5xx_HAL_Driver/Src/stm32u5xx_hal_tim_ex.c:2050:19:HAL_TIMEx_ConfigCommutEvent_DMA	24	static
../Drivers/STM32U5xx_HAL_Driver/Src/stm32u5xx_hal_tim_ex.c:2102:19:HAL_TIMEx_MasterConfigSynchronization	24	static
../Drivers/STM32U5xx_HAL_Driver/Src/stm32u5xx_hal_tim_ex.c:2175:19:HAL_TIMEx_ConfigBreakDeadTime	24	static
../Drivers/STM32U5xx_HAL_Driver/Src/stm32u5xx_hal_tim_ex.c:2243:19:HAL_TIMEx_ConfigBreakInput	48	static
../Drivers/STM32U5xx_HAL_Driver/Src/stm32u5xx_hal_tim_ex.c:2470:19:HAL_TIMEx_RemapConfig	16	static
../Drivers/STM32U5xx_HAL_Driver/Src/stm32u5xx_hal_tim_ex.c:2577:20:HAL_TIMEx_TISelection	32	static
../Drivers/STM32U5xx_HAL_Driver/Src/stm32u5xx_hal_tim_ex.c:2619:19:HAL_TIMEx_GroupChannel5	16	static
../Drivers/STM32U5xx_HAL_Driver/Src/stm32u5xx_hal_tim_ex.c:2657:19:HAL_TIMEx_DisarmBreakInput	24	static
../Drivers/STM32U5xx_HAL_Driver/Src/stm32u5xx_hal_tim_ex.c:2711:19:HAL_TIMEx_ReArmBreakInput	24	static
../Drivers/STM32U5xx_HAL_Driver/Src/stm32u5xx_hal_tim_ex.c:2794:19:HAL_TIMEx_DitheringEnable	16	static
../Drivers/STM32U5xx_HAL_Driver/Src/stm32u5xx_hal_tim_ex.c:2818:19:HAL_TIMEx_DitheringDisable	16	static
../Drivers/STM32U5xx_HAL_Driver/Src/stm32u5xx_hal_tim_ex.c:2836:19:HAL_TIMEx_OC_ConfigPulseOnCompare	32	static
../Drivers/STM32U5xx_HAL_Driver/Src/stm32u5xx_hal_tim_ex.c:2881:19:HAL_TIMEx_ConfigSlaveModePreload	16	static
../Drivers/STM32U5xx_HAL_Driver/Src/stm32u5xx_hal_tim_ex.c:2896:19:HAL_TIMEx_EnableSlaveModePreload	16	static
../Drivers/STM32U5xx_HAL_Driver/Src/stm32u5xx_hal_tim_ex.c:2910:19:HAL_TIMEx_DisableSlaveModePreload	16	static
../Drivers/STM32U5xx_HAL_Driver/Src/stm32u5xx_hal_tim_ex.c:2924:19:HAL_TIMEx_EnableDeadTimePreload	16	static
../Drivers/STM32U5xx_HAL_Driver/Src/stm32u5xx_hal_tim_ex.c:2938:19:HAL_TIMEx_DisableDeadTimePreload	16	static
../Drivers/STM32U5xx_HAL_Driver/Src/stm32u5xx_hal_tim_ex.c:2954:19:HAL_TIMEx_ConfigDeadTime	16	static
../Drivers/STM32U5xx_HAL_Driver/Src/stm32u5xx_hal_tim_ex.c:2971:19:HAL_TIMEx_ConfigAsymmetricalDeadTime	16	static
../Drivers/STM32U5xx_HAL_Driver/Src/stm32u5xx_hal_tim_ex.c:2986:19:HAL_TIMEx_EnableAsymmetricalDeadTime	16	static
../Drivers/STM32U5xx_HAL_Driver/Src/stm32u5xx_hal_tim_ex.c:3000:19:HAL_TIMEx_DisableAsymmetricalDeadTime	16	static
../Drivers/STM32U5xx_HAL_Driver/Src/stm32u5xx_hal_tim_ex.c:3018:19:HAL_TIMEx_ConfigEncoderIndex	16	static
../Drivers/STM32U5xx_HAL_Driver/Src/stm32u5xx_hal_tim_ex.c:3081:19:HAL_TIMEx_EnableEncoderIndex	16	static
../Drivers/STM32U5xx_HAL_Driver/Src/stm32u5xx_hal_tim_ex.c:3095:19:HAL_TIMEx_DisableEncoderIndex	16	static
../Drivers/STM32U5xx_HAL_Driver/Src/stm32u5xx_hal_tim_ex.c:3109:19:HAL_TIMEx_EnableEncoderFirstIndex	16	static
../Drivers/STM32U5xx_HAL_Driver/Src/stm32u5xx_hal_tim_ex.c:3123:19:HAL_TIMEx_DisableEncoderFirstIndex	16	static
../Drivers/STM32U5xx_HAL_Driver/Src/stm32u5xx_hal_tim_ex.c:3157:13:HAL_TIMEx_CommutCallback	16	static
../Drivers/STM32U5xx_HAL_Driver/Src/stm32u5xx_hal_tim_ex.c:3171:13:HAL_TIMEx_CommutHalfCpltCallback	16	static
../Drivers/STM32U5xx_HAL_Driver/Src/stm32u5xx_hal_tim_ex.c:3186:13:HAL_TIMEx_BreakCallback	16	static
../Drivers/STM32U5xx_HAL_Driver/Src/stm32u5xx_hal_tim_ex.c:3201:13:HAL_TIMEx_Break2Callback	16	static
../Drivers/STM32U5xx_HAL_Driver/Src/stm32u5xx_hal_tim_ex.c:3216:13:HAL_TIMEx_EncoderIndexCallback	16	static
../Drivers/STM32U5xx_HAL_Driver/Src/stm32u5xx_hal_tim_ex.c:3231:13:HAL_TIMEx_DirectionChangeCallback	16	static
../Drivers/STM32U5xx_HAL_Driver/Src/stm32u5xx_hal_tim_ex.c:3246:13:HAL_TIMEx_IndexErrorCallback	16	static
../Drivers/STM32U5xx_HAL_Driver/Src/stm32u5xx_hal_tim_ex.c:3261:13:HAL_TIMEx_TransitionErrorCallback	16	static
../Drivers/STM32U5xx_HAL_Driver/Src/stm32u5xx_hal_tim_ex.c:3295:22:HAL_TIMEx_HallSensor_GetState	16	static
../Drivers/STM32U5xx_HAL_Driver/Src/stm32u5xx_hal_tim_ex.c:3311:29:HAL_TIMEx_GetChannelNState	24	static
../Drivers/STM32U5xx_HAL_Driver/Src/stm32u5xx_hal_tim_ex.c:3340:6:TIMEx_DMACommutationCplt	24	static
../Drivers/STM32U5xx_HAL_Driver/Src/stm32u5xx_hal_tim_ex.c:3359:6:TIMEx_DMACommutationHalfCplt	24	static
../Drivers/STM32U5xx_HAL_Driver/Src/stm32u5xx_hal_tim_ex.c:3379:13:TIM_DMADelayPulseNCplt	24	static
../Drivers/STM32U5xx_HAL_Driver/Src/stm32u5xx_hal_tim_ex.c:3418:13:TIM_DMAErrorCCxN	24	static
../Drivers/STM32U5xx_HAL_Driver/Src/stm32u5xx_hal_tim_ex.c:3469:13:TIM_CCxNChannelCmd	32	static
../Drivers/STM32U5xx_HAL_Driver/Src/stm32u5xx_hal_tim_ex.c:3489:19:HAL_TIMEx_EnableHSE32	16	static
../Drivers/STM32U5xx_HAL_Driver/Src/stm32u5xx_hal_tim_ex.c:3519:19:HAL_TIMEx_DisableHSE32	16	static
