../Drivers/STM32U5xx_HAL_Driver/Src/stm32u5xx_hal.c:140:19:HAL_Init	8	static
../Drivers/STM32U5xx_HAL_Driver/Src/stm32u5xx_hal.c:174:19:HAL_DeInit	8	static
../Drivers/STM32U5xx_HAL_Driver/Src/stm32u5xx_hal.c:203:13:HAL_MspInit	4	static
../Drivers/STM32U5xx_HAL_Driver/Src/stm32u5xx_hal.c:214:13:HAL_MspDeInit	4	static
../Drivers/STM32U5xx_HAL_Driver/Src/stm32u5xx_hal.c:237:26:HAL_InitTick	24	static
../Drivers/STM32U5xx_HAL_Driver/Src/stm32u5xx_hal.c:330:13:HAL_IncTick	4	static
../Drivers/STM32U5xx_HAL_Driver/Src/stm32u5xx_hal.c:341:17:HAL_GetTick	4	static
../Drivers/STM32U5xx_HAL_Driver/Src/stm32u5xx_hal.c:350:10:HAL_GetTickPrio	4	static
../Drivers/STM32U5xx_HAL_Driver/Src/stm32u5xx_hal.c:359:19:HAL_SetTickFreq	24	static
../Drivers/STM32U5xx_HAL_Driver/Src/stm32u5xx_hal.c:383:21:HAL_GetTickFreq	4	static
../Drivers/STM32U5xx_HAL_Driver/Src/stm32u5xx_hal.c:399:13:HAL_Delay	24	static
../Drivers/STM32U5xx_HAL_Driver/Src/stm32u5xx_hal.c:425:13:HAL_SuspendTick	4	static
../Drivers/STM32U5xx_HAL_Driver/Src/stm32u5xx_hal.c:441:13:HAL_ResumeTick	4	static
../Drivers/STM32U5xx_HAL_Driver/Src/stm32u5xx_hal.c:451:10:HAL_GetHalVersion	4	static
../Drivers/STM32U5xx_HAL_Driver/Src/stm32u5xx_hal.c:460:10:HAL_GetREVID	4	static
../Drivers/STM32U5xx_HAL_Driver/Src/stm32u5xx_hal.c:469:10:HAL_GetDEVID	4	static
../Drivers/STM32U5xx_HAL_Driver/Src/stm32u5xx_hal.c:478:10:HAL_GetUIDw0	4	static
../Drivers/STM32U5xx_HAL_Driver/Src/stm32u5xx_hal.c:487:10:HAL_GetUIDw1	4	static
../Drivers/STM32U5xx_HAL_Driver/Src/stm32u5xx_hal.c:496:10:HAL_GetUIDw2	4	static
../Drivers/STM32U5xx_HAL_Driver/Src/stm32u5xx_hal.c:525:6:HAL_DBGMCU_EnableDBGStopMode	4	static
../Drivers/STM32U5xx_HAL_Driver/Src/stm32u5xx_hal.c:534:6:HAL_DBGMCU_DisableDBGStopMode	4	static
../Drivers/STM32U5xx_HAL_Driver/Src/stm32u5xx_hal.c:543:6:HAL_DBGMCU_EnableDBGStandbyMode	4	static
../Drivers/STM32U5xx_HAL_Driver/Src/stm32u5xx_hal.c:552:6:HAL_DBGMCU_DisableDBGStandbyMode	4	static
../Drivers/STM32U5xx_HAL_Driver/Src/stm32u5xx_hal.c:591:6:HAL_SYSCFG_VREFBUF_VoltageScalingConfig	16	static
../Drivers/STM32U5xx_HAL_Driver/Src/stm32u5xx_hal.c:607:6:HAL_SYSCFG_VREFBUF_HighImpedanceConfig	16	static
../Drivers/STM32U5xx_HAL_Driver/Src/stm32u5xx_hal.c:619:6:HAL_SYSCFG_VREFBUF_TrimmingConfig	16	static
../Drivers/STM32U5xx_HAL_Driver/Src/stm32u5xx_hal.c:631:19:HAL_SYSCFG_EnableVREFBUF	16	static
../Drivers/STM32U5xx_HAL_Driver/Src/stm32u5xx_hal.c:657:6:HAL_SYSCFG_DisableVREFBUF	4	static
../Drivers/STM32U5xx_HAL_Driver/Src/stm32u5xx_hal.c:667:6:HAL_SYSCFG_EnableIOAnalogBooster	4	static
../Drivers/STM32U5xx_HAL_Driver/Src/stm32u5xx_hal.c:677:6:HAL_SYSCFG_DisableIOAnalogBooster	4	static
../Drivers/STM32U5xx_HAL_Driver/Src/stm32u5xx_hal.c:687:6:HAL_SYSCFG_EnableIOAnalogVoltageSelection	4	static
../Drivers/STM32U5xx_HAL_Driver/Src/stm32u5xx_hal.c:697:6:HAL_SYSCFG_DisableIOAnalogVoltageSelection	4	static
../Drivers/STM32U5xx_HAL_Driver/Src/stm32u5xx_hal.c:765:6:HAL_SYSCFG_EnableVddCompensationCell	4	static
../Drivers/STM32U5xx_HAL_Driver/Src/stm32u5xx_hal.c:777:6:HAL_SYSCFG_EnableVddIO2CompensationCell	4	static
../Drivers/STM32U5xx_HAL_Driver/Src/stm32u5xx_hal.c:801:6:HAL_SYSCFG_DisableVddCompensationCell	4	static
../Drivers/STM32U5xx_HAL_Driver/Src/stm32u5xx_hal.c:813:6:HAL_SYSCFG_DisableVddIO2CompensationCell	4	static
../Drivers/STM32U5xx_HAL_Driver/Src/stm32u5xx_hal.c:853:6:HAL_SYSCFG_Lock	16	static
../Drivers/STM32U5xx_HAL_Driver/Src/stm32u5xx_hal.c:874:19:HAL_SYSCFG_GetLock	24	static
