../Drivers/STM32U5xx_HAL_Driver/Src/stm32u5xx_hal_rcc.c:360:19:HAL_RCC_DeInit	16	static
../Drivers/STM32U5xx_HAL_Driver/Src/stm32u5xx_hal_rcc.c:525:19:HAL_RCC_OscConfig	64	static
../Drivers/STM32U5xx_HAL_Driver/Src/stm32u5xx_hal_rcc.c:1352:19:HAL_RCC_ClockConfig	32	static
../Drivers/STM32U5xx_HAL_Driver/Src/stm32u5xx_hal_rcc.c:1657:6:HAL_RCC_MCOConfig	48	static
../Drivers/STM32U5xx_HAL_Driver/Src/stm32u5xx_hal_rcc.c:1710:10:HAL_RCC_GetSysClockFreq	48	static
../Drivers/STM32U5xx_HAL_Driver/Src/stm32u5xx_hal_rcc.c:1812:10:HAL_RCC_GetHCLKFreq	8	static
../Drivers/STM32U5xx_HAL_Driver/Src/stm32u5xx_hal_rcc.c:1824:10:HAL_RCC_GetPCLK1Freq	8	static
../Drivers/STM32U5xx_HAL_Driver/Src/stm32u5xx_hal_rcc.c:1836:10:HAL_RCC_GetPCLK2Freq	8	static
../Drivers/STM32U5xx_HAL_Driver/Src/stm32u5xx_hal_rcc.c:1848:10:HAL_RCC_GetPCLK3Freq	8	static
../Drivers/STM32U5xx_HAL_Driver/Src/stm32u5xx_hal_rcc.c:1860:6:HAL_RCC_GetOscConfig	32	static
../Drivers/STM32U5xx_HAL_Driver/Src/stm32u5xx_hal_rcc.c:1961:6:HAL_RCC_GetClockConfig	16	static
../Drivers/STM32U5xx_HAL_Driver/Src/stm32u5xx_hal_rcc.c:1996:10:HAL_RCC_GetResetSource	16	static
../Drivers/STM32U5xx_HAL_Driver/Src/stm32u5xx_hal_rcc.c:2019:6:HAL_RCC_EnableCSS	4	static
../Drivers/STM32U5xx_HAL_Driver/Src/stm32u5xx_hal_rcc.c:2029:6:HAL_RCC_NMI_IRQHandler	8	static
../Drivers/STM32U5xx_HAL_Driver/Src/stm32u5xx_hal_rcc.c:2046:13:HAL_RCC_CSSCallback	4	static
../Drivers/STM32U5xx_HAL_Driver/Src/stm32u5xx_hal_rcc.c:2083:6:HAL_RCC_ConfigAttributes	16	static
../Drivers/STM32U5xx_HAL_Driver/Src/stm32u5xx_hal_rcc.c:2144:19:HAL_RCC_GetConfigAttributes	24	static
../Drivers/STM32U5xx_HAL_Driver/Src/stm32u5xx_hal_rcc.c:2197:26:RCC_SetFlashLatencyFromMSIRange	32	static
