../Core/Src/main.cpp:37:5:int main()	8	static
../Core/Src/main.cpp:68:17:void vApplicationIdleHook()	4	static,ignoring_inline_asm
../Core/Src/main.cpp:76:17:void vApplicationMallocFailedHook()	8	static
../Core/Src/main.cpp:85:6:void SystemClock_Config()	320	static
../Core/Src/main.cpp:146:13:void MX_DCACHE1_Init()	8	static
../Core/Src/main.cpp:173:13:void MX_ICACHE_Init()	8	static
../Core/Src/main.cpp:205:13:void MX_GPIO_Init()	24	static
../Core/Src/main.cpp:231:6:void HAL_TIM_PeriodElapsedCallback(TIM_HandleTypeDef*)	16	static
../Core/Src/main.cpp:248:6:void Error_Handler()	4	static,ignoring_inline_asm
